Archive member included to satisfy reference by file (symbol)

/usr/lib/gcc/arm-none-eabi/8.3.0/../../../../arm-none-eabi/lib/thumb/v7-m/nofp/libstdc++_nano.a(eh_throw.o)
                              CMakeFiles/stm32Cheap.elf.dir/Src/W5500Manager.cpp.obj (__cxa_throw)
/usr/lib/gcc/arm-none-eabi/8.3.0/../../../../arm-none-eabi/lib/thumb/v7-m/nofp/libstdc++_nano.a(eh_terminate.o)
                              /usr/lib/gcc/arm-none-eabi/8.3.0/../../../../arm-none-eabi/lib/thumb/v7-m/nofp/libstdc++_nano.a(eh_throw.o) (__cxxabiv1::__terminate(void (*)()))
/usr/lib/gcc/arm-none-eabi/8.3.0/../../../../arm-none-eabi/lib/thumb/v7-m/nofp/libstdc++_nano.a(pure.o)
                              CMakeFiles/stm32Cheap.elf.dir/Src/WOLManager.cpp.obj (__cxa_pure_virtual)
/usr/lib/gcc/arm-none-eabi/8.3.0/../../../../arm-none-eabi/lib/thumb/v7-m/nofp/libstdc++_nano.a(class_type_info.o)
                              CMakeFiles/stm32Cheap.elf.dir/Src/GPIOGuard.cpp.obj (vtable for __cxxabiv1::__class_type_info)
/usr/lib/gcc/arm-none-eabi/8.3.0/../../../../arm-none-eabi/lib/thumb/v7-m/nofp/libstdc++_nano.a(eh_globals.o)
                              /usr/lib/gcc/arm-none-eabi/8.3.0/../../../../arm-none-eabi/lib/thumb/v7-m/nofp/libstdc++_nano.a(eh_throw.o) (__cxa_get_globals)
/usr/lib/gcc/arm-none-eabi/8.3.0/../../../../arm-none-eabi/lib/thumb/v7-m/nofp/libstdc++_nano.a(eh_personality.o)
                              CMakeFiles/stm32Cheap.elf.dir/Src/GPIOGuard.cpp.obj (__gxx_personality_v0)
/usr/lib/gcc/arm-none-eabi/8.3.0/../../../../arm-none-eabi/lib/thumb/v7-m/nofp/libstdc++_nano.a(new_op.o)
                              CMakeFiles/stm32Cheap.elf.dir/Src/WOLManager.cpp.obj (operator new(unsigned int))
/usr/lib/gcc/arm-none-eabi/8.3.0/../../../../arm-none-eabi/lib/thumb/v7-m/nofp/libstdc++_nano.a(eh_arm.o)
                              CMakeFiles/stm32Cheap.elf.dir/Src/W5500Config.cpp.obj (__cxa_end_cleanup)
/usr/lib/gcc/arm-none-eabi/8.3.0/../../../../arm-none-eabi/lib/thumb/v7-m/nofp/libstdc++_nano.a(si_class_type_info.o)
                              CMakeFiles/stm32Cheap.elf.dir/Src/WOLManager.cpp.obj (vtable for __cxxabiv1::__si_class_type_info)
/usr/lib/gcc/arm-none-eabi/8.3.0/../../../../arm-none-eabi/lib/thumb/v7-m/nofp/libstdc++_nano.a(eh_alloc.o)
                              CMakeFiles/stm32Cheap.elf.dir/Src/W5500Manager.cpp.obj (__cxa_allocate_exception)
/usr/lib/gcc/arm-none-eabi/8.3.0/../../../../arm-none-eabi/lib/thumb/v7-m/nofp/libstdc++_nano.a(eh_call.o)
                              /usr/lib/gcc/arm-none-eabi/8.3.0/../../../../arm-none-eabi/lib/thumb/v7-m/nofp/libstdc++_nano.a(eh_personality.o) (__cxa_call_terminate)
/usr/lib/gcc/arm-none-eabi/8.3.0/../../../../arm-none-eabi/lib/thumb/v7-m/nofp/libstdc++_nano.a(eh_exception.o)
                              /usr/lib/gcc/arm-none-eabi/8.3.0/../../../../arm-none-eabi/lib/thumb/v7-m/nofp/libstdc++_nano.a(eh_arm.o) (typeinfo for __cxxabiv1::__forced_unwind)
/usr/lib/gcc/arm-none-eabi/8.3.0/../../../../arm-none-eabi/lib/thumb/v7-m/nofp/libstdc++_nano.a(tinfo.o)
                              /usr/lib/gcc/arm-none-eabi/8.3.0/../../../../arm-none-eabi/lib/thumb/v7-m/nofp/libstdc++_nano.a(class_type_info.o) (std::type_info::~type_info())
/usr/lib/gcc/arm-none-eabi/8.3.0/../../../../arm-none-eabi/lib/thumb/v7-m/nofp/libstdc++_nano.a(del_op.o)
                              CMakeFiles/stm32Cheap.elf.dir/Src/GPIOGuard.cpp.obj (operator delete(void*))
/usr/lib/gcc/arm-none-eabi/8.3.0/../../../../arm-none-eabi/lib/thumb/v7-m/nofp/libstdc++_nano.a(new_handler.o)
                              /usr/lib/gcc/arm-none-eabi/8.3.0/../../../../arm-none-eabi/lib/thumb/v7-m/nofp/libstdc++_nano.a(new_op.o) (std::get_new_handler())
/usr/lib/gcc/arm-none-eabi/8.3.0/../../../../arm-none-eabi/lib/thumb/v7-m/nofp/libstdc++_nano.a(eh_unex_handler.o)
                              /usr/lib/gcc/arm-none-eabi/8.3.0/../../../../arm-none-eabi/lib/thumb/v7-m/nofp/libstdc++_nano.a(eh_terminate.o) (__cxxabiv1::__unexpected_handler)
/usr/lib/gcc/arm-none-eabi/8.3.0/../../../../arm-none-eabi/lib/thumb/v7-m/nofp/libstdc++_nano.a(allocator-inst.o)
                              CMakeFiles/stm32Cheap.elf.dir/Src/W5500Config.cpp.obj (std::allocator<char>::allocator())
/usr/lib/gcc/arm-none-eabi/8.3.0/../../../../arm-none-eabi/lib/thumb/v7-m/nofp/libstdc++_nano.a(string-inst.o)
                              CMakeFiles/stm32Cheap.elf.dir/Src/W5500Config.cpp.obj (std::__cxx11::basic_string<char, std::char_traits<char>, std::allocator<char> >::basic_string())
/usr/lib/gcc/arm-none-eabi/8.3.0/../../../../arm-none-eabi/lib/thumb/v7-m/nofp/libstdc++_nano.a(functexcept.o)
                              CMakeFiles/stm32Cheap.elf.dir/Src/WOLManager.cpp.obj (std::__throw_bad_alloc())
/usr/lib/gcc/arm-none-eabi/8.3.0/../../../../arm-none-eabi/lib/thumb/v7-m/nofp/libstdc++_nano.a(snprintf_lite.o)
[...]
Memory Configuration

Name             Origin             Length             Attributes
RAM              0x0000000020000000 0x0000000000005000 xrw
FLASH            0x0000000008000000 0x0000000000010000 xr
*default*        0x0000000000000000 0xffffffffffffffff

Linker script and memory map

LOAD /usr/lib/gcc/arm-none-eabi/8.3.0/thumb/v7-m/nofp/crti.o
LOAD /usr/lib/gcc/arm-none-eabi/8.3.0/thumb/v7-m/nofp/crtbegin.o
LOAD /usr/lib/gcc/arm-none-eabi/8.3.0/../../../../arm-none-eabi/lib/thumb/v7-m/nofp/crt0.o
LOAD CMakeFiles/stm32Cheap.elf.dir/Drivers/STM32F1xx_HAL_Driver/Src/stm32f1xx_hal.c.obj
LOAD CMakeFiles/stm32Cheap.elf.dir/Drivers/STM32F1xx_HAL_Driver/Src/stm32f1xx_hal_cortex.c.obj
LOAD CMakeFiles/stm32Cheap.elf.dir/Drivers/STM32F1xx_HAL_Driver/Src/stm32f1xx_hal_dma.c.obj
LOAD CMakeFiles/stm32Cheap.elf.dir/Drivers/STM32F1xx_HAL_Driver/Src/stm32f1xx_hal_flash.c.obj
LOAD CMakeFiles/stm32Cheap.elf.dir/Drivers/STM32F1xx_HAL_Driver/Src/stm32f1xx_hal_flash_ex.c.obj
LOAD CMakeFiles/stm32Cheap.elf.dir/Drivers/STM32F1xx_HAL_Driver/Src/stm32f1xx_hal_gpio.c.obj
LOAD CMakeFiles/stm32Cheap.elf.dir/Drivers/STM32F1xx_HAL_Driver/Src/stm32f1xx_hal_gpio_ex.c.obj
LOAD CMakeFiles/stm32Cheap.elf.dir/Drivers/STM32F1xx_HAL_Driver/Src/stm32f1xx_hal_pwr.c.obj
LOAD CMakeFiles/stm32Cheap.elf.dir/Drivers/STM32F1xx_HAL_Driver/Src/stm32f1xx_hal_rcc.c.obj
LOAD CMakeFiles/stm32Cheap.elf.dir/Drivers/STM32F1xx_HAL_Driver/Src/stm32f1xx_hal_rcc_ex.c.obj
LOAD CMakeFiles/stm32Cheap.elf.dir/Drivers/STM32F1xx_HAL_Driver/Src/stm32f1xx_hal_spi.c.obj
LOAD CMakeFiles/stm32Cheap.elf.dir/Drivers/STM32F1xx_HAL_Driver/Src/stm32f1xx_hal_spi_ex.c.obj
LOAD CMakeFiles/stm32Cheap.elf.dir/Drivers/STM32F1xx_HAL_Driver/Src/stm32f1xx_hal_tim.c.obj
LOAD CMakeFiles/stm32Cheap.elf.dir/Drivers/STM32F1xx_HAL_Driver/Src/stm32f1xx_hal_tim_ex.c.obj
LOAD CMakeFiles/stm32Cheap.elf.dir/Src/GPIOGuard.cpp.obj
LOAD CMakeFiles/stm32Cheap.elf.dir/Src/W5500Config.cpp.obj
LOAD CMakeFiles/stm32Cheap.elf.dir/Src/W5500Manager.cpp.obj
LOAD CMakeFiles/stm32Cheap.elf.dir/Src/W5500Socket.cpp.obj
LOAD CMakeFiles/stm32Cheap.elf.dir/Src/WOLInterface.cpp.obj
LOAD CMakeFiles/stm32Cheap.elf.dir/Src/WOLManager.cpp.obj
LOAD CMakeFiles/stm32Cheap.elf.dir/Src/gpio.c.obj
LOAD CMakeFiles/stm32Cheap.elf.dir/Src/main.c.obj
LOAD CMakeFiles/stm32Cheap.elf.dir/Src/spi.c.obj
LOAD CMakeFiles/stm32Cheap.elf.dir/Src/stm32f1xx_hal_msp.c.obj
LOAD CMakeFiles/stm32Cheap.elf.dir/Src/stm32f1xx_it.c.obj
LOAD CMakeFiles/stm32Cheap.elf.dir/Src/syscalls.c.obj
LOAD CMakeFiles/stm32Cheap.elf.dir/Src/system_stm32f1xx.c.obj
LOAD CMakeFiles/stm32Cheap.elf.dir/Src/tim.c.obj
LOAD CMakeFiles/stm32Cheap.elf.dir/startup/startup_stm32f103xb.s.obj
LOAD /usr/lib/gcc/arm-none-eabi/8.3.0/../../../../arm-none-eabi/lib/thumb/v7-m/nofp/libstdc++_nano.a
LOAD /usr/lib/gcc/arm-none-eabi/8.3.0/../../../../arm-none-eabi/lib/thumb/v7-m/nofp/libm.a
START GROUP
LOAD /usr/lib/gcc/arm-none-eabi/8.3.0/thumb/v7-m/nofp/libgcc.a
LOAD /usr/lib/gcc/arm-none-eabi/8.3.0/../../../../arm-none-eabi/lib/thumb/v7-m/nofp/libg_nano.a
LOAD /usr/lib/gcc/arm-none-eabi/8.3.0/../../../../arm-none-eabi/lib/thumb/v7-m/nofp/libc_nano.a
END GROUP
START GROUP
LOAD /usr/lib/gcc/arm-none-eabi/8.3.0/thumb/v7-m/nofp/libgcc.a
LOAD /usr/lib/gcc/arm-none-eabi/8.3.0/../../../../arm-none-eabi/lib/thumb/v7-m/nofp/libc_nano.a
LOAD /usr/lib/gcc/arm-none-eabi/8.3.0/../../../../arm-none-eabi/lib/thumb/v7-m/nofp/libnosys.a
END GROUP
START GROUP
LOAD /usr/lib/gcc/arm-none-eabi/8.3.0/thumb/v7-m/nofp/libgcc.a
LOAD /usr/lib/gcc/arm-none-eabi/8.3.0/../../../../arm-none-eabi/lib/thumb/v7-m/nofp/libc_nano.a
LOAD /usr/lib/gcc/arm-none-eabi/8.3.0/../../../../arm-none-eabi/lib/thumb/v7-m/nofp/libnosys.a
END GROUP
LOAD /usr/lib/gcc/arm-none-eabi/8.3.0/thumb/v7-m/nofp/crtend.o
LOAD /usr/lib/gcc/arm-none-eabi/8.3.0/thumb/v7-m/nofp/crtn.o
                0x0000000020005000                _estack = 0x20005000
                0x0000000000000200                _Min_Heap_Size = 0x200
                0x0000000000000400                _Min_Stack_Size = 0x400

.isr_vector     0x0000000008000000      0x10c
                0x0000000008000000                . = ALIGN (0x4)
 *(.isr_vector)
 .isr_vector    0x0000000008000000      0x10c CMakeFiles/stm32Cheap.elf.dir/startup/startup_stm32f103xb.s.obj
                0x0000000008000000                g_pfnVectors
                0x000000000800010c                . = ALIGN (0x4)

.text           0x000000000800010c     0x725c
                0x000000000800010c                . = ALIGN (0x4)
 *(.text)
 .text          0x000000000800010c      0x1ac /usr/lib/gcc/arm-none-eabi/8.3.0/thumb/v7-m/nofp/libgcc.a(libunwind.o)
                0x000000000800010c                __restore_core_regs
                0x000000000800010c                restore_core_regs
                0x0000000008000124                __gnu_Unwind_Restore_VFP
                0x000000000800012c                __gnu_Unwind_Save_VFP
                0x0000000008000134                __gnu_Unwind_Restore_VFP_D
                0x000000000800013c                __gnu_Unwind_Save_VFP_D
                0x0000000008000144                __gnu_Unwind_Restore_VFP_D_16_to_31
                0x000000000800014c                __gnu_Unwind_Save_VFP_D_16_to_31
                0x0000000008000154                __gnu_Unwind_Restore_WMMXD
                0x0000000008000198                __gnu_Unwind_Save_WMMXD
                0x00000000080001dc                __gnu_Unwind_Restore_WMMXC
                0x00000000080001f0                __gnu_Unwind_Save_WMMXC
                0x0000000008000204                ___Unwind_RaiseException
                0x0000000008000204                _Unwind_RaiseException
                0x0000000008000228                ___Unwind_Resume
                0x0000000008000228                _Unwind_Resume
                0x000000000800024c                _Unwind_Resume_or_Rethrow
                0x000000000800024c                ___Unwind_Resume_or_Rethrow
                0x0000000008000270                ___Unwind_ForcedUnwind
                0x0000000008000270                _Unwind_ForcedUnwind
                0x0000000008000294                _Unwind_Backtrace
                0x0000000008000294                ___Unwind_Backtrace
 .text          0x00000000080002b8       0x14 /usr/lib/gcc/arm-none-eabi/8.3.0/../../../../arm-none-eabi/lib/thumb/v7-m/nofp/libg_nano.a(lib_a-strcmp.o)
                0x00000000080002b8                strcmp
 .text          0x00000000080002cc       0x10 /usr/lib/gcc/arm-none-eabi/8.3.0/../../../../arm-none-eabi/lib/thumb/v7-m/nofp/libg_nano.a(lib_a-strlen.o)
                0x00000000080002cc                strlen
 *(.text*)
 .text.__do_global_dtors_aux
                0x00000000080002dc       0x24 /usr/lib/gcc/arm-none-eabi/8.3.0/thumb/v7-m/nofp/crtbegin.o
 .text.frame_dummy
                0x0000000008000300       0x1c /usr/lib/gcc/arm-none-eabi/8.3.0/thumb/v7-m/nofp/crtbegin.o
 .text.HAL_Init
                0x000000000800031c       0x2c CMakeFiles/stm32Cheap.elf.dir/Drivers/STM32F1xx_HAL_Driver/Src/stm32f1xx_hal.c.obj
                0x000000000800031c                HAL_Init
 .text.HAL_InitTick
                0x0000000008000348       0x60 CMakeFiles/stm32Cheap.elf.dir/Drivers/STM32F1xx_HAL_Driver/Src/stm32f1xx_hal.c.obj
                0x0000000008000348                HAL_InitTick
 .text.HAL_IncTick
                0x00000000080003a8       0x24 CMakeFiles/stm32Cheap.elf.dir/Drivers/STM32F1xx_HAL_Driver/Src/stm32f1xx_hal.c.obj
                0x00000000080003a8                HAL_IncTick
 .text.HAL_GetTick
                0x00000000080003cc       0x14 CMakeFiles/stm32Cheap.elf.dir/Drivers/STM32F1xx_HAL_Driver/Src/stm32f1xx_hal.c.obj
                0x00000000080003cc                HAL_GetTick
 .text.HAL_Delay
                0x00000000080003e0       0x44 CMakeFiles/stm32Cheap.elf.dir/Drivers/STM32F1xx_HAL_Driver/Src/stm32f1xx_hal.c.obj
                0x00000000080003e0                HAL_Delay
 .text.NVIC_SetPriorityGrouping
                0x0000000008000424       0x48 CMakeFiles/stm32Cheap.elf.dir/Drivers/STM32F1xx_HAL_Driver/Src/stm32f1xx_hal_cortex.c.obj
 .text.NVIC_GetPriorityGrouping
                0x000000000800046c       0x1c CMakeFiles/stm32Cheap.elf.dir/Drivers/STM32F1xx_HAL_Driver/Src/stm32f1xx_hal_cortex.c.obj
 .text.NVIC_EnableIRQ
                0x0000000008000488       0x30 CMakeFiles/stm32Cheap.elf.dir/Drivers/STM32F1xx_HAL_Driver/Src/stm32f1xx_hal_cortex.c.obj
 .text.NVIC_SetPriority
                0x00000000080004b8       0x54 CMakeFiles/stm32Cheap.elf.dir/Drivers/STM32F1xx_HAL_Driver/Src/stm32f1xx_hal_cortex.c.obj
 .text.NVIC_EncodePriority
                0x000000000800050c       0x64 CMakeFiles/stm32Cheap.elf.dir/Drivers/STM32F1xx_HAL_Driver/Src/stm32f1xx_hal_cortex.c.obj
 .text.SysTick_Config
                0x0000000008000570       0x44 CMakeFiles/stm32Cheap.elf.dir/Drivers/STM32F1xx_HAL_Driver/Src/stm32f1xx_hal_cortex.c.obj
 .text.HAL_NVIC_SetPriorityGrouping
                0x00000000080005b4       0x16 CMakeFiles/stm32Cheap.elf.dir/Drivers/STM32F1xx_HAL_Driver/Src/stm32f1xx_hal_cortex.c.obj
                0x00000000080005b4                HAL_NVIC_SetPriorityGrouping
 .text.HAL_NVIC_SetPriority
                0x00000000080005ca       0x38 CMakeFiles/stm32Cheap.elf.dir/Drivers/STM32F1xx_HAL_Driver/Src/stm32f1xx_hal_cortex.c.obj
                0x00000000080005ca                HAL_NVIC_SetPriority
 .text.HAL_NVIC_EnableIRQ
                0x0000000008000602       0x1c CMakeFiles/stm32Cheap.elf.dir/Drivers/STM32F1xx_HAL_Driver/Src/stm32f1xx_hal_cortex.c.obj
                0x0000000008000602                HAL_NVIC_EnableIRQ
 .text.HAL_SYSTICK_Config
                0x000000000800061e       0x18 CMakeFiles/stm32Cheap.elf.dir/Drivers/STM32F1xx_HAL_Driver/Src/stm32f1xx_hal_cortex.c.obj
                0x000000000800061e                HAL_SYSTICK_Config
 *fill*         0x0000000008000636        0x2 
 .text.HAL_GPIO_Init
                0x0000000008000638      0x2bc CMakeFiles/stm32Cheap.elf.dir/Drivers/STM32F1xx_HAL_Driver/Src/stm32f1xx_hal_gpio.c.obj
                0x0000000008000638                HAL_GPIO_Init
 .text.HAL_GPIO_WritePin
                0x00000000080008f4       0x30 CMakeFiles/stm32Cheap.elf.dir/Drivers/STM32F1xx_HAL_Driver/Src/stm32f1xx_hal_gpio.c.obj
                0x00000000080008f4                HAL_GPIO_WritePin
 .text.HAL_GPIO_TogglePin
                0x0000000008000924       0x22 CMakeFiles/stm32Cheap.elf.dir/Drivers/STM32F1xx_HAL_Driver/Src/stm32f1xx_hal_gpio.c.obj
                0x0000000008000924                HAL_GPIO_TogglePin
 *fill*         0x0000000008000946        0x2 
 .text.HAL_RCC_OscConfig
                0x0000000008000948      0x4c8 CMakeFiles/stm32Cheap.elf.dir/Drivers/STM32F1xx_HAL_Driver/Src/stm32f1xx_hal_rcc.c.obj
                0x0000000008000948                HAL_RCC_OscConfig
 .text.HAL_RCC_ClockConfig
                0x0000000008000e10      0x218 CMakeFiles/stm32Cheap.elf.dir/Drivers/STM32F1xx_HAL_Driver/Src/stm32f1xx_hal_rcc.c.obj
                0x0000000008000e10                HAL_RCC_ClockConfig
 .text.HAL_RCC_GetSysClockFreq
                0x0000000008001028       0xc4 CMakeFiles/stm32Cheap.elf.dir/Drivers/STM32F1xx_HAL_Driver/Src/stm32f1xx_hal_rcc.c.obj
                0x0000000008001028                HAL_RCC_GetSysClockFreq
 .text.RCC_Delay
                0x00000000080010ec       0x3c CMakeFiles/stm32Cheap.elf.dir/Drivers/STM32F1xx_HAL_Driver/Src/stm32f1xx_hal_rcc.c.obj
 .text.HAL_SPI_Transmit
                0x0000000008001128      0x27a CMakeFiles/stm32Cheap.elf.dir/Drivers/STM32F1xx_HAL_Driver/Src/stm32f1xx_hal_spi.c.obj
                0x0000000008001128                HAL_SPI_Transmit
 .text.HAL_SPI_Receive
                0x00000000080013a2      0x220 CMakeFiles/stm32Cheap.elf.dir/Drivers/STM32F1xx_HAL_Driver/Src/stm32f1xx_hal_spi.c.obj
                0x00000000080013a2                HAL_SPI_Receive
 .text.HAL_SPI_TransmitReceive
                0x00000000080015c2      0x340 CMakeFiles/stm32Cheap.elf.dir/Drivers/STM32F1xx_HAL_Driver/Src/stm32f1xx_hal_spi.c.obj
                0x00000000080015c2                HAL_SPI_TransmitReceive
 .text.SPI_WaitFlagStateUntilTimeout
                0x0000000008001902       0xd2 CMakeFiles/stm32Cheap.elf.dir/Drivers/STM32F1xx_HAL_Driver/Src/stm32f1xx_hal_spi.c.obj
 .text.SPI_CheckFlag_BSY
                0x00000000080019d4       0x3c CMakeFiles/stm32Cheap.elf.dir/Drivers/STM32F1xx_HAL_Driver/Src/stm32f1xx_hal_spi.c.obj
 .text.HAL_SPI_Init
                0x0000000008001a10       0xca CMakeFiles/stm32Cheap.elf.dir/Drivers/STM32F1xx_HAL_Driver/Src/stm32f1xx_hal_spi_ex.c.obj
                0x0000000008001a10                HAL_SPI_Init
 .text.HAL_TIM_Base_Init
                0x0000000008001ada       0x56 CMakeFiles/stm32Cheap.elf.dir/Drivers/STM32F1xx_HAL_Driver/Src/stm32f1xx_hal_tim.c.obj
                0x0000000008001ada                HAL_TIM_Base_Init
 .text.HAL_TIM_IRQHandler
                0x0000000008001b30      0x210 CMakeFiles/stm32Cheap.elf.dir/Drivers/STM32F1xx_HAL_Driver/Src/stm32f1xx_hal_tim.c.obj
                0x0000000008001b30                HAL_TIM_IRQHandler
 .text.HAL_TIM_ConfigClockSource
                0x0000000008001d40      0x1b6 CMakeFiles/stm32Cheap.elf.dir/Drivers/STM32F1xx_HAL_Driver/Src/stm32f1xx_hal_tim.c.obj
                0x0000000008001d40                HAL_TIM_ConfigClockSource
 .text.HAL_TIM_PeriodElapsedCallback
                0x0000000008001ef6       0x12 CMakeFiles/stm32Cheap.elf.dir/Drivers/STM32F1xx_HAL_Driver/Src/stm32f1xx_hal_tim.c.obj
                0x0000000008001ef6                HAL_TIM_PeriodElapsedCallback
 .text.HAL_TIM_OC_DelayElapsedCallback
                0x0000000008001f08       0x12 CMakeFiles/stm32Cheap.elf.dir/Drivers/STM32F1xx_HAL_Driver/Src/stm32f1xx_hal_tim.c.obj
                0x0000000008001f08                HAL_TIM_OC_DelayElapsedCallback
 .text.HAL_TIM_IC_CaptureCallback
                0x0000000008001f1a       0x12 CMakeFiles/stm32Cheap.elf.dir/Drivers/STM32F1xx_HAL_Driver/Src/stm32f1xx_hal_tim.c.obj
                0x0000000008001f1a                HAL_TIM_IC_CaptureCallback
 .text.HAL_TIM_PWM_PulseFinishedCallback
                0x0000000008001f2c       0x12 CMakeFiles/stm32Cheap.elf.dir/Drivers/STM32F1xx_HAL_Driver/Src/stm32f1xx_hal_tim.c.obj
                0x0000000008001f2c                HAL_TIM_PWM_PulseFinishedCallback
 .text.HAL_TIM_TriggerCallback
                0x0000000008001f3e       0x12 CMakeFiles/stm32Cheap.elf.dir/Drivers/STM32F1xx_HAL_Driver/Src/stm32f1xx_hal_tim.c.obj
                0x0000000008001f3e                HAL_TIM_TriggerCallback
 .text.TIM_Base_SetConfig
                0x0000000008001f50       0xcc CMakeFiles/stm32Cheap.elf.dir/Drivers/STM32F1xx_HAL_Driver/Src/stm32f1xx_hal_tim.c.obj
                0x0000000008001f50                TIM_Base_SetConfig
 .text.TIM_TI1_ConfigInputStage
                0x000000000800201c       0x64 CMakeFiles/stm32Cheap.elf.dir/Drivers/STM32F1xx_HAL_Driver/Src/stm32f1xx_hal_tim.c.obj
 .text.TIM_TI2_ConfigInputStage
                0x0000000008002080       0x66 CMakeFiles/stm32Cheap.elf.dir/Drivers/STM32F1xx_HAL_Driver/Src/stm32f1xx_hal_tim.c.obj
 .text.TIM_ITRx_SetConfig
                0x00000000080020e6       0x3e CMakeFiles/stm32Cheap.elf.dir/Drivers/STM32F1xx_HAL_Driver/Src/stm32f1xx_hal_tim.c.obj
 .text.TIM_ETR_SetConfig
                0x0000000008002124       0x42 CMakeFiles/stm32Cheap.elf.dir/Drivers/STM32F1xx_HAL_Driver/Src/stm32f1xx_hal_tim.c.obj
 .text.HAL_TIMEx_MasterConfigSynchronization
                0x0000000008002166       0x88 CMakeFiles/stm32Cheap.elf.dir/Drivers/STM32F1xx_HAL_Driver/Src/stm32f1xx_hal_tim_ex.c.obj
                0x0000000008002166                HAL_TIMEx_MasterConfigSynchronization
 .text.HAL_TIMEx_CommutationCallback
                0x00000000080021ee       0x12 CMakeFiles/stm32Cheap.elf.dir/Drivers/STM32F1xx_HAL_Driver/Src/stm32f1xx_hal_tim_ex.c.obj
                0x00000000080021ee                HAL_TIMEx_CommutationCallback
 .text.HAL_TIMEx_BreakCallback
                0x0000000008002200       0x12 CMakeFiles/stm32Cheap.elf.dir/Drivers/STM32F1xx_HAL_Driver/Src/stm32f1xx_hal_tim_ex.c.obj
                0x0000000008002200                HAL_TIMEx_BreakCallback
 *fill*         0x0000000008002212        0x2 
 .text._ZN9GPIOGuardC2ERK9GPIOInfo_
                0x0000000008002214       0x3c CMakeFiles/stm32Cheap.elf.dir/Src/GPIOGuard.cpp.obj
                0x0000000008002214                GPIOGuard::GPIOGuard(GPIOInfo_ const&)
                0x0000000008002214                GPIOGuard::GPIOGuard(GPIOInfo_ const&)
 .text._ZN9GPIOGuardD2Ev
                0x0000000008002250       0x2c CMakeFiles/stm32Cheap.elf.dir/Src/GPIOGuard.cpp.obj
                0x0000000008002250                GPIOGuard::~GPIOGuard()
                0x0000000008002250                GPIOGuard::~GPIOGuard()
 .text._ZN9GPIOGuardD0Ev
                0x000000000800227c       0x1e CMakeFiles/stm32Cheap.elf.dir/Src/GPIOGuard.cpp.obj
                0x000000000800227c                GPIOGuard::~GPIOGuard()
 *fill*         0x000000000800229a        0x2 
 .text._ZN11W5500Config14loadMacAddressB5cxx11Ev
                0x000000000800229c       0x48 CMakeFiles/stm32Cheap.elf.dir/Src/W5500Config.cpp.obj
                0x000000000800229c                W5500Config::loadMacAddress[abi:cxx11]()
 .text._ZN6IpInfoC2Ev
                0x00000000080022e4       0x2e CMakeFiles/stm32Cheap.elf.dir/Src/W5500Config.cpp.obj
                0x00000000080022e4                IpInfo::IpInfo()
                0x00000000080022e4                IpInfo::IpInfo()
 .text._ZN6IpInfoD2Ev
                0x0000000008002312       0x2e CMakeFiles/stm32Cheap.elf.dir/Src/W5500Config.cpp.obj
                0x0000000008002312                IpInfo::~IpInfo()
                0x0000000008002312                IpInfo::~IpInfo()
 .text._ZN11W5500Config10loadIpInfoEv
                0x0000000008002340       0x54 CMakeFiles/stm32Cheap.elf.dir/Src/W5500Config.cpp.obj
                0x0000000008002340                W5500Config::loadIpInfo()
 .text._ZN11W5500Config8isManualEv
                0x0000000008002394       0x14 CMakeFiles/stm32Cheap.elf.dir/Src/W5500Config.cpp.obj
                0x0000000008002394                W5500Config::isManual()
 .text._ZNSt9exceptionC2Ev
                0x00000000080023a8       0x20 CMakeFiles/stm32Cheap.elf.dir/Src/W5500Manager.cpp.obj
                0x00000000080023a8                std::exception::exception()
                0x00000000080023a8                std::exception::exception()
 .text._ZNSt12bad_weak_ptrC2Ev
                0x00000000080023c8       0x24 CMakeFiles/stm32Cheap.elf.dir/Src/W5500Manager.cpp.obj
                0x00000000080023c8                std::bad_weak_ptr::bad_weak_ptr()
                0x00000000080023c8                std::bad_weak_ptr::bad_weak_ptr()
 .text._ZSt20__throw_bad_weak_ptrv
                0x00000000080023ec       0x2c CMakeFiles/stm32Cheap.elf.dir/Src/W5500Manager.cpp.obj
                0x00000000080023ec                std::__throw_bad_weak_ptr()
 .text._ZNSt16_Sp_counted_baseILN9__gnu_cxx12_Lock_policyE0EE15_M_add_ref_lockEv
                0x0000000008002418       0x26 CMakeFiles/stm32Cheap.elf.dir/Src/W5500Manager.cpp.obj
                0x0000000008002418                std::_Sp_counted_base<(__gnu_cxx::_Lock_policy)0>::_M_add_ref_lock()
 .text._ZNSt16_Sp_counted_baseILN9__gnu_cxx12_Lock_policyE0EE10_M_releaseEv
                0x000000000800243e       0x60 CMakeFiles/stm32Cheap.elf.dir/Src/W5500Manager.cpp.obj
                0x000000000800243e                std::_Sp_counted_base<(__gnu_cxx::_Lock_policy)0>::_M_release()
 .text._ZNSt16_Sp_counted_baseILN9__gnu_cxx12_Lock_policyE0EE15_M_weak_add_refEv
                0x000000000800249e       0x1c CMakeFiles/stm32Cheap.elf.dir/Src/W5500Manager.cpp.obj
                0x000000000800249e                std::_Sp_counted_base<(__gnu_cxx::_Lock_policy)0>::_M_weak_add_ref()
 .text._ZNSt16_Sp_counted_baseILN9__gnu_cxx12_Lock_policyE0EE15_M_weak_releaseEv
                0x00000000080024ba       0x38 CMakeFiles/stm32Cheap.elf.dir/Src/W5500Manager.cpp.obj
                0x00000000080024ba                std::_Sp_counted_base<(__gnu_cxx::_Lock_policy)0>::_M_weak_release()
 .text._ZNSt12_Base_bitsetILj1EEC2Ev
                0x00000000080024f2       0x1a CMakeFiles/stm32Cheap.elf.dir/Src/W5500Manager.cpp.obj
                0x00000000080024f2                std::_Base_bitset<1u>::_Base_bitset()
                0x00000000080024f2                std::_Base_bitset<1u>::_Base_bitset()
 .text._ZNSt12_Base_bitsetILj1EE11_S_whichbitEj
                0x000000000800250c       0x18 CMakeFiles/stm32Cheap.elf.dir/Src/W5500Manager.cpp.obj
                0x000000000800250c                std::_Base_bitset<1u>::_S_whichbit(unsigned int)
 .text._ZNSt12_Base_bitsetILj1EE10_S_maskbitEj
                0x0000000008002524       0x1c CMakeFiles/stm32Cheap.elf.dir/Src/W5500Manager.cpp.obj
                0x0000000008002524                std::_Base_bitset<1u>::_S_maskbit(unsigned int)
 .text._ZNSt12_Base_bitsetILj1EE10_M_getwordEj
                0x0000000008002540       0x16 CMakeFiles/stm32Cheap.elf.dir/Src/W5500Manager.cpp.obj
                0x0000000008002540                std::_Base_bitset<1u>::_M_getword(unsigned int)
 .text._ZN12W5500ManagerC2ERK15W5500DeviceInfoSt10unique_ptrI11W5500ConfigSt14default_deleteIS4_EE
                0x0000000008002556       0x50 CMakeFiles/stm32Cheap.elf.dir/Src/W5500Manager.cpp.obj
                0x0000000008002556                W5500Manager::W5500Manager(W5500DeviceInfo const&, std::unique_ptr<W5500Config, std::default_delete<W5500Config> >)
                0x0000000008002556                W5500Manager::W5500Manager(W5500DeviceInfo const&, std::unique_ptr<W5500Config, std::default_delete<W5500Config> >)
 .text._ZN12W5500Manager7reStartEv
                0x00000000080025a6       0xd6 CMakeFiles/stm32Cheap.elf.dir/Src/W5500Manager.cpp.obj
                0x00000000080025a6                W5500Manager::reStart()
 .text._ZN12W5500Manager13setMacAddressENSt7__cxx1112basic_stringIcSt11char_traitsIcESaIcEEE
                0x000000000800267c       0x6c CMakeFiles/stm32Cheap.elf.dir/Src/W5500Manager.cpp.obj
                0x000000000800267c                W5500Manager::setMacAddress(std::__cxx11::basic_string<char, std::char_traits<char>, std::allocator<char> >)
 .text._ZN12W5500Manager9setIpInfoERK6IpInfo
                0x00000000080026e8      0x120 CMakeFiles/stm32Cheap.elf.dir/Src/W5500Manager.cpp.obj
                0x00000000080026e8                W5500Manager::setIpInfo(IpInfo const&)
 .text._ZN12W5500Manager13setIpInfoAutoEv
                0x0000000008002808       0x12 CMakeFiles/stm32Cheap.elf.dir/Src/W5500Manager.cpp.obj
                0x0000000008002808                W5500Manager::setIpInfoAuto()
 .text._ZN12W5500Manager16WriteSPIRegisterEtPhihm
                0x000000000800281a       0xea CMakeFiles/stm32Cheap.elf.dir/Src/W5500Manager.cpp.obj
                0x000000000800281a                W5500Manager::WriteSPIRegister(unsigned short, unsigned char*, int, unsigned char, unsigned long)
 .text._ZN12W5500Manager15ReadSPIRegisterEtPhjhm
                0x0000000008002904       0xcc CMakeFiles/stm32Cheap.elf.dir/Src/W5500Manager.cpp.obj
                0x0000000008002904                W5500Manager::ReadSPIRegister(unsigned short, unsigned char*, unsigned int, unsigned char, unsigned long)
 .text._ZN10SocketInfoC2Ev
                0x00000000080029d0       0x1a CMakeFiles/stm32Cheap.elf.dir/Src/W5500Manager.cpp.obj
                0x00000000080029d0                SocketInfo::SocketInfo()
                0x00000000080029d0                SocketInfo::SocketInfo()
 .text._ZN10SocketInfoD2Ev
                0x00000000080029ea       0x1a CMakeFiles/stm32Cheap.elf.dir/Src/W5500Manager.cpp.obj
                0x00000000080029ea                SocketInfo::~SocketInfo()
                0x00000000080029ea                SocketInfo::~SocketInfo()
 .text._ZNSt12__shared_ptrI12W5500ManagerLN9__gnu_cxx12_Lock_policyE0EED2Ev
                0x0000000008002a04       0x1c CMakeFiles/stm32Cheap.elf.dir/Src/W5500Manager.cpp.obj
                0x0000000008002a04                std::__shared_ptr<W5500Manager, (__gnu_cxx::_Lock_policy)0>::~__shared_ptr()
                0x0000000008002a04                std::__shared_ptr<W5500Manager, (__gnu_cxx::_Lock_policy)0>::~__shared_ptr()
 .text._ZNSt10shared_ptrI12W5500ManagerED2Ev
                0x0000000008002a20       0x1a CMakeFiles/stm32Cheap.elf.dir/Src/W5500Manager.cpp.obj
                0x0000000008002a20                std::shared_ptr<W5500Manager>::~shared_ptr()
                0x0000000008002a20                std::shared_ptr<W5500Manager>::~shared_ptr()
 .text._ZNSt10__weak_ptrI12W5500ManagerLN9__gnu_cxx12_Lock_policyE0EED2Ev
                0x0000000008002a3a       0x1c CMakeFiles/stm32Cheap.elf.dir/Src/W5500Manager.cpp.obj
                0x0000000008002a3a                std::__weak_ptr<W5500Manager, (__gnu_cxx::_Lock_policy)0>::~__weak_ptr()
                0x0000000008002a3a                std::__weak_ptr<W5500Manager, (__gnu_cxx::_Lock_policy)0>::~__weak_ptr()
 .text._ZNSt8weak_ptrI12W5500ManagerED2Ev
                0x0000000008002a56       0x1a CMakeFiles/stm32Cheap.elf.dir/Src/W5500Manager.cpp.obj
                0x0000000008002a56                std::weak_ptr<W5500Manager>::~weak_ptr()
                0x0000000008002a56                std::weak_ptr<W5500Manager>::~weak_ptr()
 .text._ZN10SocketInfoC2ERKS_
                0x0000000008002a70       0x38 CMakeFiles/stm32Cheap.elf.dir/Src/W5500Manager.cpp.obj
                0x0000000008002a70                SocketInfo::SocketInfo(SocketInfo const&)
                0x0000000008002a70                SocketInfo::SocketInfo(SocketInfo const&)
 .text._ZN12W5500Manager9newSocketENSt7__cxx1112basic_stringIcSt11char_traitsIcESaIcEEEt10SocketType
                0x0000000008002aa8      0x17e CMakeFiles/stm32Cheap.elf.dir/Src/W5500Manager.cpp.obj
                0x0000000008002aa8                W5500Manager::newSocket(std::__cxx11::basic_string<char, std::char_traits<char>, std::allocator<char> >, unsigned short, SocketType)
 .text._ZN12W5500Manager13releaseSocketEi
                0x0000000008002c26       0x3a CMakeFiles/stm32Cheap.elf.dir/Src/W5500Manager.cpp.obj
                0x0000000008002c26                W5500Manager::releaseSocket(int)
 .text._ZNSt6bitsetILj8EEC2Ev
                0x0000000008002c60       0x1a CMakeFiles/stm32Cheap.elf.dir/Src/W5500Manager.cpp.obj
                0x0000000008002c60                std::bitset<8u>::bitset()
                0x0000000008002c60                std::bitset<8u>::bitset()
 .text._ZSt4moveIRSt10unique_ptrI11W5500ConfigSt14default_deleteIS1_EEEONSt16remove_referenceIT_E4typeEOS7_
                0x0000000008002c7a       0x14 CMakeFiles/stm32Cheap.elf.dir/Src/W5500Manager.cpp.obj
                0x0000000008002c7a                std::remove_reference<std::unique_ptr<W5500Config, std::default_delete<W5500Config> >&>::type&& std::move<std::unique_ptr<W5500Config, std::default_delete<W5500Config> >&>(std::unique_ptr<W5500Config, std::default_delete<W5500Config> >&)
 .text._ZNSt8weak_ptrI12W5500ManagerEC2Ev
                0x0000000008002c8e       0x1a CMakeFiles/stm32Cheap.elf.dir/Src/W5500Manager.cpp.obj
                0x0000000008002c8e                std::weak_ptr<W5500Manager>::weak_ptr()
                0x0000000008002c8e                std::weak_ptr<W5500Manager>::weak_ptr()
 .text._ZNSt23enable_shared_from_thisI12W5500ManagerEC2Ev
                0x0000000008002ca8       0x1a CMakeFiles/stm32Cheap.elf.dir/Src/W5500Manager.cpp.obj
                0x0000000008002ca8                std::enable_shared_from_this<W5500Manager>::enable_shared_from_this()
                0x0000000008002ca8                std::enable_shared_from_this<W5500Manager>::enable_shared_from_this()
 .text._ZNSt10unique_ptrI11W5500ConfigSt14default_deleteIS0_EEC2EOS3_
                0x0000000008002cc2       0x38 CMakeFiles/stm32Cheap.elf.dir/Src/W5500Manager.cpp.obj
                0x0000000008002cc2                std::unique_ptr<W5500Config, std::default_delete<W5500Config> >::unique_ptr(std::unique_ptr<W5500Config, std::default_delete<W5500Config> >&&)
                0x0000000008002cc2                std::unique_ptr<W5500Config, std::default_delete<W5500Config> >::unique_ptr(std::unique_ptr<W5500Config, std::default_delete<W5500Config> >&&)
 .text._ZNKSt10unique_ptrI11W5500ConfigSt14default_deleteIS0_EEptEv
                0x0000000008002cfa       0x18 CMakeFiles/stm32Cheap.elf.dir/Src/W5500Manager.cpp.obj
                0x0000000008002cfa                std::unique_ptr<W5500Config, std::default_delete<W5500Config> >::operator->() const
 .text._ZSt4moveIRNSt7__cxx1112basic_stringIcSt11char_traitsIcESaIcEEEEONSt16remove_referenceIT_E4typeEOS8_
                0x0000000008002d12       0x14 CMakeFiles/stm32Cheap.elf.dir/Src/W5500Manager.cpp.obj
                0x0000000008002d12                std::remove_reference<std::__cxx11::basic_string<char, std::char_traits<char>, std::allocator<char> >&>::type&& std::move<std::__cxx11::basic_string<char, std::char_traits<char>, std::allocator<char> >&>(std::__cxx11::basic_string<char, std::char_traits<char>, std::allocator<char> >&)
 .text._ZNSt6bitsetILj8EEixEj
                0x0000000008002d26       0x1e CMakeFiles/stm32Cheap.elf.dir/Src/W5500Manager.cpp.obj
                0x0000000008002d26                std::bitset<8u>::operator[](unsigned int)
 .text._ZNSt6bitsetILj8EE9referenceD2Ev
                0x0000000008002d44       0x14 CMakeFiles/stm32Cheap.elf.dir/Src/W5500Manager.cpp.obj
                0x0000000008002d44                std::bitset<8u>::reference::~reference()
                0x0000000008002d44                std::bitset<8u>::reference::~reference()
 .text._ZNKSt6bitsetILj8EE9referencecvbEv
                0x0000000008002d58       0x2e CMakeFiles/stm32Cheap.elf.dir/Src/W5500Manager.cpp.obj
                0x0000000008002d58                std::bitset<8u>::reference::operator bool() const
 .text._ZNSt6bitsetILj8EE9referenceaSEb
                0x0000000008002d86       0x54 CMakeFiles/stm32Cheap.elf.dir/Src/W5500Manager.cpp.obj
                0x0000000008002d86                std::bitset<8u>::reference::operator=(bool)
 .text._ZNSt23enable_shared_from_thisI12W5500ManagerE16shared_from_thisEv
                0x0000000008002dda       0x1c CMakeFiles/stm32Cheap.elf.dir/Src/W5500Manager.cpp.obj
                0x0000000008002dda                std::enable_shared_from_this<W5500Manager>::shared_from_this()
 .text._ZNSt14__shared_countILN9__gnu_cxx12_Lock_policyE0EED2Ev
                0x0000000008002df6       0x24 CMakeFiles/stm32Cheap.elf.dir/Src/W5500Manager.cpp.obj
                0x0000000008002df6                std::__shared_count<(__gnu_cxx::_Lock_policy)0>::~__shared_count()
                0x0000000008002df6                std::__shared_count<(__gnu_cxx::_Lock_policy)0>::~__shared_count()
 .text._ZNSt8weak_ptrI12W5500ManagerEC2IS0_vEERKSt10shared_ptrIT_E
                0x0000000008002e1a       0x20 CMakeFiles/stm32Cheap.elf.dir/Src/W5500Manager.cpp.obj
                0x0000000008002e1a                std::weak_ptr<W5500Manager>::weak_ptr<W5500Manager, void>(std::shared_ptr<W5500Manager> const&)
                0x0000000008002e1a                std::weak_ptr<W5500Manager>::weak_ptr<W5500Manager, void>(std::shared_ptr<W5500Manager> const&)
 .text._ZNSt12__weak_countILN9__gnu_cxx12_Lock_policyE0EED2Ev
                0x0000000008002e3a       0x24 CMakeFiles/stm32Cheap.elf.dir/Src/W5500Manager.cpp.obj
                0x0000000008002e3a                std::__weak_count<(__gnu_cxx::_Lock_policy)0>::~__weak_count()
                0x0000000008002e3a                std::__weak_count<(__gnu_cxx::_Lock_policy)0>::~__weak_count()
 .text._ZNSt10__weak_ptrI12W5500ManagerLN9__gnu_cxx12_Lock_policyE0EEC2Ev
                0x0000000008002e5e       0x22 CMakeFiles/stm32Cheap.elf.dir/Src/W5500Manager.cpp.obj
                0x0000000008002e5e                std::__weak_ptr<W5500Manager, (__gnu_cxx::_Lock_policy)0>::__weak_ptr()
                0x0000000008002e5e                std::__weak_ptr<W5500Manager, (__gnu_cxx::_Lock_policy)0>::__weak_ptr()
 .text._ZNSt10unique_ptrI11W5500ConfigSt14default_deleteIS0_EE7releaseEv
                0x0000000008002e80       0x28 CMakeFiles/stm32Cheap.elf.dir/Src/W5500Manager.cpp.obj
                0x0000000008002e80                std::unique_ptr<W5500Config, std::default_delete<W5500Config> >::release()
 .text._ZNSt10unique_ptrI11W5500ConfigSt14default_deleteIS0_EE11get_deleterEv
                0x0000000008002ea8       0x1a CMakeFiles/stm32Cheap.elf.dir/Src/W5500Manager.cpp.obj
                0x0000000008002ea8                std::unique_ptr<W5500Config, std::default_delete<W5500Config> >::get_deleter()
 .text._ZSt7forwardISt14default_deleteI11W5500ConfigEEOT_RNSt16remove_referenceIS3_E4typeE
                0x0000000008002ec2       0x14 CMakeFiles/stm32Cheap.elf.dir/Src/W5500Manager.cpp.obj
                0x0000000008002ec2                std::default_delete<W5500Config>&& std::forward<std::default_delete<W5500Config> >(std::remove_reference<std::default_delete<W5500Config> >::type&)
 .text._ZNSt15__uniq_ptr_implI11W5500ConfigSt14default_deleteIS0_EEC2IS2_EEPS0_OT_
                0x0000000008002ed6       0x2c CMakeFiles/stm32Cheap.elf.dir/Src/W5500Manager.cpp.obj
                0x0000000008002ed6                std::__uniq_ptr_impl<W5500Config, std::default_delete<W5500Config> >::__uniq_ptr_impl<std::default_delete<W5500Config> >(W5500Config*, std::default_delete<W5500Config>&&)
                0x0000000008002ed6                std::__uniq_ptr_impl<W5500Config, std::default_delete<W5500Config> >::__uniq_ptr_impl<std::default_delete<W5500Config> >(W5500Config*, std::default_delete<W5500Config>&&)
 .text._ZNSt15__uniq_ptr_implI11W5500ConfigSt14default_deleteIS0_EE6_M_ptrEv
                0x0000000008002f02       0x1a CMakeFiles/stm32Cheap.elf.dir/Src/W5500Manager.cpp.obj
                0x0000000008002f02                std::__uniq_ptr_impl<W5500Config, std::default_delete<W5500Config> >::_M_ptr()
 .text._ZNKSt10unique_ptrI11W5500ConfigSt14default_deleteIS0_EE3getEv
                0x0000000008002f1c       0x1a CMakeFiles/stm32Cheap.elf.dir/Src/W5500Manager.cpp.obj
                0x0000000008002f1c                std::unique_ptr<W5500Config, std::default_delete<W5500Config> >::get() const
 .text._ZNSt6bitsetILj8EE9referenceC2ERS0_j
                0x0000000008002f36       0x32 CMakeFiles/stm32Cheap.elf.dir/Src/W5500Manager.cpp.obj
                0x0000000008002f36                std::bitset<8u>::reference::reference(std::bitset<8u>&, unsigned int)
                0x0000000008002f36                std::bitset<8u>::reference::reference(std::bitset<8u>&, unsigned int)
 .text._ZNSt10shared_ptrI12W5500ManagerEC2IS0_vEERKSt8weak_ptrIT_E
                0x0000000008002f68       0x20 CMakeFiles/stm32Cheap.elf.dir/Src/W5500Manager.cpp.obj
                0x0000000008002f68                std::shared_ptr<W5500Manager>::shared_ptr<W5500Manager, void>(std::weak_ptr<W5500Manager> const&)
                0x0000000008002f68                std::shared_ptr<W5500Manager>::shared_ptr<W5500Manager, void>(std::weak_ptr<W5500Manager> const&)
 .text._ZNSt10__weak_ptrI12W5500ManagerLN9__gnu_cxx12_Lock_policyE0EEC2IS0_vEERKSt12__shared_ptrIT_LS2_0EE
                0x0000000008002f88       0x2c CMakeFiles/stm32Cheap.elf.dir/Src/W5500Manager.cpp.obj
                0x0000000008002f88                std::__weak_ptr<W5500Manager, (__gnu_cxx::_Lock_policy)0>::__weak_ptr<W5500Manager, void>(std::__shared_ptr<W5500Manager, (__gnu_cxx::_Lock_policy)0> const&)
                0x0000000008002f88                std::__weak_ptr<W5500Manager, (__gnu_cxx::_Lock_policy)0>::__weak_ptr<W5500Manager, void>(std::__shared_ptr<W5500Manager, (__gnu_cxx::_Lock_policy)0> const&)
 .text._ZNSt12__weak_countILN9__gnu_cxx12_Lock_policyE0EEC2Ev
                0x0000000008002fb4       0x1a CMakeFiles/stm32Cheap.elf.dir/Src/W5500Manager.cpp.obj
                0x0000000008002fb4                std::__weak_count<(__gnu_cxx::_Lock_policy)0>::__weak_count()
                0x0000000008002fb4                std::__weak_count<(__gnu_cxx::_Lock_policy)0>::__weak_count()
 .text._ZNSt15__uniq_ptr_implI11W5500ConfigSt14default_deleteIS0_EE10_M_deleterEv
                0x0000000008002fce       0x1a CMakeFiles/stm32Cheap.elf.dir/Src/W5500Manager.cpp.obj
                0x0000000008002fce                std::__uniq_ptr_impl<W5500Config, std::default_delete<W5500Config> >::_M_deleter()
 .text._ZNSt5tupleIJP11W5500ConfigSt14default_deleteIS0_EEEC2IRS1_S3_Lb1EEEOT_OT0_
                0x0000000008002fe8       0x32 CMakeFiles/stm32Cheap.elf.dir/Src/W5500Manager.cpp.obj
                0x0000000008002fe8                std::tuple<W5500Config*, std::default_delete<W5500Config> >::tuple<W5500Config*&, std::default_delete<W5500Config>, true>(W5500Config*&, std::default_delete<W5500Config>&&)
                0x0000000008002fe8                std::tuple<W5500Config*, std::default_delete<W5500Config> >::tuple<W5500Config*&, std::default_delete<W5500Config>, true>(W5500Config*&, std::default_delete<W5500Config>&&)
 .text._ZSt3getILj0EJP11W5500ConfigSt14default_deleteIS0_EEERNSt13tuple_elementIXT_ESt5tupleIJDpT0_EEE4typeERS8_
                0x000000000800301a       0x1a CMakeFiles/stm32Cheap.elf.dir/Src/W5500Manager.cpp.obj
                0x000000000800301a                std::tuple_element<0u, std::tuple<W5500Config*, std::default_delete<W5500Config> > >::type& std::get<0u, W5500Config*, std::default_delete<W5500Config> >(std::tuple<W5500Config*, std::default_delete<W5500Config> >&)
 .text._ZNKSt15__uniq_ptr_implI11W5500ConfigSt14default_deleteIS0_EE6_M_ptrEv
                0x0000000008003034       0x1c CMakeFiles/stm32Cheap.elf.dir/Src/W5500Manager.cpp.obj
                0x0000000008003034                std::__uniq_ptr_impl<W5500Config, std::default_delete<W5500Config> >::_M_ptr() const
 .text._ZNSt12__shared_ptrI12W5500ManagerLN9__gnu_cxx12_Lock_policyE0EEC2IS0_vEERKSt10__weak_ptrIT_LS2_0EE
                0x0000000008003050       0x2c CMakeFiles/stm32Cheap.elf.dir/Src/W5500Manager.cpp.obj
                0x0000000008003050                std::__shared_ptr<W5500Manager, (__gnu_cxx::_Lock_policy)0>::__shared_ptr<W5500Manager, void>(std::__weak_ptr<W5500Manager, (__gnu_cxx::_Lock_policy)0> const&)
                0x0000000008003050                std::__shared_ptr<W5500Manager, (__gnu_cxx::_Lock_policy)0>::__shared_ptr<W5500Manager, void>(std::__weak_ptr<W5500Manager, (__gnu_cxx::_Lock_policy)0> const&)
 .text._ZNSt12__weak_countILN9__gnu_cxx12_Lock_policyE0EEC2ERKSt14__shared_countILS1_0EE
                0x000000000800307c       0x2e CMakeFiles/stm32Cheap.elf.dir/Src/W5500Manager.cpp.obj
                0x000000000800307c                std::__weak_count<(__gnu_cxx::_Lock_policy)0>::__weak_count(std::__shared_count<(__gnu_cxx::_Lock_policy)0> const&)
                0x000000000800307c                std::__weak_count<(__gnu_cxx::_Lock_policy)0>::__weak_count(std::__shared_count<(__gnu_cxx::_Lock_policy)0> const&)
 .text._ZSt3getILj1EJP11W5500ConfigSt14default_deleteIS0_EEERNSt13tuple_elementIXT_ESt5tupleIJDpT0_EEE4typeERS8_
                0x00000000080030aa       0x18 CMakeFiles/stm32Cheap.elf.dir/Src/W5500Manager.cpp.obj
                0x00000000080030aa                std::tuple_element<1u, std::tuple<W5500Config*, std::default_delete<W5500Config> > >::type& std::get<1u, W5500Config*, std::default_delete<W5500Config> >(std::tuple<W5500Config*, std::default_delete<W5500Config> >&)
 .text._ZSt7forwardIRP11W5500ConfigEOT_RNSt16remove_referenceIS3_E4typeE
                0x00000000080030c2       0x14 CMakeFiles/stm32Cheap.elf.dir/Src/W5500Manager.cpp.obj
                0x00000000080030c2                W5500Config*& std::forward<W5500Config*&>(std::remove_reference<W5500Config*&>::type&)
 .text._ZNSt11_Tuple_implILj0EJP11W5500ConfigSt14default_deleteIS0_EEEC2IRS1_JS3_EvEEOT_DpOT0_
                0x00000000080030d6       0x38 CMakeFiles/stm32Cheap.elf.dir/Src/W5500Manager.cpp.obj
                0x00000000080030d6                std::_Tuple_impl<0u, W5500Config*, std::default_delete<W5500Config> >::_Tuple_impl<W5500Config*&, std::default_delete<W5500Config>, void>(W5500Config*&, std::default_delete<W5500Config>&&)
                0x00000000080030d6                std::_Tuple_impl<0u, W5500Config*, std::default_delete<W5500Config> >::_Tuple_impl<W5500Config*&, std::default_delete<W5500Config>, void>(W5500Config*&, std::default_delete<W5500Config>&&)
 .text._ZSt12__get_helperILj0EP11W5500ConfigJSt14default_deleteIS0_EEERT0_RSt11_Tuple_implIXT_EJS4_DpT1_EE
                0x000000000800310e       0x18 CMakeFiles/stm32Cheap.elf.dir/Src/W5500Manager.cpp.obj
                0x000000000800310e                W5500Config*& std::__get_helper<0u, W5500Config*, std::default_delete<W5500Config> >(std::_Tuple_impl<0u, W5500Config*, std::default_delete<W5500Config> >&)
 .text._ZSt3getILj0EJP11W5500ConfigSt14default_deleteIS0_EEERKNSt13tuple_elementIXT_ESt5tupleIJDpT0_EEE4typeERKS8_
                0x0000000008003126       0x1a CMakeFiles/stm32Cheap.elf.dir/Src/W5500Manager.cpp.obj
                0x0000000008003126                std::tuple_element<0u, std::tuple<W5500Config*, std::default_delete<W5500Config> > >::type const& std::get<0u, W5500Config*, std::default_delete<W5500Config> >(std::tuple<W5500Config*, std::default_delete<W5500Config> > const&)
 .text._ZNSt14__shared_countILN9__gnu_cxx12_Lock_policyE0EEC2ERKSt12__weak_countILS1_0EE
                0x0000000008003140       0x34 CMakeFiles/stm32Cheap.elf.dir/Src/W5500Manager.cpp.obj
                0x0000000008003140                std::__shared_count<(__gnu_cxx::_Lock_policy)0>::__shared_count(std::__weak_count<(__gnu_cxx::_Lock_policy)0> const&)
                0x0000000008003140                std::__shared_count<(__gnu_cxx::_Lock_policy)0>::__shared_count(std::__weak_count<(__gnu_cxx::_Lock_policy)0> const&)
 .text._ZSt12__get_helperILj1ESt14default_deleteI11W5500ConfigEJEERT0_RSt11_Tuple_implIXT_EJS3_DpT1_EE
                0x0000000008003174       0x18 CMakeFiles/stm32Cheap.elf.dir/Src/W5500Manager.cpp.obj
                0x0000000008003174                std::default_delete<W5500Config>& std::__get_helper<1u, std::default_delete<W5500Config>>(std::_Tuple_impl<1u, std::default_delete<W5500Config>>&)
 .text._ZNSt11_Tuple_implILj1EJSt14default_deleteI11W5500ConfigEEEC2IS2_EEOT_
                0x000000000800318c       0x24 CMakeFiles/stm32Cheap.elf.dir/Src/W5500Manager.cpp.obj
                0x000000000800318c                std::_Tuple_impl<1u, std::default_delete<W5500Config> >::_Tuple_impl<std::default_delete<W5500Config> >(std::default_delete<W5500Config>&&)
                0x000000000800318c                std::_Tuple_impl<1u, std::default_delete<W5500Config> >::_Tuple_impl<std::default_delete<W5500Config> >(std::default_delete<W5500Config>&&)
 .text._ZNSt10_Head_baseILj0EP11W5500ConfigLb0EEC2IRS1_EEOT_
                0x00000000080031b0       0x22 CMakeFiles/stm32Cheap.elf.dir/Src/W5500Manager.cpp.obj
                0x00000000080031b0                std::_Head_base<0u, W5500Config*, false>::_Head_base<W5500Config*&>(W5500Config*&)
                0x00000000080031b0                std::_Head_base<0u, W5500Config*, false>::_Head_base<W5500Config*&>(W5500Config*&)
 .text._ZNSt11_Tuple_implILj0EJP11W5500ConfigSt14default_deleteIS0_EEE7_M_headERS4_
                0x00000000080031d2       0x1a CMakeFiles/stm32Cheap.elf.dir/Src/W5500Manager.cpp.obj
                0x00000000080031d2                std::_Tuple_impl<0u, W5500Config*, std::default_delete<W5500Config> >::_M_head(std::_Tuple_impl<0u, W5500Config*, std::default_delete<W5500Config> >&)
 .text._ZSt12__get_helperILj0EP11W5500ConfigJSt14default_deleteIS0_EEERKT0_RKSt11_Tuple_implIXT_EJS4_DpT1_EE
                0x00000000080031ec       0x18 CMakeFiles/stm32Cheap.elf.dir/Src/W5500Manager.cpp.obj
                0x00000000080031ec                W5500Config* const& std::__get_helper<0u, W5500Config*, std::default_delete<W5500Config> >(std::_Tuple_impl<0u, W5500Config*, std::default_delete<W5500Config> > const&)
 .text._ZNSt11_Tuple_implILj1EJSt14default_deleteI11W5500ConfigEEE7_M_headERS3_
                0x0000000008003204       0x18 CMakeFiles/stm32Cheap.elf.dir/Src/W5500Manager.cpp.obj
                0x0000000008003204                std::_Tuple_impl<1u, std::default_delete<W5500Config> >::_M_head(std::_Tuple_impl<1u, std::default_delete<W5500Config> >&)
 .text._ZNSt10_Head_baseILj1ESt14default_deleteI11W5500ConfigELb1EEC2IS2_EEOT_
                0x000000000800321c       0x1a CMakeFiles/stm32Cheap.elf.dir/Src/W5500Manager.cpp.obj
                0x000000000800321c                std::_Head_base<1u, std::default_delete<W5500Config>, true>::_Head_base<std::default_delete<W5500Config> >(std::default_delete<W5500Config>&&)
                0x000000000800321c                std::_Head_base<1u, std::default_delete<W5500Config>, true>::_Head_base<std::default_delete<W5500Config> >(std::default_delete<W5500Config>&&)
 .text._ZNSt10_Head_baseILj0EP11W5500ConfigLb0EE7_M_headERS2_
                0x0000000008003236       0x14 CMakeFiles/stm32Cheap.elf.dir/Src/W5500Manager.cpp.obj
                0x0000000008003236                std::_Head_base<0u, W5500Config*, false>::_M_head(std::_Head_base<0u, W5500Config*, false>&)
 .text._ZNSt11_Tuple_implILj0EJP11W5500ConfigSt14default_deleteIS0_EEE7_M_headERKS4_
                0x000000000800324a       0x1a CMakeFiles/stm32Cheap.elf.dir/Src/W5500Manager.cpp.obj
                0x000000000800324a                std::_Tuple_impl<0u, W5500Config*, std::default_delete<W5500Config> >::_M_head(std::_Tuple_impl<0u, W5500Config*, std::default_delete<W5500Config> > const&)
 .text._ZNSt10_Head_baseILj1ESt14default_deleteI11W5500ConfigELb1EE7_M_headERS3_
                0x0000000008003264       0x14 CMakeFiles/stm32Cheap.elf.dir/Src/W5500Manager.cpp.obj
                0x0000000008003264                std::_Head_base<1u, std::default_delete<W5500Config>, true>::_M_head(std::_Head_base<1u, std::default_delete<W5500Config>, true>&)
 .text._ZNSt10_Head_baseILj0EP11W5500ConfigLb0EE7_M_headERKS2_
                0x0000000008003278       0x14 CMakeFiles/stm32Cheap.elf.dir/Src/W5500Manager.cpp.obj
                0x0000000008003278                std::_Head_base<0u, W5500Config*, false>::_M_head(std::_Head_base<0u, W5500Config*, false> const&)
 .text._ZNSt16_Sp_counted_baseILN9__gnu_cxx12_Lock_policyE0EE23_M_add_ref_lock_nothrowEv
                0x000000000800328c       0x2a CMakeFiles/stm32Cheap.elf.dir/Src/W5500Socket.cpp.obj
                0x000000000800328c                std::_Sp_counted_base<(__gnu_cxx::_Lock_policy)0>::_M_add_ref_lock_nothrow()
 .text._ZNKSt16_Sp_counted_baseILN9__gnu_cxx12_Lock_policyE0EE16_M_get_use_countEv
                0x00000000080032b6       0x16 CMakeFiles/stm32Cheap.elf.dir/Src/W5500Socket.cpp.obj
                0x00000000080032b6                std::_Sp_counted_base<(__gnu_cxx::_Lock_policy)0>::_M_get_use_count() const
 .text._ZNSt10__weak_ptrI12W5500ManagerLN9__gnu_cxx12_Lock_policyE0EEC2ERKS3_
                0x00000000080032cc       0x2c CMakeFiles/stm32Cheap.elf.dir/Src/W5500Socket.cpp.obj
                0x00000000080032cc                std::__weak_ptr<W5500Manager, (__gnu_cxx::_Lock_policy)0>::__weak_ptr(std::__weak_ptr<W5500Manager, (__gnu_cxx::_Lock_policy)0> const&)
                0x00000000080032cc                std::__weak_ptr<W5500Manager, (__gnu_cxx::_Lock_policy)0>::__weak_ptr(std::__weak_ptr<W5500Manager, (__gnu_cxx::_Lock_policy)0> const&)
 .text._ZNSt8weak_ptrI12W5500ManagerEC2ERKS1_
                0x00000000080032f8       0x20 CMakeFiles/stm32Cheap.elf.dir/Src/W5500Socket.cpp.obj
                0x00000000080032f8                std::weak_ptr<W5500Manager>::weak_ptr(std::weak_ptr<W5500Manager> const&)
                0x00000000080032f8                std::weak_ptr<W5500Manager>::weak_ptr(std::weak_ptr<W5500Manager> const&)
 .text._ZN10SocketInfoC2EOS_
                0x0000000008003318       0x38 CMakeFiles/stm32Cheap.elf.dir/Src/W5500Socket.cpp.obj
                0x0000000008003318                SocketInfo::SocketInfo(SocketInfo&&)
                0x0000000008003318                SocketInfo::SocketInfo(SocketInfo&&)
 .text._ZN11W5500SocketC2ERKSt8weak_ptrI12W5500ManagerE10SocketInfo
                0x0000000008003350      0x1bc CMakeFiles/stm32Cheap.elf.dir/Src/W5500Socket.cpp.obj
                0x0000000008003350                W5500Socket::W5500Socket(std::weak_ptr<W5500Manager> const&, SocketInfo)
                0x0000000008003350                W5500Socket::W5500Socket(std::weak_ptr<W5500Manager> const&, SocketInfo)
 .text._ZN11W5500SocketD2Ev
                0x000000000800350c       0x74 CMakeFiles/stm32Cheap.elf.dir/Src/W5500Socket.cpp.obj
                0x000000000800350c                W5500Socket::~W5500Socket()
                0x000000000800350c                W5500Socket::~W5500Socket()
 .text._ZN11W5500SocketD0Ev
                0x0000000008003580       0x1e CMakeFiles/stm32Cheap.elf.dir/Src/W5500Socket.cpp.obj
                0x0000000008003580                W5500Socket::~W5500Socket()
 *fill*         0x000000000800359e        0x2 
 .text._ZN11W5500Socket8getStateEv
                0x00000000080035a0       0x34 CMakeFiles/stm32Cheap.elf.dir/Src/W5500Socket.cpp.obj
                0x00000000080035a0                W5500Socket::getState()
 .text._ZN11W5500Socket4SendENSt7__cxx1112basic_stringIcSt11char_traitsIcESaIcEEE
                0x00000000080035d4       0x14 CMakeFiles/stm32Cheap.elf.dir/Src/W5500Socket.cpp.obj
                0x00000000080035d4                W5500Socket::Send(std::__cxx11::basic_string<char, std::char_traits<char>, std::allocator<char> >)
 .text._ZSt4moveIR10SocketInfoEONSt16remove_referenceIT_E4typeEOS3_
                0x00000000080035e8       0x14 CMakeFiles/stm32Cheap.elf.dir/Src/W5500Socket.cpp.obj
                0x00000000080035e8                std::remove_reference<SocketInfo&>::type&& std::move<SocketInfo&>(SocketInfo&)
 .text._ZNSt12__weak_countILN9__gnu_cxx12_Lock_policyE0EEC2ERKS2_
                0x00000000080035fc       0x2e CMakeFiles/stm32Cheap.elf.dir/Src/W5500Socket.cpp.obj
                0x00000000080035fc                std::__weak_count<(__gnu_cxx::_Lock_policy)0>::__weak_count(std::__weak_count<(__gnu_cxx::_Lock_policy)0> const&)
                0x00000000080035fc                std::__weak_count<(__gnu_cxx::_Lock_policy)0>::__weak_count(std::__weak_count<(__gnu_cxx::_Lock_policy)0> const&)
 .text._ZNKSt8weak_ptrI12W5500ManagerE4lockEv
                0x000000000800362a       0x1c CMakeFiles/stm32Cheap.elf.dir/Src/W5500Socket.cpp.obj
                0x000000000800362a                std::weak_ptr<W5500Manager>::lock() const
 .text._ZNKSt12__shared_ptrI12W5500ManagerLN9__gnu_cxx12_Lock_policyE0EEcvbEv
                0x0000000008003646       0x20 CMakeFiles/stm32Cheap.elf.dir/Src/W5500Socket.cpp.obj
                0x0000000008003646                std::__shared_ptr<W5500Manager, (__gnu_cxx::_Lock_policy)0>::operator bool() const
 .text._ZNKSt19__shared_ptr_accessI12W5500ManagerLN9__gnu_cxx12_Lock_policyE0ELb0ELb0EEptEv
                0x0000000008003666       0x18 CMakeFiles/stm32Cheap.elf.dir/Src/W5500Socket.cpp.obj
                0x0000000008003666                std::__shared_ptr_access<W5500Manager, (__gnu_cxx::_Lock_policy)0, false, false>::operator->() const
 .text._ZNSt10shared_ptrI12W5500ManagerEC2ERKSt8weak_ptrIS0_ESt9nothrow_t
                0x000000000800367e       0x22 CMakeFiles/stm32Cheap.elf.dir/Src/W5500Socket.cpp.obj
                0x000000000800367e                std::shared_ptr<W5500Manager>::shared_ptr(std::weak_ptr<W5500Manager> const&, std::nothrow_t)
                0x000000000800367e                std::shared_ptr<W5500Manager>::shared_ptr(std::weak_ptr<W5500Manager> const&, std::nothrow_t)
 .text._ZNKSt19__shared_ptr_accessI12W5500ManagerLN9__gnu_cxx12_Lock_policyE0ELb0ELb0EE6_M_getEv
                0x00000000080036a0       0x18 CMakeFiles/stm32Cheap.elf.dir/Src/W5500Socket.cpp.obj
                0x00000000080036a0                std::__shared_ptr_access<W5500Manager, (__gnu_cxx::_Lock_policy)0, false, false>::_M_get() const
 .text._ZNSt12__shared_ptrI12W5500ManagerLN9__gnu_cxx12_Lock_policyE0EEC2ERKSt10__weak_ptrIS0_LS2_0EESt9nothrow_t
                0x00000000080036b8       0x42 CMakeFiles/stm32Cheap.elf.dir/Src/W5500Socket.cpp.obj
                0x00000000080036b8                std::__shared_ptr<W5500Manager, (__gnu_cxx::_Lock_policy)0>::__shared_ptr(std::__weak_ptr<W5500Manager, (__gnu_cxx::_Lock_policy)0> const&, std::nothrow_t)
                0x00000000080036b8                std::__shared_ptr<W5500Manager, (__gnu_cxx::_Lock_policy)0>::__shared_ptr(std::__weak_ptr<W5500Manager, (__gnu_cxx::_Lock_policy)0> const&, std::nothrow_t)
 .text._ZNKSt12__shared_ptrI12W5500ManagerLN9__gnu_cxx12_Lock_policyE0EE3getEv
                0x00000000080036fa       0x16 CMakeFiles/stm32Cheap.elf.dir/Src/W5500Socket.cpp.obj
                0x00000000080036fa                std::__shared_ptr<W5500Manager, (__gnu_cxx::_Lock_policy)0>::get() const
 .text._ZNSt14__shared_countILN9__gnu_cxx12_Lock_policyE0EEC2ERKSt12__weak_countILS1_0EESt9nothrow_t
                0x0000000008003710       0x42 CMakeFiles/stm32Cheap.elf.dir/Src/W5500Socket.cpp.obj
                0x0000000008003710                std::__shared_count<(__gnu_cxx::_Lock_policy)0>::__shared_count(std::__weak_count<(__gnu_cxx::_Lock_policy)0> const&, std::nothrow_t)
                0x0000000008003710                std::__shared_count<(__gnu_cxx::_Lock_policy)0>::__shared_count(std::__weak_count<(__gnu_cxx::_Lock_policy)0> const&, std::nothrow_t)
 .text._ZNKSt14__shared_countILN9__gnu_cxx12_Lock_policyE0EE16_M_get_use_countEv
                0x0000000008003752       0x28 CMakeFiles/stm32Cheap.elf.dir/Src/W5500Socket.cpp.obj
                0x0000000008003752                std::__shared_count<(__gnu_cxx::_Lock_policy)0>::_M_get_use_count() const
 .text._ZN10WOLManagerD2Ev
                0x000000000800377a       0x1c CMakeFiles/stm32Cheap.elf.dir/Src/WOLInterface.cpp.obj
                0x000000000800377a                WOLManager::~WOLManager()
                0x000000000800377a                WOLManager::~WOLManager()
 *fill*         0x0000000008003796        0x2 
 .text.RunCode  0x0000000008003798       0x88 CMakeFiles/stm32Cheap.elf.dir/Src/WOLInterface.cpp.obj
                0x0000000008003798                RunCode
 .text._ZnwjPv  0x0000000008003820       0x16 CMakeFiles/stm32Cheap.elf.dir/Src/WOLManager.cpp.obj
                0x0000000008003820                operator new(unsigned int, void*)
 .text._ZdlPvS_
                0x0000000008003836       0x14 CMakeFiles/stm32Cheap.elf.dir/Src/WOLManager.cpp.obj
                0x0000000008003836                operator delete(void*, void*)
 *fill*         0x000000000800384a        0x2 
 .text._ZNSt19_Sp_make_shared_tag5_S_tiEv
                0x000000000800384c       0x14 CMakeFiles/stm32Cheap.elf.dir/Src/WOLManager.cpp.obj
                0x000000000800384c                std::_Sp_make_shared_tag::_S_ti()
 .text._ZN10WOLManagerC2ERK15W5500DeviceInfoRK13LEDDeviceInfo
                0x0000000008003860       0x8a CMakeFiles/stm32Cheap.elf.dir/Src/WOLManager.cpp.obj
                0x0000000008003860                WOLManager::WOLManager(W5500DeviceInfo const&, LEDDeviceInfo const&)
                0x0000000008003860                WOLManager::WOLManager(W5500DeviceInfo const&, LEDDeviceInfo const&)
 .text._ZN10WOLManager4TestEi
                0x00000000080038ea       0x2a CMakeFiles/stm32Cheap.elf.dir/Src/WOLManager.cpp.obj
                0x00000000080038ea                WOLManager::Test(int)
 .text._ZN10WOLManager3RunEv
                0x0000000008003914      0x130 CMakeFiles/stm32Cheap.elf.dir/Src/WOLManager.cpp.obj
                0x0000000008003914                WOLManager::Run()
 .text._ZNSt16_Sp_counted_baseILN9__gnu_cxx12_Lock_policyE0EE10_M_destroyEv
                0x0000000008003a44       0x22 CMakeFiles/stm32Cheap.elf.dir/Src/WOLManager.cpp.obj
                0x0000000008003a44                std::_Sp_counted_base<(__gnu_cxx::_Lock_policy)0>::_M_destroy()
 .text._ZNSt10unique_ptrI11W5500ConfigSt14default_deleteIS0_EEC2IS2_vEEPS0_
                0x0000000008003a66       0x1e CMakeFiles/stm32Cheap.elf.dir/Src/WOLManager.cpp.obj
                0x0000000008003a66                std::unique_ptr<W5500Config, std::default_delete<W5500Config> >::unique_ptr<std::default_delete<W5500Config>, void>(W5500Config*)
                0x0000000008003a66                std::unique_ptr<W5500Config, std::default_delete<W5500Config> >::unique_ptr<std::default_delete<W5500Config>, void>(W5500Config*)
 .text._ZNSt10unique_ptrI11W5500ConfigSt14default_deleteIS0_EED2Ev
                0x0000000008003a84       0x3e CMakeFiles/stm32Cheap.elf.dir/Src/WOLManager.cpp.obj
                0x0000000008003a84                std::unique_ptr<W5500Config, std::default_delete<W5500Config> >::~unique_ptr()
                0x0000000008003a84                std::unique_ptr<W5500Config, std::default_delete<W5500Config> >::~unique_ptr()
 .text._ZSt11make_sharedI12W5500ManagerJRK15W5500DeviceInfoSt10unique_ptrI11W5500ConfigSt14default_deleteIS5_EEEESt10shared_ptrIT_EDpOT0_
                0x0000000008003ac2       0x56 CMakeFiles/stm32Cheap.elf.dir/Src/WOLManager.cpp.obj
                0x0000000008003ac2                std::shared_ptr<W5500Manager> std::make_shared<W5500Manager, W5500DeviceInfo const&, std::unique_ptr<W5500Config, std::default_delete<W5500Config> > >(W5500DeviceInfo const&, std::unique_ptr<W5500Config, std::default_delete<W5500Config> >&&)
 .text._ZNSt16_Sp_counted_baseILN9__gnu_cxx12_Lock_policyE0EED2Ev
                0x0000000008003b18       0x20 CMakeFiles/stm32Cheap.elf.dir/Src/WOLManager.cpp.obj
                0x0000000008003b18                std::_Sp_counted_base<(__gnu_cxx::_Lock_policy)0>::~_Sp_counted_base()
                0x0000000008003b18                std::_Sp_counted_base<(__gnu_cxx::_Lock_policy)0>::~_Sp_counted_base()
 .text._ZNSt16_Sp_counted_baseILN9__gnu_cxx12_Lock_policyE0EED0Ev
                0x0000000008003b38       0x1e CMakeFiles/stm32Cheap.elf.dir/Src/WOLManager.cpp.obj
                0x0000000008003b38                std::_Sp_counted_base<(__gnu_cxx::_Lock_policy)0>::~_Sp_counted_base()
 .text._ZNSt15__uniq_ptr_implI11W5500ConfigSt14default_deleteIS0_EEC2EPS0_
                0x0000000008003b56       0x28 CMakeFiles/stm32Cheap.elf.dir/Src/WOLManager.cpp.obj
                0x0000000008003b56                std::__uniq_ptr_impl<W5500Config, std::default_delete<W5500Config> >::__uniq_ptr_impl(W5500Config*)
                0x0000000008003b56                std::__uniq_ptr_impl<W5500Config, std::default_delete<W5500Config> >::__uniq_ptr_impl(W5500Config*)
 .text._ZNKSt14default_deleteI11W5500ConfigEclEPS0_
                0x0000000008003b7e       0x18 CMakeFiles/stm32Cheap.elf.dir/Src/WOLManager.cpp.obj
                0x0000000008003b7e                std::default_delete<W5500Config>::operator()(W5500Config*) const
 .text._ZNSaI12W5500ManagerEC2Ev
                0x0000000008003b96       0x18 CMakeFiles/stm32Cheap.elf.dir/Src/WOLManager.cpp.obj
                0x0000000008003b96                std::allocator<W5500Manager>::allocator()
                0x0000000008003b96                std::allocator<W5500Manager>::allocator()
 .text._ZNSaI12W5500ManagerED2Ev
                0x0000000008003bae       0x18 CMakeFiles/stm32Cheap.elf.dir/Src/WOLManager.cpp.obj
                0x0000000008003bae                std::allocator<W5500Manager>::~allocator()
                0x0000000008003bae                std::allocator<W5500Manager>::~allocator()
 .text._ZSt7forwardIRK15W5500DeviceInfoEOT_RNSt16remove_referenceIS3_E4typeE
                0x0000000008003bc6       0x14 CMakeFiles/stm32Cheap.elf.dir/Src/WOLManager.cpp.obj
                0x0000000008003bc6                W5500DeviceInfo const& std::forward<W5500DeviceInfo const&>(std::remove_reference<W5500DeviceInfo const&>::type&)
 .text._ZSt7forwardISt10unique_ptrI11W5500ConfigSt14default_deleteIS1_EEEOT_RNSt16remove_referenceIS5_E4typeE
                0x0000000008003bda       0x14 CMakeFiles/stm32Cheap.elf.dir/Src/WOLManager.cpp.obj
                0x0000000008003bda                std::unique_ptr<W5500Config, std::default_delete<W5500Config> >&& std::forward<std::unique_ptr<W5500Config, std::default_delete<W5500Config> > >(std::remove_reference<std::unique_ptr<W5500Config, std::default_delete<W5500Config> > >::type&)
 .text._ZSt15allocate_sharedI12W5500ManagerSaIS0_EJRK15W5500DeviceInfoSt10unique_ptrI11W5500ConfigSt14default_deleteIS6_EEEESt10shared_ptrIT_ERKT0_DpOT1_
                0x0000000008003bee       0x32 CMakeFiles/stm32Cheap.elf.dir/Src/WOLManager.cpp.obj
                0x0000000008003bee                std::shared_ptr<W5500Manager> std::allocate_shared<W5500Manager, std::allocator<W5500Manager>, W5500DeviceInfo const&, std::unique_ptr<W5500Config, std::default_delete<W5500Config> > >(std::allocator<W5500Manager> const&, W5500DeviceInfo const&, std::unique_ptr<W5500Config, std::default_delete<W5500Config> >&&)
 .text._ZNSt5tupleIJP11W5500ConfigSt14default_deleteIS0_EEEC2IS1_S3_Lb1EEEv
                0x0000000008003c20       0x1a CMakeFiles/stm32Cheap.elf.dir/Src/WOLManager.cpp.obj
                0x0000000008003c20                std::tuple<W5500Config*, std::default_delete<W5500Config> >::tuple<W5500Config*, std::default_delete<W5500Config>, true>()
                0x0000000008003c20                std::tuple<W5500Config*, std::default_delete<W5500Config> >::tuple<W5500Config*, std::default_delete<W5500Config>, true>()
 .text._ZN9__gnu_cxx13new_allocatorI12W5500ManagerEC2Ev
                0x0000000008003c3a       0x14 CMakeFiles/stm32Cheap.elf.dir/Src/WOLManager.cpp.obj
                0x0000000008003c3a                __gnu_cxx::new_allocator<W5500Manager>::new_allocator()
                0x0000000008003c3a                __gnu_cxx::new_allocator<W5500Manager>::new_allocator()
 .text._ZN9__gnu_cxx13new_allocatorI12W5500ManagerED2Ev
                0x0000000008003c4e       0x14 CMakeFiles/stm32Cheap.elf.dir/Src/WOLManager.cpp.obj
                0x0000000008003c4e                __gnu_cxx::new_allocator<W5500Manager>::~new_allocator()
                0x0000000008003c4e                __gnu_cxx::new_allocator<W5500Manager>::~new_allocator()
 .text._ZNSt10shared_ptrI12W5500ManagerEC2ISaIS0_EJRK15W5500DeviceInfoSt10unique_ptrI11W5500ConfigSt14default_deleteIS8_EEEEESt20_Sp_alloc_shared_tagIT_EDpOT0_
                0x0000000008003c62       0x34 CMakeFiles/stm32Cheap.elf.dir/Src/WOLManager.cpp.obj
                0x0000000008003c62                std::shared_ptr<W5500Manager>::shared_ptr<std::allocator<W5500Manager>, W5500DeviceInfo const&, std::unique_ptr<W5500Config, std::default_delete<W5500Config> > >(std::_Sp_alloc_shared_tag<std::allocator<W5500Manager> >, W5500DeviceInfo const&, std::unique_ptr<W5500Config, std::default_delete<W5500Config> >&&)
                0x0000000008003c62                std::shared_ptr<W5500Manager>::shared_ptr<std::allocator<W5500Manager>, W5500DeviceInfo const&, std::unique_ptr<W5500Config, std::default_delete<W5500Config> > >(std::_Sp_alloc_shared_tag<std::allocator<W5500Manager> >, W5500DeviceInfo const&, std::unique_ptr<W5500Config, std::default_delete<W5500Config> >&&)
 .text._ZNSt11_Tuple_implILj0EJP11W5500ConfigSt14default_deleteIS0_EEEC2Ev
                0x0000000008003c96       0x20 CMakeFiles/stm32Cheap.elf.dir/Src/WOLManager.cpp.obj
                0x0000000008003c96                std::_Tuple_impl<0u, W5500Config*, std::default_delete<W5500Config> >::_Tuple_impl()
                0x0000000008003c96                std::_Tuple_impl<0u, W5500Config*, std::default_delete<W5500Config> >::_Tuple_impl()
 .text._ZNSt12__shared_ptrI12W5500ManagerLN9__gnu_cxx12_Lock_policyE0EEC2ISaIS0_EJRK15W5500DeviceInfoSt10unique_ptrI11W5500ConfigSt14default_deleteISA_EEEEESt20_Sp_alloc_shared_tagIT_EDpOT0_
                0x0000000008003cb6       0x4e CMakeFiles/stm32Cheap.elf.dir/Src/WOLManager.cpp.obj
                0x0000000008003cb6                std::__shared_ptr<W5500Manager, (__gnu_cxx::_Lock_policy)0>::__shared_ptr<std::allocator<W5500Manager>, W5500DeviceInfo const&, std::unique_ptr<W5500Config, std::default_delete<W5500Config> > >(std::_Sp_alloc_shared_tag<std::allocator<W5500Manager> >, W5500DeviceInfo const&, std::unique_ptr<W5500Config, std::default_delete<W5500Config> >&&)
                0x0000000008003cb6                std::__shared_ptr<W5500Manager, (__gnu_cxx::_Lock_policy)0>::__shared_ptr<std::allocator<W5500Manager>, W5500DeviceInfo const&, std::unique_ptr<W5500Config, std::default_delete<W5500Config> > >(std::_Sp_alloc_shared_tag<std::allocator<W5500Manager> >, W5500DeviceInfo const&, std::unique_ptr<W5500Config, std::default_delete<W5500Config> >&&)
 .text._ZNSt11_Tuple_implILj1EJSt14default_deleteI11W5500ConfigEEEC2Ev
                0x0000000008003d04       0x18 CMakeFiles/stm32Cheap.elf.dir/Src/WOLManager.cpp.obj
                0x0000000008003d04                std::_Tuple_impl<1u, std::default_delete<W5500Config> >::_Tuple_impl()
                0x0000000008003d04                std::_Tuple_impl<1u, std::default_delete<W5500Config> >::_Tuple_impl()
 .text._ZNSt10_Head_baseILj0EP11W5500ConfigLb0EEC2Ev
                0x0000000008003d1c       0x1a CMakeFiles/stm32Cheap.elf.dir/Src/WOLManager.cpp.obj
                0x0000000008003d1c                std::_Head_base<0u, W5500Config*, false>::_Head_base()
                0x0000000008003d1c                std::_Head_base<0u, W5500Config*, false>::_Head_base()
 .text._ZNSt14__shared_countILN9__gnu_cxx12_Lock_policyE0EEC2I12W5500ManagerSaIS4_EJRK15W5500DeviceInfoSt10unique_ptrI11W5500ConfigSt14default_deleteISA_EEEEERPT_St20_Sp_alloc_shared_tagIT0_EDpOT1_
                0x0000000008003d36       0xec CMakeFiles/stm32Cheap.elf.dir/Src/WOLManager.cpp.obj
                0x0000000008003d36                std::__shared_count<(__gnu_cxx::_Lock_policy)0>::__shared_count<W5500Manager, std::allocator<W5500Manager>, W5500DeviceInfo const&, std::unique_ptr<W5500Config, std::default_delete<W5500Config> > >(W5500Manager*&, std::_Sp_alloc_shared_tag<std::allocator<W5500Manager> >, W5500DeviceInfo const&, std::unique_ptr<W5500Config, std::default_delete<W5500Config> >&&)
                0x0000000008003d36                std::__shared_count<(__gnu_cxx::_Lock_policy)0>::__shared_count<W5500Manager, std::allocator<W5500Manager>, W5500DeviceInfo const&, std::unique_ptr<W5500Config, std::default_delete<W5500Config> > >(W5500Manager*&, std::_Sp_alloc_shared_tag<std::allocator<W5500Manager> >, W5500DeviceInfo const&, std::unique_ptr<W5500Config, std::default_delete<W5500Config> >&&)
 .text._ZNSt12__shared_ptrI12W5500ManagerLN9__gnu_cxx12_Lock_policyE0EE31_M_enable_shared_from_this_withIS0_S0_EENSt9enable_ifIXsrNS3_15__has_esft_baseIT0_vEE5valueEvE4typeEPT_
                0x0000000008003e22       0x34 CMakeFiles/stm32Cheap.elf.dir/Src/WOLManager.cpp.obj
                0x0000000008003e22                std::enable_if<std::__shared_ptr<W5500Manager, (__gnu_cxx::_Lock_policy)0>::__has_esft_base<W5500Manager, void>::value, void>::type std::__shared_ptr<W5500Manager, (__gnu_cxx::_Lock_policy)0>::_M_enable_shared_from_this_with<W5500Manager, W5500Manager>(W5500Manager*)
 .text._ZNSt10_Head_baseILj1ESt14default_deleteI11W5500ConfigELb1EEC2Ev
                0x0000000008003e56       0x14 CMakeFiles/stm32Cheap.elf.dir/Src/WOLManager.cpp.obj
                0x0000000008003e56                std::_Head_base<1u, std::default_delete<W5500Config>, true>::_Head_base()
                0x0000000008003e56                std::_Head_base<1u, std::default_delete<W5500Config>, true>::_Head_base()
 .text._ZNSaISt23_Sp_counted_ptr_inplaceI12W5500ManagerSaIS0_ELN9__gnu_cxx12_Lock_policyE0EEEC2IS0_EERKSaIT_E
                0x0000000008003e6a       0x1a CMakeFiles/stm32Cheap.elf.dir/Src/WOLManager.cpp.obj
                0x0000000008003e6a                std::allocator<std::_Sp_counted_ptr_inplace<W5500Manager, std::allocator<W5500Manager>, (__gnu_cxx::_Lock_policy)0> >::allocator<W5500Manager>(std::allocator<W5500Manager> const&)
                0x0000000008003e6a                std::allocator<std::_Sp_counted_ptr_inplace<W5500Manager, std::allocator<W5500Manager>, (__gnu_cxx::_Lock_policy)0> >::allocator<W5500Manager>(std::allocator<W5500Manager> const&)
 .text._ZNSaISt23_Sp_counted_ptr_inplaceI12W5500ManagerSaIS0_ELN9__gnu_cxx12_Lock_policyE0EEED2Ev
                0x0000000008003e84       0x18 CMakeFiles/stm32Cheap.elf.dir/Src/WOLManager.cpp.obj
                0x0000000008003e84                std::allocator<std::_Sp_counted_ptr_inplace<W5500Manager, std::allocator<W5500Manager>, (__gnu_cxx::_Lock_policy)0> >::~allocator()
                0x0000000008003e84                std::allocator<std::_Sp_counted_ptr_inplace<W5500Manager, std::allocator<W5500Manager>, (__gnu_cxx::_Lock_policy)0> >::~allocator()
 .text._ZSt18__allocate_guardedISaISt23_Sp_counted_ptr_inplaceI12W5500ManagerSaIS1_ELN9__gnu_cxx12_Lock_policyE0EEEESt15__allocated_ptrIT_ERS8_
                0x0000000008003e9c       0x26 CMakeFiles/stm32Cheap.elf.dir/Src/WOLManager.cpp.obj
                0x0000000008003e9c                std::__allocated_ptr<std::allocator<std::_Sp_counted_ptr_inplace<W5500Manager, std::allocator<W5500Manager>, (__gnu_cxx::_Lock_policy)0> > > std::__allocate_guarded<std::allocator<std::_Sp_counted_ptr_inplace<W5500Manager, std::allocator<W5500Manager>, (__gnu_cxx::_Lock_policy)0> > >(std::allocator<std::_Sp_counted_ptr_inplace<W5500Manager, std::allocator<W5500Manager>, (__gnu_cxx::_Lock_policy)0> >&)
 .text._ZNSt15__allocated_ptrISaISt23_Sp_counted_ptr_inplaceI12W5500ManagerSaIS1_ELN9__gnu_cxx12_Lock_policyE0EEEED2Ev
                0x0000000008003ec2       0x2a CMakeFiles/stm32Cheap.elf.dir/Src/WOLManager.cpp.obj
                0x0000000008003ec2                std::__allocated_ptr<std::allocator<std::_Sp_counted_ptr_inplace<W5500Manager, std::allocator<W5500Manager>, (__gnu_cxx::_Lock_policy)0> > >::~__allocated_ptr()
                0x0000000008003ec2                std::__allocated_ptr<std::allocator<std::_Sp_counted_ptr_inplace<W5500Manager, std::allocator<W5500Manager>, (__gnu_cxx::_Lock_policy)0> > >::~__allocated_ptr()
 .text._ZNSt15__allocated_ptrISaISt23_Sp_counted_ptr_inplaceI12W5500ManagerSaIS1_ELN9__gnu_cxx12_Lock_policyE0EEEE3getEv
                0x0000000008003eec       0x1c CMakeFiles/stm32Cheap.elf.dir/Src/WOLManager.cpp.obj
                0x0000000008003eec                std::__allocated_ptr<std::allocator<std::_Sp_counted_ptr_inplace<W5500Manager, std::allocator<W5500Manager>, (__gnu_cxx::_Lock_policy)0> > >::get()
 .text._ZNSaI12W5500ManagerEC2ERKS0_
                0x0000000008003f08       0x1c CMakeFiles/stm32Cheap.elf.dir/Src/WOLManager.cpp.obj
                0x0000000008003f08                std::allocator<W5500Manager>::allocator(std::allocator<W5500Manager> const&)
                0x0000000008003f08                std::allocator<W5500Manager>::allocator(std::allocator<W5500Manager> const&)
 .text._ZNSt14_Sp_ebo_helperILi0ESaI12W5500ManagerELb1EED2Ev
                0x0000000008003f24       0x18 CMakeFiles/stm32Cheap.elf.dir/Src/WOLManager.cpp.obj
                0x0000000008003f24                std::_Sp_ebo_helper<0, std::allocator<W5500Manager>, true>::~_Sp_ebo_helper()
                0x0000000008003f24                std::_Sp_ebo_helper<0, std::allocator<W5500Manager>, true>::~_Sp_ebo_helper()
 .text._ZNSt23_Sp_counted_ptr_inplaceI12W5500ManagerSaIS0_ELN9__gnu_cxx12_Lock_policyE0EE5_ImplD2Ev
                0x0000000008003f3c       0x18 CMakeFiles/stm32Cheap.elf.dir/Src/WOLManager.cpp.obj
                0x0000000008003f3c                std::_Sp_counted_ptr_inplace<W5500Manager, std::allocator<W5500Manager>, (__gnu_cxx::_Lock_policy)0>::_Impl::~_Impl()
                0x0000000008003f3c                std::_Sp_counted_ptr_inplace<W5500Manager, std::allocator<W5500Manager>, (__gnu_cxx::_Lock_policy)0>::_Impl::~_Impl()
 .text._ZNSt23_Sp_counted_ptr_inplaceI12W5500ManagerSaIS0_ELN9__gnu_cxx12_Lock_policyE0EEC2IJRK15W5500DeviceInfoSt10unique_ptrI11W5500ConfigSt14default_deleteISA_EEEEES1_DpOT_
                0x0000000008003f54       0x8c CMakeFiles/stm32Cheap.elf.dir/Src/WOLManager.cpp.obj
                0x0000000008003f54                std::_Sp_counted_ptr_inplace<W5500Manager, std::allocator<W5500Manager>, (__gnu_cxx::_Lock_policy)0>::_Sp_counted_ptr_inplace<W5500DeviceInfo const&, std::unique_ptr<W5500Config, std::default_delete<W5500Config> > >(std::allocator<W5500Manager>, W5500DeviceInfo const&, std::unique_ptr<W5500Config, std::default_delete<W5500Config> >&&)
                0x0000000008003f54                std::_Sp_counted_ptr_inplace<W5500Manager, std::allocator<W5500Manager>, (__gnu_cxx::_Lock_policy)0>::_Sp_counted_ptr_inplace<W5500DeviceInfo const&, std::unique_ptr<W5500Config, std::default_delete<W5500Config> > >(std::allocator<W5500Manager>, W5500DeviceInfo const&, std::unique_ptr<W5500Config, std::default_delete<W5500Config> >&&)
 .text._ZNSt15__allocated_ptrISaISt23_Sp_counted_ptr_inplaceI12W5500ManagerSaIS1_ELN9__gnu_cxx12_Lock_policyE0EEEEaSEDn
                0x0000000008003fe0       0x1c CMakeFiles/stm32Cheap.elf.dir/Src/WOLManager.cpp.obj
                0x0000000008003fe0                std::__allocated_ptr<std::allocator<std::_Sp_counted_ptr_inplace<W5500Manager, std::allocator<W5500Manager>, (__gnu_cxx::_Lock_policy)0> > >::operator=(decltype(nullptr))
 .text._ZNSt23_Sp_counted_ptr_inplaceI12W5500ManagerSaIS0_ELN9__gnu_cxx12_Lock_policyE0EE6_M_ptrEv
                0x0000000008003ffc       0x1c CMakeFiles/stm32Cheap.elf.dir/Src/WOLManager.cpp.obj
                0x0000000008003ffc                std::_Sp_counted_ptr_inplace<W5500Manager, std::allocator<W5500Manager>, (__gnu_cxx::_Lock_policy)0>::_M_ptr()
 .text._ZSt30__enable_shared_from_this_baseRKSt14__shared_countILN9__gnu_cxx12_Lock_policyE0EEPKSt23enable_shared_from_thisI12W5500ManagerE
                0x0000000008004018       0x16 CMakeFiles/stm32Cheap.elf.dir/Src/WOLManager.cpp.obj
                0x0000000008004018                std::__enable_shared_from_this_base(std::__shared_count<(__gnu_cxx::_Lock_policy)0> const&, std::enable_shared_from_this<W5500Manager> const*)
 .text._ZNKSt23enable_shared_from_thisI12W5500ManagerE14_M_weak_assignIS0_EEvPT_RKSt14__shared_countILN9__gnu_cxx12_Lock_policyE0EE
                0x000000000800402e       0x20 CMakeFiles/stm32Cheap.elf.dir/Src/WOLManager.cpp.obj
                0x000000000800402e                void std::enable_shared_from_this<W5500Manager>::_M_weak_assign<W5500Manager>(W5500Manager*, std::__shared_count<(__gnu_cxx::_Lock_policy)0> const&) const
 .text._ZN9__gnu_cxx13new_allocatorISt23_Sp_counted_ptr_inplaceI12W5500ManagerSaIS2_ELNS_12_Lock_policyE0EEEC2Ev
                0x000000000800404e       0x14 CMakeFiles/stm32Cheap.elf.dir/Src/WOLManager.cpp.obj
                0x000000000800404e                __gnu_cxx::new_allocator<std::_Sp_counted_ptr_inplace<W5500Manager, std::allocator<W5500Manager>, (__gnu_cxx::_Lock_policy)0> >::new_allocator()
                0x000000000800404e                __gnu_cxx::new_allocator<std::_Sp_counted_ptr_inplace<W5500Manager, std::allocator<W5500Manager>, (__gnu_cxx::_Lock_policy)0> >::new_allocator()
 .text._ZN9__gnu_cxx13new_allocatorISt23_Sp_counted_ptr_inplaceI12W5500ManagerSaIS2_ELNS_12_Lock_policyE0EEED2Ev
                0x0000000008004062       0x14 CMakeFiles/stm32Cheap.elf.dir/Src/WOLManager.cpp.obj
                0x0000000008004062                __gnu_cxx::new_allocator<std::_Sp_counted_ptr_inplace<W5500Manager, std::allocator<W5500Manager>, (__gnu_cxx::_Lock_policy)0> >::~new_allocator()
                0x0000000008004062                __gnu_cxx::new_allocator<std::_Sp_counted_ptr_inplace<W5500Manager, std::allocator<W5500Manager>, (__gnu_cxx::_Lock_policy)0> >::~new_allocator()
 .text._ZNSt16allocator_traitsISaISt23_Sp_counted_ptr_inplaceI12W5500ManagerSaIS1_ELN9__gnu_cxx12_Lock_policyE0EEEE8allocateERS6_j
                0x0000000008004076       0x1e CMakeFiles/stm32Cheap.elf.dir/Src/WOLManager.cpp.obj
                0x0000000008004076                std::allocator_traits<std::allocator<std::_Sp_counted_ptr_inplace<W5500Manager, std::allocator<W5500Manager>, (__gnu_cxx::_Lock_policy)0> > >::allocate(std::allocator<std::_Sp_counted_ptr_inplace<W5500Manager, std::allocator<W5500Manager>, (__gnu_cxx::_Lock_policy)0> >&, unsigned int)
 .text._ZNSt15__allocated_ptrISaISt23_Sp_counted_ptr_inplaceI12W5500ManagerSaIS1_ELN9__gnu_cxx12_Lock_policyE0EEEEC2ERS6_PS5_
                0x0000000008004094       0x28 CMakeFiles/stm32Cheap.elf.dir/Src/WOLManager.cpp.obj
                0x0000000008004094                std::__allocated_ptr<std::allocator<std::_Sp_counted_ptr_inplace<W5500Manager, std::allocator<W5500Manager>, (__gnu_cxx::_Lock_policy)0> > >::__allocated_ptr(std::allocator<std::_Sp_counted_ptr_inplace<W5500Manager, std::allocator<W5500Manager>, (__gnu_cxx::_Lock_policy)0> >&, std::_Sp_counted_ptr_inplace<W5500Manager, std::allocator<W5500Manager>, (__gnu_cxx::_Lock_policy)0>*)
                0x0000000008004094                std::__allocated_ptr<std::allocator<std::_Sp_counted_ptr_inplace<W5500Manager, std::allocator<W5500Manager>, (__gnu_cxx::_Lock_policy)0> > >::__allocated_ptr(std::allocator<std::_Sp_counted_ptr_inplace<W5500Manager, std::allocator<W5500Manager>, (__gnu_cxx::_Lock_policy)0> >&, std::_Sp_counted_ptr_inplace<W5500Manager, std::allocator<W5500Manager>, (__gnu_cxx::_Lock_policy)0>*)
 .text._ZNSt16allocator_traitsISaISt23_Sp_counted_ptr_inplaceI12W5500ManagerSaIS1_ELN9__gnu_cxx12_Lock_policyE0EEEE10deallocateERS6_PS5_j
                0x00000000080040bc       0x1e CMakeFiles/stm32Cheap.elf.dir/Src/WOLManager.cpp.obj
                0x00000000080040bc                std::allocator_traits<std::allocator<std::_Sp_counted_ptr_inplace<W5500Manager, std::allocator<W5500Manager>, (__gnu_cxx::_Lock_policy)0> > >::deallocate(std::allocator<std::_Sp_counted_ptr_inplace<W5500Manager, std::allocator<W5500Manager>, (__gnu_cxx::_Lock_policy)0> >&, std::_Sp_counted_ptr_inplace<W5500Manager, std::allocator<W5500Manager>, (__gnu_cxx::_Lock_policy)0>*, unsigned int)
 .text._ZSt12__to_addressISt23_Sp_counted_ptr_inplaceI12W5500ManagerSaIS1_ELN9__gnu_cxx12_Lock_policyE0EEEPT_S7_
                0x00000000080040da       0x14 CMakeFiles/stm32Cheap.elf.dir/Src/WOLManager.cpp.obj
                0x00000000080040da                std::_Sp_counted_ptr_inplace<W5500Manager, std::allocator<W5500Manager>, (__gnu_cxx::_Lock_policy)0>* std::__to_address<std::_Sp_counted_ptr_inplace<W5500Manager, std::allocator<W5500Manager>, (__gnu_cxx::_Lock_policy)0> >(std::_Sp_counted_ptr_inplace<W5500Manager, std::allocator<W5500Manager>, (__gnu_cxx::_Lock_policy)0>*)
 .text._ZN9__gnu_cxx13new_allocatorI12W5500ManagerEC2ERKS2_
                0x00000000080040ee       0x16 CMakeFiles/stm32Cheap.elf.dir/Src/WOLManager.cpp.obj
                0x00000000080040ee                __gnu_cxx::new_allocator<W5500Manager>::new_allocator(__gnu_cxx::new_allocator<W5500Manager> const&)
                0x00000000080040ee                __gnu_cxx::new_allocator<W5500Manager>::new_allocator(__gnu_cxx::new_allocator<W5500Manager> const&)
 .text._ZNSt16_Sp_counted_baseILN9__gnu_cxx12_Lock_policyE0EEC2Ev
                0x0000000008004104       0x2c CMakeFiles/stm32Cheap.elf.dir/Src/WOLManager.cpp.obj
                0x0000000008004104                std::_Sp_counted_base<(__gnu_cxx::_Lock_policy)0>::_Sp_counted_base()
                0x0000000008004104                std::_Sp_counted_base<(__gnu_cxx::_Lock_policy)0>::_Sp_counted_base()
 .text._ZNSt23_Sp_counted_ptr_inplaceI12W5500ManagerSaIS0_ELN9__gnu_cxx12_Lock_policyE0EE5_ImplC2ES1_
                0x0000000008004130       0x1c CMakeFiles/stm32Cheap.elf.dir/Src/WOLManager.cpp.obj
                0x0000000008004130                std::_Sp_counted_ptr_inplace<W5500Manager, std::allocator<W5500Manager>, (__gnu_cxx::_Lock_policy)0>::_Impl::_Impl(std::allocator<W5500Manager>)
                0x0000000008004130                std::_Sp_counted_ptr_inplace<W5500Manager, std::allocator<W5500Manager>, (__gnu_cxx::_Lock_policy)0>::_Impl::_Impl(std::allocator<W5500Manager>)
 .text._ZNSt16allocator_traitsISaI12W5500ManagerEE9constructIS0_JRK15W5500DeviceInfoSt10unique_ptrI11W5500ConfigSt14default_deleteIS8_EEEEEvRS1_PT_DpOT0_
                0x000000000800414c       0x30 CMakeFiles/stm32Cheap.elf.dir/Src/WOLManager.cpp.obj
                0x000000000800414c                void std::allocator_traits<std::allocator<W5500Manager> >::construct<W5500Manager, W5500DeviceInfo const&, std::unique_ptr<W5500Config, std::default_delete<W5500Config> > >(std::allocator<W5500Manager>&, W5500Manager*, W5500DeviceInfo const&, std::unique_ptr<W5500Config, std::default_delete<W5500Config> >&&)
 .text._ZN9__gnu_cxx16__aligned_bufferI12W5500ManagerE6_M_ptrEv
                0x000000000800417c       0x18 CMakeFiles/stm32Cheap.elf.dir/Src/WOLManager.cpp.obj
                0x000000000800417c                __gnu_cxx::__aligned_buffer<W5500Manager>::_M_ptr()
 .text._ZNSt10__weak_ptrI12W5500ManagerLN9__gnu_cxx12_Lock_policyE0EE9_M_assignEPS0_RKSt14__shared_countILS2_0EE
                0x0000000008004194       0x3c CMakeFiles/stm32Cheap.elf.dir/Src/WOLManager.cpp.obj
                0x0000000008004194                std::__weak_ptr<W5500Manager, (__gnu_cxx::_Lock_policy)0>::_M_assign(W5500Manager*, std::__shared_count<(__gnu_cxx::_Lock_policy)0> const&)
 .text._ZN9__gnu_cxx13new_allocatorISt23_Sp_counted_ptr_inplaceI12W5500ManagerSaIS2_ELNS_12_Lock_policyE0EEE8allocateEjPKv
                0x00000000080041d0       0x42 CMakeFiles/stm32Cheap.elf.dir/Src/WOLManager.cpp.obj
                0x00000000080041d0                __gnu_cxx::new_allocator<std::_Sp_counted_ptr_inplace<W5500Manager, std::allocator<W5500Manager>, (__gnu_cxx::_Lock_policy)0> >::allocate(unsigned int, void const*)
 .text._ZSt11__addressofISaISt23_Sp_counted_ptr_inplaceI12W5500ManagerSaIS1_ELN9__gnu_cxx12_Lock_policyE0EEEEPT_RS7_
                0x0000000008004212       0x14 CMakeFiles/stm32Cheap.elf.dir/Src/WOLManager.cpp.obj
                0x0000000008004212                std::allocator<std::_Sp_counted_ptr_inplace<W5500Manager, std::allocator<W5500Manager>, (__gnu_cxx::_Lock_policy)0> >* std::__addressof<std::allocator<std::_Sp_counted_ptr_inplace<W5500Manager, std::allocator<W5500Manager>, (__gnu_cxx::_Lock_policy)0> > >(std::allocator<std::_Sp_counted_ptr_inplace<W5500Manager, std::allocator<W5500Manager>, (__gnu_cxx::_Lock_policy)0> >&)
 .text._ZN9__gnu_cxx13new_allocatorISt23_Sp_counted_ptr_inplaceI12W5500ManagerSaIS2_ELNS_12_Lock_policyE0EEE10deallocateEPS5_j
                0x0000000008004226       0x1a CMakeFiles/stm32Cheap.elf.dir/Src/WOLManager.cpp.obj
                0x0000000008004226                __gnu_cxx::new_allocator<std::_Sp_counted_ptr_inplace<W5500Manager, std::allocator<W5500Manager>, (__gnu_cxx::_Lock_policy)0> >::deallocate(std::_Sp_counted_ptr_inplace<W5500Manager, std::allocator<W5500Manager>, (__gnu_cxx::_Lock_policy)0>*, unsigned int)
 .text._ZNSt14_Sp_ebo_helperILi0ESaI12W5500ManagerELb1EEC2ERKS1_
                0x0000000008004240       0x1c CMakeFiles/stm32Cheap.elf.dir/Src/WOLManager.cpp.obj
                0x0000000008004240                std::_Sp_ebo_helper<0, std::allocator<W5500Manager>, true>::_Sp_ebo_helper(std::allocator<W5500Manager> const&)
                0x0000000008004240                std::_Sp_ebo_helper<0, std::allocator<W5500Manager>, true>::_Sp_ebo_helper(std::allocator<W5500Manager> const&)
 .text._ZN9__gnu_cxx13new_allocatorI12W5500ManagerE9constructIS1_JRK15W5500DeviceInfoSt10unique_ptrI11W5500ConfigSt14default_deleteIS8_EEEEEvPT_DpOT0_
                0x000000000800425c       0x70 CMakeFiles/stm32Cheap.elf.dir/Src/WOLManager.cpp.obj
                0x000000000800425c                void __gnu_cxx::new_allocator<W5500Manager>::construct<W5500Manager, W5500DeviceInfo const&, std::unique_ptr<W5500Config, std::default_delete<W5500Config> > >(W5500Manager*, W5500DeviceInfo const&, std::unique_ptr<W5500Config, std::default_delete<W5500Config> >&&)
 .text._ZN9__gnu_cxx16__aligned_bufferI12W5500ManagerE7_M_addrEv
                0x00000000080042cc       0x14 CMakeFiles/stm32Cheap.elf.dir/Src/WOLManager.cpp.obj
                0x00000000080042cc                __gnu_cxx::__aligned_buffer<W5500Manager>::_M_addr()
 .text._ZNKSt10__weak_ptrI12W5500ManagerLN9__gnu_cxx12_Lock_policyE0EE9use_countEv
                0x00000000080042e0       0x1c CMakeFiles/stm32Cheap.elf.dir/Src/WOLManager.cpp.obj
                0x00000000080042e0                std::__weak_ptr<W5500Manager, (__gnu_cxx::_Lock_policy)0>::use_count() const
 .text._ZNSt12__weak_countILN9__gnu_cxx12_Lock_policyE0EEaSERKSt14__shared_countILS1_0EE
                0x00000000080042fc       0x3e CMakeFiles/stm32Cheap.elf.dir/Src/WOLManager.cpp.obj
                0x00000000080042fc                std::__weak_count<(__gnu_cxx::_Lock_policy)0>::operator=(std::__shared_count<(__gnu_cxx::_Lock_policy)0> const&)
 *fill*         0x000000000800433a        0x2 
 .text._ZNK9__gnu_cxx13new_allocatorISt23_Sp_counted_ptr_inplaceI12W5500ManagerSaIS2_ELNS_12_Lock_policyE0EEE8max_sizeEv
                0x000000000800433c       0x18 CMakeFiles/stm32Cheap.elf.dir/Src/WOLManager.cpp.obj
                0x000000000800433c                __gnu_cxx::new_allocator<std::_Sp_counted_ptr_inplace<W5500Manager, std::allocator<W5500Manager>, (__gnu_cxx::_Lock_policy)0> >::max_size() const
 .text._ZNKSt12__weak_countILN9__gnu_cxx12_Lock_policyE0EE16_M_get_use_countEv
                0x0000000008004354       0x28 CMakeFiles/stm32Cheap.elf.dir/Src/WOLManager.cpp.obj
                0x0000000008004354                std::__weak_count<(__gnu_cxx::_Lock_policy)0>::_M_get_use_count() const
 .text._ZNSt23_Sp_counted_ptr_inplaceI12W5500ManagerSaIS0_ELN9__gnu_cxx12_Lock_policyE0EED2Ev
                0x000000000800437c       0x30 CMakeFiles/stm32Cheap.elf.dir/Src/WOLManager.cpp.obj
                0x000000000800437c                std::_Sp_counted_ptr_inplace<W5500Manager, std::allocator<W5500Manager>, (__gnu_cxx::_Lock_policy)0>::~_Sp_counted_ptr_inplace()
                0x000000000800437c                std::_Sp_counted_ptr_inplace<W5500Manager, std::allocator<W5500Manager>, (__gnu_cxx::_Lock_policy)0>::~_Sp_counted_ptr_inplace()
 .text._ZNSt23_Sp_counted_ptr_inplaceI12W5500ManagerSaIS0_ELN9__gnu_cxx12_Lock_policyE0EED0Ev
                0x00000000080043ac       0x1e CMakeFiles/stm32Cheap.elf.dir/Src/WOLManager.cpp.obj
                0x00000000080043ac                std::_Sp_counted_ptr_inplace<W5500Manager, std::allocator<W5500Manager>, (__gnu_cxx::_Lock_policy)0>::~_Sp_counted_ptr_inplace()
 .text._ZNSt23_Sp_counted_ptr_inplaceI12W5500ManagerSaIS0_ELN9__gnu_cxx12_Lock_policyE0EE10_M_disposeEv
                0x00000000080043ca       0x2c CMakeFiles/stm32Cheap.elf.dir/Src/WOLManager.cpp.obj
                0x00000000080043ca                std::_Sp_counted_ptr_inplace<W5500Manager, std::allocator<W5500Manager>, (__gnu_cxx::_Lock_policy)0>::_M_dispose()
 .text._ZNSt23_Sp_counted_ptr_inplaceI12W5500ManagerSaIS0_ELN9__gnu_cxx12_Lock_policyE0EE10_M_destroyEv
                0x00000000080043f6       0x52 CMakeFiles/stm32Cheap.elf.dir/Src/WOLManager.cpp.obj
                0x00000000080043f6                std::_Sp_counted_ptr_inplace<W5500Manager, std::allocator<W5500Manager>, (__gnu_cxx::_Lock_policy)0>::_M_destroy()
 .text._ZNSt23_Sp_counted_ptr_inplaceI12W5500ManagerSaIS0_ELN9__gnu_cxx12_Lock_policyE0EE14_M_get_deleterERKSt9type_info
                0x0000000008004448       0x50 CMakeFiles/stm32Cheap.elf.dir/Src/WOLManager.cpp.obj
                0x0000000008004448                std::_Sp_counted_ptr_inplace<W5500Manager, std::allocator<W5500Manager>, (__gnu_cxx::_Lock_policy)0>::_M_get_deleter(std::type_info const&)
 .text._ZNSt23_Sp_counted_ptr_inplaceI12W5500ManagerSaIS0_ELN9__gnu_cxx12_Lock_policyE0EE5_Impl8_M_allocEv
                0x0000000008004498       0x18 CMakeFiles/stm32Cheap.elf.dir/Src/WOLManager.cpp.obj
                0x0000000008004498                std::_Sp_counted_ptr_inplace<W5500Manager, std::allocator<W5500Manager>, (__gnu_cxx::_Lock_policy)0>::_Impl::_M_alloc()
 .text._ZNSt16allocator_traitsISaI12W5500ManagerEE7destroyIS0_EEvRS1_PT_
                0x00000000080044b0       0x1a CMakeFiles/stm32Cheap.elf.dir/Src/WOLManager.cpp.obj
                0x00000000080044b0                void std::allocator_traits<std::allocator<W5500Manager> >::destroy<W5500Manager>(std::allocator<W5500Manager>&, W5500Manager*)
 .text._ZNSt14_Sp_ebo_helperILi0ESaI12W5500ManagerELb1EE6_S_getERS2_
                0x00000000080044ca       0x14 CMakeFiles/stm32Cheap.elf.dir/Src/WOLManager.cpp.obj
                0x00000000080044ca                std::_Sp_ebo_helper<0, std::allocator<W5500Manager>, true>::_S_get(std::_Sp_ebo_helper<0, std::allocator<W5500Manager>, true>&)
 .text._ZN12W5500ManagerD2Ev
                0x00000000080044de       0x24 CMakeFiles/stm32Cheap.elf.dir/Src/WOLManager.cpp.obj
                0x00000000080044de                W5500Manager::~W5500Manager()
                0x00000000080044de                W5500Manager::~W5500Manager()
 .text._ZN9__gnu_cxx13new_allocatorI12W5500ManagerE7destroyIS1_EEvPT_
                0x0000000008004502       0x18 CMakeFiles/stm32Cheap.elf.dir/Src/WOLManager.cpp.obj
                0x0000000008004502                void __gnu_cxx::new_allocator<W5500Manager>::destroy<W5500Manager>(W5500Manager*)
 .text._ZNSt23enable_shared_from_thisI12W5500ManagerED2Ev
                0x000000000800451a       0x1a CMakeFiles/stm32Cheap.elf.dir/Src/WOLManager.cpp.obj
                0x000000000800451a                std::enable_shared_from_this<W5500Manager>::~enable_shared_from_this()
                0x000000000800451a                std::enable_shared_from_this<W5500Manager>::~enable_shared_from_this()
 .text.MX_GPIO_Init
                0x0000000008004534       0xdc CMakeFiles/stm32Cheap.elf.dir/Src/gpio.c.obj
                0x0000000008004534                MX_GPIO_Init
 .text.main     0x0000000008004610       0x2c CMakeFiles/stm32Cheap.elf.dir/Src/main.c.obj
                0x0000000008004610                main
 .text.SystemClock_Config
                0x000000000800463c       0x8a CMakeFiles/stm32Cheap.elf.dir/Src/main.c.obj
                0x000000000800463c                SystemClock_Config
 .text.Error_Handler
                0x00000000080046c6        0xc CMakeFiles/stm32Cheap.elf.dir/Src/main.c.obj
                0x00000000080046c6                Error_Handler
 *fill*         0x00000000080046d2        0x2 
 .text.MX_SPI1_Init
                0x00000000080046d4       0x6c CMakeFiles/stm32Cheap.elf.dir/Src/spi.c.obj
                0x00000000080046d4                MX_SPI1_Init
 .text.HAL_SPI_MspInit
                0x0000000008004740       0x94 CMakeFiles/stm32Cheap.elf.dir/Src/spi.c.obj
                0x0000000008004740                HAL_SPI_MspInit
 .text.HAL_MspInit
                0x00000000080047d4       0x64 CMakeFiles/stm32Cheap.elf.dir/Src/stm32f1xx_hal_msp.c.obj
                0x00000000080047d4                HAL_MspInit
 .text.NMI_Handler
                0x0000000008004838        0xc CMakeFiles/stm32Cheap.elf.dir/Src/stm32f1xx_it.c.obj
                0x0000000008004838                NMI_Handler
 .text.HardFault_Handler
                0x0000000008004844        0x6 CMakeFiles/stm32Cheap.elf.dir/Src/stm32f1xx_it.c.obj
                0x0000000008004844                HardFault_Handler
 .text.MemManage_Handler
                0x000000000800484a        0x6 CMakeFiles/stm32Cheap.elf.dir/Src/stm32f1xx_it.c.obj
                0x000000000800484a                MemManage_Handler
 .text.BusFault_Handler
                0x0000000008004850        0x6 CMakeFiles/stm32Cheap.elf.dir/Src/stm32f1xx_it.c.obj
                0x0000000008004850                BusFault_Handler
 .text.UsageFault_Handler
                0x0000000008004856        0x6 CMakeFiles/stm32Cheap.elf.dir/Src/stm32f1xx_it.c.obj
                0x0000000008004856                UsageFault_Handler
 .text.SVC_Handler
                0x000000000800485c        0xc CMakeFiles/stm32Cheap.elf.dir/Src/stm32f1xx_it.c.obj
                0x000000000800485c                SVC_Handler
 .text.DebugMon_Handler
                0x0000000008004868        0xc CMakeFiles/stm32Cheap.elf.dir/Src/stm32f1xx_it.c.obj
                0x0000000008004868                DebugMon_Handler
 .text.PendSV_Handler
                0x0000000008004874        0xc CMakeFiles/stm32Cheap.elf.dir/Src/stm32f1xx_it.c.obj
                0x0000000008004874                PendSV_Handler
 .text.SysTick_Handler
                0x0000000008004880        0xc CMakeFiles/stm32Cheap.elf.dir/Src/stm32f1xx_it.c.obj
                0x0000000008004880                SysTick_Handler
 .text.TIM2_IRQHandler
                0x000000000800488c       0x14 CMakeFiles/stm32Cheap.elf.dir/Src/stm32f1xx_it.c.obj
                0x000000000800488c                TIM2_IRQHandler
 .text._getpid  0x00000000080048a0        0xe CMakeFiles/stm32Cheap.elf.dir/Src/syscalls.c.obj
                0x00000000080048a0                _getpid
 .text._kill    0x00000000080048ae       0x20 CMakeFiles/stm32Cheap.elf.dir/Src/syscalls.c.obj
                0x00000000080048ae                _kill
 .text._exit    0x00000000080048ce       0x14 CMakeFiles/stm32Cheap.elf.dir/Src/syscalls.c.obj
                0x00000000080048ce                _exit
 .text._write   0x00000000080048e2       0x38 CMakeFiles/stm32Cheap.elf.dir/Src/syscalls.c.obj
                0x00000000080048e2                _write
 *fill*         0x000000000800491a        0x2 
 .text._sbrk    0x000000000800491c       0x58 CMakeFiles/stm32Cheap.elf.dir/Src/syscalls.c.obj
                0x000000000800491c                _sbrk
 .text.SystemInit
                0x0000000008004974       0x68 CMakeFiles/stm32Cheap.elf.dir/Src/system_stm32f1xx.c.obj
                0x0000000008004974                SystemInit
 .text.MX_TIM2_Init