Archive member included to satisfy reference by file (symbol)

/usr/lib/gcc/arm-none-eabi/8.3.0/../../../../arm-none-eabi/lib/thumb/v7-m/nofp/libstdc++_nano.a(eh_throw.o)
                              CMakeFiles/stm32Cheap.elf.dir/Src/W5500Manager.cpp.obj (__cxa_throw)
/usr/lib/gcc/arm-none-eabi/8.3.0/../../../../arm-none-eabi/lib/thumb/v7-m/nofp/libstdc++_nano.a(eh_terminate.o)
                              /usr/lib/gcc/arm-none-eabi/8.3.0/../../../../arm-none-eabi/lib/thumb/v7-m/nofp/libstdc++_nano.a(eh_throw.o) (__cxxabiv1::__terminate(void (*)()))
/usr/lib/gcc/arm-none-eabi/8.3.0/../../../../arm-none-eabi/lib/thumb/v7-m/nofp/libstdc++_nano.a(class_type_info.o)
                              CMakeFiles/stm32Cheap.elf.dir/Src/GPIOGuard.cpp.obj (vtable for __cxxabiv1::__class_type_info)
/usr/lib/gcc/arm-none-eabi/8.3.0/../../../../arm-none-eabi/lib/thumb/v7-m/nofp/libstdc++_nano.a(eh_globals.o)
                              /usr/lib/gcc/arm-none-eabi/8.3.0/../../../../arm-none-eabi/lib/thumb/v7-m/nofp/libstdc++_nano.a(eh_throw.o) (__cxa_get_globals)
/usr/lib/gcc/arm-none-eabi/8.3.0/../../../../arm-none-eabi/lib/thumb/v7-m/nofp/libstdc++_nano.a(eh_personality.o)
                              CMakeFiles/stm32Cheap.elf.dir/Src/GPIOGuard.cpp.obj (__gxx_personality_v0)
/usr/lib/gcc/arm-none-eabi/8.3.0/../../../../arm-none-eabi/lib/thumb/v7-m/nofp/libstdc++_nano.a(new_op.o)
                              CMakeFiles/stm32Cheap.elf.dir/Src/WOLManager.cpp.obj (operator new(unsigned int))
/usr/lib/gcc/arm-none-eabi/8.3.0/../../../../arm-none-eabi/lib/thumb/v7-m/nofp/libstdc++_nano.a(eh_arm.o)
                              CMakeFiles/stm32Cheap.elf.dir/Src/W5500Config.cpp.obj (__cxa_end_cleanup)
/usr/lib/gcc/arm-none-eabi/8.3.0/../../../../arm-none-eabi/lib/thumb/v7-m/nofp/libstdc++_nano.a(si_class_type_info.o)
                              CMakeFiles/stm32Cheap.elf.dir/Src/WOLManager.cpp.obj (vtable for __cxxabiv1::__si_class_type_info)
/usr/lib/gcc/arm-none-eabi/8.3.0/../../../../arm-none-eabi/lib/thumb/v7-m/nofp/libstdc++_nano.a(eh_alloc.o)
                              CMakeFiles/stm32Cheap.elf.dir/Src/W5500Manager.cpp.obj (__cxa_allocate_exception)
/usr/lib/gcc/arm-none-eabi/8.3.0/../../../../arm-none-eabi/lib/thumb/v7-m/nofp/libstdc++_nano.a(eh_call.o)
                              /usr/lib/gcc/arm-none-eabi/8.3.0/../../../../arm-none-eabi/lib/thumb/v7-m/nofp/libstdc++_nano.a(eh_personality.o) (__cxa_call_terminate)
/usr/lib/gcc/arm-none-eabi/8.3.0/../../../../arm-none-eabi/lib/thumb/v7-m/nofp/libstdc++_nano.a(eh_exception.o)
                              /usr/lib/gcc/arm-none-eabi/8.3.0/../../../../arm-none-eabi/lib/thumb/v7-m/nofp/libstdc++_nano.a(eh_arm.o) (typeinfo for __cxxabiv1::__forced_unwind)
/usr/lib/gcc/arm-none-eabi/8.3.0/../../../../arm-none-eabi/lib/thumb/v7-m/nofp/libstdc++_nano.a(tinfo.o)
                              /usr/lib/gcc/arm-none-eabi/8.3.0/../../../../arm-none-eabi/lib/thumb/v7-m/nofp/libstdc++_nano.a(class_type_info.o) (std::type_info::~type_info())
/usr/lib/gcc/arm-none-eabi/8.3.0/../../../../arm-none-eabi/lib/thumb/v7-m/nofp/libstdc++_nano.a(del_op.o)
                              CMakeFiles/stm32Cheap.elf.dir/Src/GPIOGuard.cpp.obj (operator delete(void*))
/usr/lib/gcc/arm-none-eabi/8.3.0/../../../../arm-none-eabi/lib/thumb/v7-m/nofp/libstdc++_nano.a(new_handler.o)
                              /usr/lib/gcc/arm-none-eabi/8.3.0/../../../../arm-none-eabi/lib/thumb/v7-m/nofp/libstdc++_nano.a(new_op.o) (std::get_new_handler())
/usr/lib/gcc/arm-none-eabi/8.3.0/../../../../arm-none-eabi/lib/thumb/v7-m/nofp/libstdc++_nano.a(eh_unex_handler.o)
                              /usr/lib/gcc/arm-none-eabi/8.3.0/../../../../arm-none-eabi/lib/thumb/v7-m/nofp/libstdc++_nano.a(eh_terminate.o) (__cxxabiv1::__unexpected_handler)
/usr/lib/gcc/arm-none-eabi/8.3.0/../../../../arm-none-eabi/lib/thumb/v7-m/nofp/libstdc++_nano.a(string-inst.o)
                              CMakeFiles/stm32Cheap.elf.dir/Src/W5500Config.cpp.obj (std::__cxx11::basic_string<char, std::char_traits<char>, std::allocator<char> >::_M_create(unsigned int&, unsigned int))
/usr/lib/gcc/arm-none-eabi/8.3.0/../../../../arm-none-eabi/lib/thumb/v7-m/nofp/libstdc++_nano.a(functexcept.o)
                              /usr/lib/gcc/arm-none-eabi/8.3.0/../../../../arm-none-eabi/lib/thumb/v7-m/nofp/libstdc++_nano.a(string-inst.o) (std::__throw_logic_error(char const*))
/usr/lib/gcc/arm-none-eabi/8.3.0/../../../../arm-none-eabi/lib/thumb/v7-m/nofp/libstdc++_nano.a(snprintf_lite.o)
                              /usr/lib/gcc/arm-none-eabi/8.3.0/../../../../arm-none-eabi/lib/thumb/v7-m/nofp/libstdc++_nano.a(functexcept.o) (__gnu_cxx::__snprintf_lite(char*, unsigned int, char const*, std::__va_list))
/usr/lib/gcc/arm-none-eabi/8.3.0/../../../../arm-none-eabi/lib/thumb/v7-m/nofp/libstdc++_nano.a(shared_ptr.o)
                              CMakeFiles/stm32Cheap.elf.dir/Src/W5500Manager.cpp.obj (std::bad_weak_ptr::~bad_weak_ptr())
[...]
Memory Configuration

Name             Origin             Length             Attributes
RAM              0x0000000020000000 0x0000000000005000 xrw
FLASH            0x0000000008000000 0x0000000000010000 xr
*default*        0x0000000000000000 0xffffffffffffffff

Linker script and memory map

LOAD /usr/lib/gcc/arm-none-eabi/8.3.0/thumb/v7-m/nofp/crti.o
LOAD /usr/lib/gcc/arm-none-eabi/8.3.0/thumb/v7-m/nofp/crtbegin.o
LOAD /usr/lib/gcc/arm-none-eabi/8.3.0/../../../../arm-none-eabi/lib/thumb/v7-m/nofp/crt0.o
LOAD CMakeFiles/stm32Cheap.elf.dir/Drivers/STM32F1xx_HAL_Driver/Src/stm32f1xx_hal.c.obj
LOAD CMakeFiles/stm32Cheap.elf.dir/Drivers/STM32F1xx_HAL_Driver/Src/stm32f1xx_hal_cortex.c.obj
LOAD CMakeFiles/stm32Cheap.elf.dir/Drivers/STM32F1xx_HAL_Driver/Src/stm32f1xx_hal_dma.c.obj
LOAD CMakeFiles/stm32Cheap.elf.dir/Drivers/STM32F1xx_HAL_Driver/Src/stm32f1xx_hal_flash.c.obj
LOAD CMakeFiles/stm32Cheap.elf.dir/Drivers/STM32F1xx_HAL_Driver/Src/stm32f1xx_hal_flash_ex.c.obj
LOAD CMakeFiles/stm32Cheap.elf.dir/Drivers/STM32F1xx_HAL_Driver/Src/stm32f1xx_hal_gpio.c.obj
LOAD CMakeFiles/stm32Cheap.elf.dir/Drivers/STM32F1xx_HAL_Driver/Src/stm32f1xx_hal_gpio_ex.c.obj
LOAD CMakeFiles/stm32Cheap.elf.dir/Drivers/STM32F1xx_HAL_Driver/Src/stm32f1xx_hal_pwr.c.obj
LOAD CMakeFiles/stm32Cheap.elf.dir/Drivers/STM32F1xx_HAL_Driver/Src/stm32f1xx_hal_rcc.c.obj
LOAD CMakeFiles/stm32Cheap.elf.dir/Drivers/STM32F1xx_HAL_Driver/Src/stm32f1xx_hal_rcc_ex.c.obj
LOAD CMakeFiles/stm32Cheap.elf.dir/Drivers/STM32F1xx_HAL_Driver/Src/stm32f1xx_hal_spi.c.obj
LOAD CMakeFiles/stm32Cheap.elf.dir/Drivers/STM32F1xx_HAL_Driver/Src/stm32f1xx_hal_spi_ex.c.obj
LOAD CMakeFiles/stm32Cheap.elf.dir/Drivers/STM32F1xx_HAL_Driver/Src/stm32f1xx_hal_tim.c.obj
LOAD CMakeFiles/stm32Cheap.elf.dir/Drivers/STM32F1xx_HAL_Driver/Src/stm32f1xx_hal_tim_ex.c.obj
LOAD CMakeFiles/stm32Cheap.elf.dir/Src/GPIOGuard.cpp.obj
LOAD CMakeFiles/stm32Cheap.elf.dir/Src/W5500Config.cpp.obj
LOAD CMakeFiles/stm32Cheap.elf.dir/Src/W5500Manager.cpp.obj
LOAD CMakeFiles/stm32Cheap.elf.dir/Src/W5500Socket.cpp.obj
LOAD CMakeFiles/stm32Cheap.elf.dir/Src/WOLInterface.cpp.obj
LOAD CMakeFiles/stm32Cheap.elf.dir/Src/WOLManager.cpp.obj
LOAD CMakeFiles/stm32Cheap.elf.dir/Src/gpio.c.obj
LOAD CMakeFiles/stm32Cheap.elf.dir/Src/main.c.obj
LOAD CMakeFiles/stm32Cheap.elf.dir/Src/spi.c.obj
LOAD CMakeFiles/stm32Cheap.elf.dir/Src/stm32f1xx_hal_msp.c.obj
LOAD CMakeFiles/stm32Cheap.elf.dir/Src/stm32f1xx_it.c.obj
LOAD CMakeFiles/stm32Cheap.elf.dir/Src/syscalls.c.obj
LOAD CMakeFiles/stm32Cheap.elf.dir/Src/system_stm32f1xx.c.obj
LOAD CMakeFiles/stm32Cheap.elf.dir/Src/tim.c.obj
LOAD CMakeFiles/stm32Cheap.elf.dir/startup/startup_stm32f103xb.s.obj
LOAD /usr/lib/gcc/arm-none-eabi/8.3.0/../../../../arm-none-eabi/lib/thumb/v7-m/nofp/libstdc++_nano.a
LOAD /usr/lib/gcc/arm-none-eabi/8.3.0/../../../../arm-none-eabi/lib/thumb/v7-m/nofp/libm.a
START GROUP
LOAD /usr/lib/gcc/arm-none-eabi/8.3.0/thumb/v7-m/nofp/libgcc.a
LOAD /usr/lib/gcc/arm-none-eabi/8.3.0/../../../../arm-none-eabi/lib/thumb/v7-m/nofp/libg_nano.a
LOAD /usr/lib/gcc/arm-none-eabi/8.3.0/../../../../arm-none-eabi/lib/thumb/v7-m/nofp/libc_nano.a
END GROUP
START GROUP
LOAD /usr/lib/gcc/arm-none-eabi/8.3.0/thumb/v7-m/nofp/libgcc.a
LOAD /usr/lib/gcc/arm-none-eabi/8.3.0/../../../../arm-none-eabi/lib/thumb/v7-m/nofp/libc_nano.a
LOAD /usr/lib/gcc/arm-none-eabi/8.3.0/../../../../arm-none-eabi/lib/thumb/v7-m/nofp/libnosys.a
END GROUP
START GROUP
LOAD /usr/lib/gcc/arm-none-eabi/8.3.0/thumb/v7-m/nofp/libgcc.a
LOAD /usr/lib/gcc/arm-none-eabi/8.3.0/../../../../arm-none-eabi/lib/thumb/v7-m/nofp/libc_nano.a
LOAD /usr/lib/gcc/arm-none-eabi/8.3.0/../../../../arm-none-eabi/lib/thumb/v7-m/nofp/libnosys.a
END GROUP
LOAD /usr/lib/gcc/arm-none-eabi/8.3.0/thumb/v7-m/nofp/crtend.o
LOAD /usr/lib/gcc/arm-none-eabi/8.3.0/thumb/v7-m/nofp/crtn.o
                0x0000000020005000                _estack = 0x20005000
                0x0000000000000200                _Min_Heap_Size = 0x200
                0x0000000000000400                _Min_Stack_Size = 0x400

.isr_vector     0x0000000008000000      0x10c
                0x0000000008000000                . = ALIGN (0x4)
 *(.isr_vector)
 .isr_vector    0x0000000008000000      0x10c CMakeFiles/stm32Cheap.elf.dir/startup/startup_stm32f103xb.s.obj
                0x0000000008000000                g_pfnVectors
                0x000000000800010c                . = ALIGN (0x4)

.text           0x000000000800010c     0x43fc
                0x000000000800010c                . = ALIGN (0x4)
 *(.text)
 .text          0x000000000800010c      0x1ac /usr/lib/gcc/arm-none-eabi/8.3.0/thumb/v7-m/nofp/libgcc.a(libunwind.o)
                0x000000000800010c                __restore_core_regs
                0x000000000800010c                restore_core_regs
                0x0000000008000124                __gnu_Unwind_Restore_VFP
                0x000000000800012c                __gnu_Unwind_Save_VFP
                0x0000000008000134                __gnu_Unwind_Restore_VFP_D
                0x000000000800013c                __gnu_Unwind_Save_VFP_D
                0x0000000008000144                __gnu_Unwind_Restore_VFP_D_16_to_31
                0x000000000800014c                __gnu_Unwind_Save_VFP_D_16_to_31
                0x0000000008000154                __gnu_Unwind_Restore_WMMXD
                0x0000000008000198                __gnu_Unwind_Save_WMMXD
                0x00000000080001dc                __gnu_Unwind_Restore_WMMXC
                0x00000000080001f0                __gnu_Unwind_Save_WMMXC
                0x0000000008000204                ___Unwind_RaiseException
                0x0000000008000204                _Unwind_RaiseException
                0x0000000008000228                ___Unwind_Resume
                0x0000000008000228                _Unwind_Resume
                0x000000000800024c                _Unwind_Resume_or_Rethrow
                0x000000000800024c                ___Unwind_Resume_or_Rethrow
                0x0000000008000270                ___Unwind_ForcedUnwind
                0x0000000008000270                _Unwind_ForcedUnwind
                0x0000000008000294                _Unwind_Backtrace
                0x0000000008000294                ___Unwind_Backtrace
 .text          0x00000000080002b8       0x14 /usr/lib/gcc/arm-none-eabi/8.3.0/../../../../arm-none-eabi/lib/thumb/v7-m/nofp/libg_nano.a(lib_a-strcmp.o)
                0x00000000080002b8                strcmp
 .text          0x00000000080002cc       0x10 /usr/lib/gcc/arm-none-eabi/8.3.0/../../../../arm-none-eabi/lib/thumb/v7-m/nofp/libg_nano.a(lib_a-strlen.o)
                0x00000000080002cc                strlen
 *(.text*)
 .text.__do_global_dtors_aux
                0x00000000080002dc       0x24 /usr/lib/gcc/arm-none-eabi/8.3.0/thumb/v7-m/nofp/crtbegin.o
 .text.frame_dummy
                0x0000000008000300       0x1c /usr/lib/gcc/arm-none-eabi/8.3.0/thumb/v7-m/nofp/crtbegin.o
 .text.HAL_InitTick
                0x000000000800031c       0x48 CMakeFiles/stm32Cheap.elf.dir/Drivers/STM32F1xx_HAL_Driver/Src/stm32f1xx_hal.c.obj
                0x000000000800031c                HAL_InitTick
 .text.HAL_Init
                0x0000000008000364       0x24 CMakeFiles/stm32Cheap.elf.dir/Drivers/STM32F1xx_HAL_Driver/Src/stm32f1xx_hal.c.obj
                0x0000000008000364                HAL_Init
 .text.HAL_IncTick
                0x0000000008000388       0x18 CMakeFiles/stm32Cheap.elf.dir/Drivers/STM32F1xx_HAL_Driver/Src/stm32f1xx_hal.c.obj
                0x0000000008000388                HAL_IncTick
 .text.HAL_GetTick
                0x00000000080003a0        0xc CMakeFiles/stm32Cheap.elf.dir/Drivers/STM32F1xx_HAL_Driver/Src/stm32f1xx_hal.c.obj
                0x00000000080003a0                HAL_GetTick
 .text.HAL_Delay
                0x00000000080003ac       0x24 CMakeFiles/stm32Cheap.elf.dir/Drivers/STM32F1xx_HAL_Driver/Src/stm32f1xx_hal.c.obj
                0x00000000080003ac                HAL_Delay
 .text.HAL_NVIC_SetPriorityGrouping
                0x00000000080003d0       0x24 CMakeFiles/stm32Cheap.elf.dir/Drivers/STM32F1xx_HAL_Driver/Src/stm32f1xx_hal_cortex.c.obj
                0x00000000080003d0                HAL_NVIC_SetPriorityGrouping
 .text.HAL_NVIC_SetPriority
                0x00000000080003f4       0x6c CMakeFiles/stm32Cheap.elf.dir/Drivers/STM32F1xx_HAL_Driver/Src/stm32f1xx_hal_cortex.c.obj
                0x00000000080003f4                HAL_NVIC_SetPriority
 .text.HAL_NVIC_EnableIRQ
                0x0000000008000460       0x18 CMakeFiles/stm32Cheap.elf.dir/Drivers/STM32F1xx_HAL_Driver/Src/stm32f1xx_hal_cortex.c.obj
                0x0000000008000460                HAL_NVIC_EnableIRQ
 .text.HAL_SYSTICK_Config
                0x0000000008000478       0x30 CMakeFiles/stm32Cheap.elf.dir/Drivers/STM32F1xx_HAL_Driver/Src/stm32f1xx_hal_cortex.c.obj
                0x0000000008000478                HAL_SYSTICK_Config
 .text.HAL_GPIO_Init
                0x00000000080004a8      0x1dc CMakeFiles/stm32Cheap.elf.dir/Drivers/STM32F1xx_HAL_Driver/Src/stm32f1xx_hal_gpio.c.obj
                0x00000000080004a8                HAL_GPIO_Init
 .text.HAL_GPIO_WritePin
                0x0000000008000684        0x8 CMakeFiles/stm32Cheap.elf.dir/Drivers/STM32F1xx_HAL_Driver/Src/stm32f1xx_hal_gpio.c.obj
                0x0000000008000684                HAL_GPIO_WritePin
 .text.HAL_GPIO_TogglePin
                0x000000000800068c        0x8 CMakeFiles/stm32Cheap.elf.dir/Drivers/STM32F1xx_HAL_Driver/Src/stm32f1xx_hal_gpio.c.obj
                0x000000000800068c                HAL_GPIO_TogglePin
 .text.HAL_RCC_OscConfig
                0x0000000008000694      0x3d0 CMakeFiles/stm32Cheap.elf.dir/Drivers/STM32F1xx_HAL_Driver/Src/stm32f1xx_hal_rcc.c.obj
                0x0000000008000694                HAL_RCC_OscConfig
 .text.HAL_RCC_ClockConfig
                0x0000000008000a64      0x1cc CMakeFiles/stm32Cheap.elf.dir/Drivers/STM32F1xx_HAL_Driver/Src/stm32f1xx_hal_rcc.c.obj
                0x0000000008000a64                HAL_RCC_ClockConfig
 .text.SPI_WaitFlagStateUntilTimeout
                0x0000000008000c30       0x98 CMakeFiles/stm32Cheap.elf.dir/Drivers/STM32F1xx_HAL_Driver/Src/stm32f1xx_hal_spi.c.obj
 .text.HAL_SPI_Transmit
                0x0000000008000cc8      0x240 CMakeFiles/stm32Cheap.elf.dir/Drivers/STM32F1xx_HAL_Driver/Src/stm32f1xx_hal_spi.c.obj
                0x0000000008000cc8                HAL_SPI_Transmit
 .text.HAL_SPI_Init
                0x0000000008000f08       0x7c CMakeFiles/stm32Cheap.elf.dir/Drivers/STM32F1xx_HAL_Driver/Src/stm32f1xx_hal_spi_ex.c.obj
                0x0000000008000f08                HAL_SPI_Init
 .text.HAL_TIM_Base_Init
                0x0000000008000f84       0x9c CMakeFiles/stm32Cheap.elf.dir/Drivers/STM32F1xx_HAL_Driver/Src/stm32f1xx_hal_tim.c.obj
                0x0000000008000f84                HAL_TIM_Base_Init
 .text.HAL_TIM_ConfigClockSource
                0x0000000008001020      0x184 CMakeFiles/stm32Cheap.elf.dir/Drivers/STM32F1xx_HAL_Driver/Src/stm32f1xx_hal_tim.c.obj
                0x0000000008001020                HAL_TIM_ConfigClockSource
 .text.HAL_TIM_PeriodElapsedCallback
                0x00000000080011a4        0x4 CMakeFiles/stm32Cheap.elf.dir/Drivers/STM32F1xx_HAL_Driver/Src/stm32f1xx_hal_tim.c.obj
                0x00000000080011a4                HAL_TIM_PeriodElapsedCallback
 .text.HAL_TIM_OC_DelayElapsedCallback
                0x00000000080011a8        0x4 CMakeFiles/stm32Cheap.elf.dir/Drivers/STM32F1xx_HAL_Driver/Src/stm32f1xx_hal_tim.c.obj
                0x00000000080011a8                HAL_TIM_OC_DelayElapsedCallback
 .text.HAL_TIM_IC_CaptureCallback
                0x00000000080011ac        0x4 CMakeFiles/stm32Cheap.elf.dir/Drivers/STM32F1xx_HAL_Driver/Src/stm32f1xx_hal_tim.c.obj
                0x00000000080011ac                HAL_TIM_IC_CaptureCallback
 .text.HAL_TIM_PWM_PulseFinishedCallback
                0x00000000080011b0        0x4 CMakeFiles/stm32Cheap.elf.dir/Drivers/STM32F1xx_HAL_Driver/Src/stm32f1xx_hal_tim.c.obj
                0x00000000080011b0                HAL_TIM_PWM_PulseFinishedCallback
 .text.HAL_TIM_TriggerCallback
                0x00000000080011b4        0x4 CMakeFiles/stm32Cheap.elf.dir/Drivers/STM32F1xx_HAL_Driver/Src/stm32f1xx_hal_tim.c.obj
                0x00000000080011b4                HAL_TIM_TriggerCallback
 .text.HAL_TIM_IRQHandler
                0x00000000080011b8      0x154 CMakeFiles/stm32Cheap.elf.dir/Drivers/STM32F1xx_HAL_Driver/Src/stm32f1xx_hal_tim.c.obj
                0x00000000080011b8                HAL_TIM_IRQHandler
 .text.HAL_TIMEx_MasterConfigSynchronization
                0x000000000800130c       0x4c CMakeFiles/stm32Cheap.elf.dir/Drivers/STM32F1xx_HAL_Driver/Src/stm32f1xx_hal_tim_ex.c.obj
                0x000000000800130c                HAL_TIMEx_MasterConfigSynchronization
 .text.HAL_TIMEx_CommutationCallback
                0x0000000008001358        0x4 CMakeFiles/stm32Cheap.elf.dir/Drivers/STM32F1xx_HAL_Driver/Src/stm32f1xx_hal_tim_ex.c.obj
                0x0000000008001358                HAL_TIMEx_CommutationCallback
 .text.HAL_TIMEx_BreakCallback
                0x000000000800135c        0x4 CMakeFiles/stm32Cheap.elf.dir/Drivers/STM32F1xx_HAL_Driver/Src/stm32f1xx_hal_tim_ex.c.obj
                0x000000000800135c                HAL_TIMEx_BreakCallback
 .text._ZN9GPIOGuardD2Ev
                0x0000000008001360       0x1c CMakeFiles/stm32Cheap.elf.dir/Src/GPIOGuard.cpp.obj
                0x0000000008001360                GPIOGuard::~GPIOGuard()
                0x0000000008001360                GPIOGuard::~GPIOGuard()
 .text._ZN9GPIOGuardD0Ev
                0x000000000800137c       0x20 CMakeFiles/stm32Cheap.elf.dir/Src/GPIOGuard.cpp.obj
                0x000000000800137c                GPIOGuard::~GPIOGuard()
 .text._ZN9GPIOGuardC2ERK9GPIOInfo_
                0x000000000800139c       0x28 CMakeFiles/stm32Cheap.elf.dir/Src/GPIOGuard.cpp.obj
                0x000000000800139c                GPIOGuard::GPIOGuard(GPIOInfo_ const&)
                0x000000000800139c                GPIOGuard::GPIOGuard(GPIOInfo_ const&)
 .text._ZN11W5500Config14loadMacAddressB5cxx11Ev
                0x00000000080013c4       0x48 CMakeFiles/stm32Cheap.elf.dir/Src/W5500Config.cpp.obj
                0x00000000080013c4                W5500Config::loadMacAddress[abi:cxx11]()
 .text._ZN11W5500Config10loadIpInfoEv
                0x000000000800140c       0x90 CMakeFiles/stm32Cheap.elf.dir/Src/W5500Config.cpp.obj
                0x000000000800140c                W5500Config::loadIpInfo()
 .text._ZN11W5500Config8isManualEv
                0x000000000800149c        0x4 CMakeFiles/stm32Cheap.elf.dir/Src/W5500Config.cpp.obj
                0x000000000800149c                W5500Config::isManual()
 .text._ZNSt15_Sp_counted_ptrIDnLN9__gnu_cxx12_Lock_policyE0EE10_M_disposeEv
                0x00000000080014a0        0x4 CMakeFiles/stm32Cheap.elf.dir/Src/W5500Manager.cpp.obj
                0x00000000080014a0                std::_Sp_counted_ptr<decltype(nullptr), (__gnu_cxx::_Lock_policy)0>::_M_dispose()
 .text._ZNSt16_Sp_counted_baseILN9__gnu_cxx12_Lock_policyE0EE10_M_destroyEv
                0x00000000080014a4        0x8 CMakeFiles/stm32Cheap.elf.dir/Src/W5500Manager.cpp.obj
                0x00000000080014a4                std::_Sp_counted_base<(__gnu_cxx::_Lock_policy)0>::_M_destroy()
 .text._ZSt20__throw_bad_weak_ptrv
                0x00000000080014ac       0x20 CMakeFiles/stm32Cheap.elf.dir/Src/W5500Manager.cpp.obj
                0x00000000080014ac                std::__throw_bad_weak_ptr()
 .text._ZN12W5500ManagerC2ERK15W5500DeviceInfoSt10unique_ptrI11W5500ConfigSt14default_deleteIS4_EE
                0x00000000080014cc       0x2c CMakeFiles/stm32Cheap.elf.dir/Src/W5500Manager.cpp.obj
                0x00000000080014cc                W5500Manager::W5500Manager(W5500DeviceInfo const&, std::unique_ptr<W5500Config, std::default_delete<W5500Config> >)
                0x00000000080014cc                W5500Manager::W5500Manager(W5500DeviceInfo const&, std::unique_ptr<W5500Config, std::default_delete<W5500Config> >)
 .text._ZN12W5500Manager9newSocketENSt7__cxx1112basic_stringIcSt11char_traitsIcESaIcEEEt10SocketType
                0x00000000080014f8      0x108 CMakeFiles/stm32Cheap.elf.dir/Src/W5500Manager.cpp.obj
                0x00000000080014f8                W5500Manager::newSocket(std::__cxx11::basic_string<char, std::char_traits<char>, std::allocator<char> >, unsigned short, SocketType)
 .text._ZN12W5500Manager16WriteSPIRegisterEsPhim.constprop.11
                0x0000000008001600       0x84 CMakeFiles/stm32Cheap.elf.dir/Src/W5500Manager.cpp.obj
 .text._ZN12W5500Manager9setIpInfoERK6IpInfo
                0x0000000008001684       0x78 CMakeFiles/stm32Cheap.elf.dir/Src/W5500Manager.cpp.obj
                0x0000000008001684                W5500Manager::setIpInfo(IpInfo const&)
 .text._ZN12W5500Manager7reStartEv
                0x00000000080016fc       0xe4 CMakeFiles/stm32Cheap.elf.dir/Src/W5500Manager.cpp.obj
                0x00000000080016fc                W5500Manager::reStart()
 .text._ZN11W5500SocketC2ESt8weak_ptrI12W5500ManagerERK10SocketInfo
                0x00000000080017e0        0x4 CMakeFiles/stm32Cheap.elf.dir/Src/W5500Socket.cpp.obj
                0x00000000080017e0                W5500Socket::W5500Socket(std::weak_ptr<W5500Manager>, SocketInfo const&)
                0x00000000080017e0                W5500Socket::W5500Socket(std::weak_ptr<W5500Manager>, SocketInfo const&)
 .text._ZN11W5500Socket8getStateEv
                0x00000000080017e4       0x18 CMakeFiles/stm32Cheap.elf.dir/Src/W5500Socket.cpp.obj
                0x00000000080017e4                W5500Socket::getState()
 .text.RunCode  0x00000000080017fc       0xc8 CMakeFiles/stm32Cheap.elf.dir/Src/WOLInterface.cpp.obj
                0x00000000080017fc                RunCode
 .text._ZNSt23_Sp_counted_ptr_inplaceI12W5500ManagerSaIS0_ELN9__gnu_cxx12_Lock_policyE0EED2Ev
                0x00000000080018c4        0x4 CMakeFiles/stm32Cheap.elf.dir/Src/WOLManager.cpp.obj
                0x00000000080018c4                std::_Sp_counted_ptr_inplace<W5500Manager, std::allocator<W5500Manager>, (__gnu_cxx::_Lock_policy)0>::~_Sp_counted_ptr_inplace()
                0x00000000080018c4                std::_Sp_counted_ptr_inplace<W5500Manager, std::allocator<W5500Manager>, (__gnu_cxx::_Lock_policy)0>::~_Sp_counted_ptr_inplace()
 .text._ZNSt23_Sp_counted_ptr_inplaceI12W5500ManagerSaIS0_ELN9__gnu_cxx12_Lock_policyE0EE14_M_get_deleterERKSt9type_info
                0x00000000080018c8       0x24 CMakeFiles/stm32Cheap.elf.dir/Src/WOLManager.cpp.obj
                0x00000000080018c8                std::_Sp_counted_ptr_inplace<W5500Manager, std::allocator<W5500Manager>, (__gnu_cxx::_Lock_policy)0>::_M_get_deleter(std::type_info const&)
 .text._ZNSt23_Sp_counted_ptr_inplaceI12W5500ManagerSaIS0_ELN9__gnu_cxx12_Lock_policyE0EED0Ev
                0x00000000080018ec        0xc CMakeFiles/stm32Cheap.elf.dir/Src/WOLManager.cpp.obj
                0x00000000080018ec                std::_Sp_counted_ptr_inplace<W5500Manager, std::allocator<W5500Manager>, (__gnu_cxx::_Lock_policy)0>::~_Sp_counted_ptr_inplace()
 .text._ZNSt23_Sp_counted_ptr_inplaceI12W5500ManagerSaIS0_ELN9__gnu_cxx12_Lock_policyE0EE10_M_destroyEv
                0x00000000080018f8        0x4 CMakeFiles/stm32Cheap.elf.dir/Src/WOLManager.cpp.obj
                0x00000000080018f8                std::_Sp_counted_ptr_inplace<W5500Manager, std::allocator<W5500Manager>, (__gnu_cxx::_Lock_policy)0>::_M_destroy()
 .text._ZNSt23_Sp_counted_ptr_inplaceI12W5500ManagerSaIS0_ELN9__gnu_cxx12_Lock_policyE0EE10_M_disposeEv
                0x00000000080018fc       0x24 CMakeFiles/stm32Cheap.elf.dir/Src/WOLManager.cpp.obj
                0x00000000080018fc                std::_Sp_counted_ptr_inplace<W5500Manager, std::allocator<W5500Manager>, (__gnu_cxx::_Lock_policy)0>::_M_dispose()
 .text._ZN10WOLManagerC2ERK15W5500DeviceInfoRK13LEDDeviceInfo
                0x0000000008001920       0xe0 CMakeFiles/stm32Cheap.elf.dir/Src/WOLManager.cpp.obj
                0x0000000008001920                WOLManager::WOLManager(W5500DeviceInfo const&, LEDDeviceInfo const&)
                0x0000000008001920                WOLManager::WOLManager(W5500DeviceInfo const&, LEDDeviceInfo const&)
 .text._ZN10WOLManager3RunEv
                0x0000000008001a00       0x74 CMakeFiles/stm32Cheap.elf.dir/Src/WOLManager.cpp.obj
                0x0000000008001a00                WOLManager::Run()
 .text.MX_GPIO_Init
                0x0000000008001a74       0xc0 CMakeFiles/stm32Cheap.elf.dir/Src/gpio.c.obj
                0x0000000008001a74                MX_GPIO_Init
 .text.SystemClock_Config
                0x0000000008001b34       0x5c CMakeFiles/stm32Cheap.elf.dir/Src/main.c.obj
                0x0000000008001b34                SystemClock_Config
 .text.startup.main
                0x0000000008001b90       0x20 CMakeFiles/stm32Cheap.elf.dir/Src/main.c.obj
                0x0000000008001b90                main
 .text.Error_Handler
                0x0000000008001bb0        0x4 CMakeFiles/stm32Cheap.elf.dir/Src/main.c.obj
                0x0000000008001bb0                Error_Handler
 .text.MX_SPI1_Init
                0x0000000008001bb4       0x48 CMakeFiles/stm32Cheap.elf.dir/Src/spi.c.obj
                0x0000000008001bb4                MX_SPI1_Init
 .text.HAL_SPI_MspInit
                0x0000000008001bfc       0x74 CMakeFiles/stm32Cheap.elf.dir/Src/spi.c.obj
                0x0000000008001bfc                HAL_SPI_MspInit
 .text.HAL_MspInit
                0x0000000008001c70       0x44 CMakeFiles/stm32Cheap.elf.dir/Src/stm32f1xx_hal_msp.c.obj
                0x0000000008001c70                HAL_MspInit
 .text.NMI_Handler
                0x0000000008001cb4        0x4 CMakeFiles/stm32Cheap.elf.dir/Src/stm32f1xx_it.c.obj
                0x0000000008001cb4                NMI_Handler
 .text.HardFault_Handler
                0x0000000008001cb8        0x4 CMakeFiles/stm32Cheap.elf.dir/Src/stm32f1xx_it.c.obj
                0x0000000008001cb8                HardFault_Handler
 .text.MemManage_Handler
                0x0000000008001cbc        0x4 CMakeFiles/stm32Cheap.elf.dir/Src/stm32f1xx_it.c.obj
                0x0000000008001cbc                MemManage_Handler
 .text.BusFault_Handler
                0x0000000008001cc0        0x4 CMakeFiles/stm32Cheap.elf.dir/Src/stm32f1xx_it.c.obj
                0x0000000008001cc0                BusFault_Handler
 .text.UsageFault_Handler
                0x0000000008001cc4        0x4 CMakeFiles/stm32Cheap.elf.dir/Src/stm32f1xx_it.c.obj
                0x0000000008001cc4                UsageFault_Handler
 .text.SVC_Handler
                0x0000000008001cc8        0x4 CMakeFiles/stm32Cheap.elf.dir/Src/stm32f1xx_it.c.obj
                0x0000000008001cc8                SVC_Handler
 .text.DebugMon_Handler
                0x0000000008001ccc        0x4 CMakeFiles/stm32Cheap.elf.dir/Src/stm32f1xx_it.c.obj
                0x0000000008001ccc                DebugMon_Handler
 .text.PendSV_Handler
                0x0000000008001cd0        0x4 CMakeFiles/stm32Cheap.elf.dir/Src/stm32f1xx_it.c.obj
                0x0000000008001cd0                PendSV_Handler
 .text.SysTick_Handler
                0x0000000008001cd4        0x4 CMakeFiles/stm32Cheap.elf.dir/Src/stm32f1xx_it.c.obj
                0x0000000008001cd4                SysTick_Handler
 .text.TIM2_IRQHandler
                0x0000000008001cd8        0xc CMakeFiles/stm32Cheap.elf.dir/Src/stm32f1xx_it.c.obj
                0x0000000008001cd8                TIM2_IRQHandler
 .text._getpid  0x0000000008001ce4        0x4 CMakeFiles/stm32Cheap.elf.dir/Src/syscalls.c.obj
                0x0000000008001ce4                _getpid
 .text._kill    0x0000000008001ce8       0x10 CMakeFiles/stm32Cheap.elf.dir/Src/syscalls.c.obj
                0x0000000008001ce8                _kill
 .text._exit    0x0000000008001cf8        0xc CMakeFiles/stm32Cheap.elf.dir/Src/syscalls.c.obj
                0x0000000008001cf8                _exit
 .text._sbrk    0x0000000008001d04       0x3c CMakeFiles/stm32Cheap.elf.dir/Src/syscalls.c.obj
                0x0000000008001d04                _sbrk
 .text.SystemInit
                0x0000000008001d40       0x50 CMakeFiles/stm32Cheap.elf.dir/Src/system_stm32f1xx.c.obj
                0x0000000008001d40                SystemInit
 .text.MX_TIM2_Init
                0x0000000008001d90       0x70 CMakeFiles/stm32Cheap.elf.dir/Src/tim.c.obj
                0x0000000008001d90                MX_TIM2_Init
 .text.HAL_TIM_Base_MspInit
                0x0000000008001e00       0x3c CMakeFiles/stm32Cheap.elf.dir/Src/tim.c.obj
                0x0000000008001e00                HAL_TIM_Base_MspInit
 .text.Reset_Handler
                0x0000000008001e3c       0x48 CMakeFiles/stm32Cheap.elf.dir/startup/startup_stm32f103xb.s.obj
                0x0000000008001e3c                Reset_Handler
 .text.Default_Handler
                0x0000000008001e84        0x2 CMakeFiles/stm32Cheap.elf.dir/startup/startup_stm32f103xb.s.obj
                0x0000000008001e84                RTC_Alarm_IRQHandler
                0x0000000008001e84                EXTI2_IRQHandler
                0x0000000008001e84                TIM1_CC_IRQHandler
                0x0000000008001e84                PVD_IRQHandler
                0x0000000008001e84                EXTI3_IRQHandler
                0x0000000008001e84                EXTI0_IRQHandler
                0x0000000008001e84                I2C2_EV_IRQHandler
                0x0000000008001e84                ADC1_2_IRQHandler
                0x0000000008001e84                SPI1_IRQHandler
                0x0000000008001e84                TAMPER_IRQHandler
                0x0000000008001e84                DMA1_Channel4_IRQHandler
                0x0000000008001e84                USART3_IRQHandler
                0x0000000008001e84                RTC_IRQHandler
                0x0000000008001e84                DMA1_Channel7_IRQHandler
                0x0000000008001e84                CAN1_RX1_IRQHandler
                0x0000000008001e84                TIM4_IRQHandler
                0x0000000008001e84                I2C1_EV_IRQHandler
                0x0000000008001e84                DMA1_Channel6_IRQHandler
                0x0000000008001e84                TIM3_IRQHandler
                0x0000000008001e84                RCC_IRQHandler
                0x0000000008001e84                TIM1_TRG_COM_IRQHandler
                0x0000000008001e84                DMA1_Channel1_IRQHandler
                0x0000000008001e84                Default_Handler
                0x0000000008001e84                EXTI15_10_IRQHandler
                0x0000000008001e84                EXTI9_5_IRQHandler
                0x0000000008001e84                SPI2_IRQHandler
                0x0000000008001e84                DMA1_Channel5_IRQHandler
                0x0000000008001e84                EXTI4_IRQHandler
                0x0000000008001e84                USB_LP_CAN1_RX0_IRQHandler
                0x0000000008001e84                USB_HP_CAN1_TX_IRQHandler
                0x0000000008001e84                DMA1_Channel3_IRQHandler
                0x0000000008001e84                TIM1_UP_IRQHandler
                0x0000000008001e84                WWDG_IRQHandler
                0x0000000008001e84                TIM1_BRK_IRQHandler
                0x0000000008001e84                EXTI1_IRQHandler
                0x0000000008001e84                USART2_IRQHandler
                0x0000000008001e84                I2C2_ER_IRQHandler
                0x0000000008001e84                DMA1_Channel2_IRQHandler
                0x0000000008001e84                CAN1_SCE_IRQHandler
                0x0000000008001e84                FLASH_IRQHandler
                0x0000000008001e84                USART1_IRQHandler
                0x0000000008001e84                I2C1_ER_IRQHandler
                0x0000000008001e84                USBWakeUp_IRQHandler
 .text._ZL23__gxx_exception_cleanup19_Unwind_Reason_CodeP21_Unwind_Control_Block
                0x0000000008001e86       0x44 /usr/lib/gcc/arm-none-eabi/8.3.0/../../../../arm-none-eabi/lib/thumb/v7-m/nofp/libstdc++_nano.a(eh_throw.o)
 *fill*         0x0000000008001eca        0x2 
 .text.__cxa_init_primary_exception
                0x0000000008001ecc       0x58 /usr/lib/gcc/arm-none-eabi/8.3.0/../../../../arm-none-eabi/lib/thumb/v7-m/nofp/libstdc++_nano.a(eh_throw.o)
                0x0000000008001ecc                __cxa_init_primary_exception
 .text.__cxa_throw
                0x0000000008001f24       0x34 /usr/lib/gcc/arm-none-eabi/8.3.0/../../../../arm-none-eabi/lib/thumb/v7-m/nofp/libstdc++_nano.a(eh_throw.o)
                0x0000000008001f24                __cxa_throw
 .text._ZN10__cxxabiv111__terminateEPFvvE
                0x0000000008001f58        0x8 /usr/lib/gcc/arm-none-eabi/8.3.0/../../../../arm-none-eabi/lib/thumb/v7-m/nofp/libstdc++_nano.a(eh_terminate.o)
                0x0000000008001f58                __cxxabiv1::__terminate(void (*)())
 .text._ZSt13get_terminatev
                0x0000000008001f60       0x10 /usr/lib/gcc/arm-none-eabi/8.3.0/../../../../arm-none-eabi/lib/thumb/v7-m/nofp/libstdc++_nano.a(eh_terminate.o)
                0x0000000008001f60                std::get_terminate()
 .text._ZSt9terminatev
                0x0000000008001f70        0xa /usr/lib/gcc/arm-none-eabi/8.3.0/../../../../arm-none-eabi/lib/thumb/v7-m/nofp/libstdc++_nano.a(eh_terminate.o)
                0x0000000008001f70                std::terminate()
 .text._ZN10__cxxabiv112__unexpectedEPFvvE
                0x0000000008001f7a        0x8 /usr/lib/gcc/arm-none-eabi/8.3.0/../../../../arm-none-eabi/lib/thumb/v7-m/nofp/libstdc++_nano.a(eh_terminate.o)
                0x0000000008001f7a                __cxxabiv1::__unexpected(void (*)())
 *fill*         0x0000000008001f82        0x2 
 .text._ZSt14get_unexpectedv
                0x0000000008001f84       0x10 /usr/lib/gcc/arm-none-eabi/8.3.0/../../../../arm-none-eabi/lib/thumb/v7-m/nofp/libstdc++_nano.a(eh_terminate.o)
                0x0000000008001f84                std::get_unexpected()
 .text._ZSt10unexpectedv
                0x0000000008001f94        0xa /usr/lib/gcc/arm-none-eabi/8.3.0/../../../../arm-none-eabi/lib/thumb/v7-m/nofp/libstdc++_nano.a(eh_terminate.o)
                0x0000000008001f94                std::unexpected()
 .text._ZNK10__cxxabiv117__class_type_info11__do_upcastEPKS0_PPv
                0x0000000008001f9e       0x34 /usr/lib/gcc/arm-none-eabi/8.3.0/../../../../arm-none-eabi/lib/thumb/v7-m/nofp/libstdc++_nano.a(class_type_info.o)
                0x0000000008001f9e                __cxxabiv1::__class_type_info::__do_upcast(__cxxabiv1::__class_type_info const*, void**) const
 .text._ZNK10__cxxabiv117__class_type_info20__do_find_public_srcEiPKvPKS0_S2_
                0x0000000008001fd2        0xc /usr/lib/gcc/arm-none-eabi/8.3.0/../../../../arm-none-eabi/lib/thumb/v7-m/nofp/libstdc++_nano.a(class_type_info.o)
                0x0000000008001fd2                __cxxabiv1::__class_type_info::__do_find_public_src(int, void const*, __cxxabiv1::__class_type_info const*, void const*) const
 *fill*         0x0000000008001fde        0x2 
 .text._ZN10__cxxabiv117__class_type_infoD2Ev
                0x0000000008001fe0       0x14 /usr/lib/gcc/arm-none-eabi/8.3.0/../../../../arm-none-eabi/lib/thumb/v7-m/nofp/libstdc++_nano.a(class_type_info.o)
                0x0000000008001fe0                __cxxabiv1::__class_type_info::~__class_type_info()
                0x0000000008001fe0                __cxxabiv1::__class_type_info::~__class_type_info()
 .text._ZN10__cxxabiv117__class_type_infoD0Ev
                0x0000000008001ff4       0x14 /usr/lib/gcc/arm-none-eabi/8.3.0/../../../../arm-none-eabi/lib/thumb/v7-m/nofp/libstdc++_nano.a(class_type_info.o)
                0x0000000008001ff4                __cxxabiv1::__class_type_info::~__class_type_info()
 .text._ZNK10__cxxabiv117__class_type_info12__do_dyncastEiNS0_10__sub_kindEPKS0_PKvS3_S5_RNS0_16__dyncast_resultE
                0x0000000008002008       0x3a /usr/lib/gcc/arm-none-eabi/8.3.0/../../../../arm-none-eabi/lib/thumb/v7-m/nofp/libstdc++_nano.a(class_type_info.o)
                0x0000000008002008                __cxxabiv1::__class_type_info::__do_dyncast(int, __cxxabiv1::__class_type_info::__sub_kind, __cxxabiv1::__class_type_info const*, void const*, __cxxabiv1::__class_type_info const*, void const*, __cxxabiv1::__class_type_info::__dyncast_result&) const
 .text._ZNK10__cxxabiv117__class_type_info11__do_upcastEPKS0_PKvRNS0_15__upcast_resultE
                0x0000000008002042       0x18 /usr/lib/gcc/arm-none-eabi/8.3.0/../../../../arm-none-eabi/lib/thumb/v7-m/nofp/libstdc++_nano.a(class_type_info.o)
                0x0000000008002042                __cxxabiv1::__class_type_info::__do_upcast(__cxxabiv1::__class_type_info const*, void const*, __cxxabiv1::__class_type_info::__upcast_result&) const
 .text._ZNK10__cxxabiv117__class_type_info10__do_catchEPKSt9type_infoPPvj
                0x000000000800205a       0x2a /usr/lib/gcc/arm-none-eabi/8.3.0/../../../../arm-none-eabi/lib/thumb/v7-m/nofp/libstdc++_nano.a(class_type_info.o)
                0x000000000800205a                __cxxabiv1::__class_type_info::__do_catch(std::type_info const*, void**, unsigned int) const
 .text.__cxa_get_globals
                0x0000000008002084        0x8 /usr/lib/gcc/arm-none-eabi/8.3.0/../../../../arm-none-eabi/lib/thumb/v7-m/nofp/libstdc++_nano.a(eh_globals.o)
                0x0000000008002084                __cxa_get_globals
 .text._ZL12read_uleb128PKhPm
                0x000000000800208c       0x1e /usr/lib/gcc/arm-none-eabi/8.3.0/../../../../arm-none-eabi/lib/thumb/v7-m/nofp/libstdc++_nano.a(eh_personality.o)
 .text._ZL12read_sleb128PKhPl
                0x00000000080020aa       0x30 /usr/lib/gcc/arm-none-eabi/8.3.0/../../../../arm-none-eabi/lib/thumb/v7-m/nofp/libstdc++_nano.a(eh_personality.o)
 .text._ZL28read_encoded_value_with_basehjPKhPj
                0x00000000080020da       0x88 /usr/lib/gcc/arm-none-eabi/8.3.0/../../../../arm-none-eabi/lib/thumb/v7-m/nofp/libstdc++_nano.a(eh_personality.o)
 .text._ZL21base_of_encoded_valuehP15_Unwind_Context
                0x0000000008002162       0x46 /usr/lib/gcc/arm-none-eabi/8.3.0/../../../../arm-none-eabi/lib/thumb/v7-m/nofp/libstdc++_nano.a(eh_personality.o)
 .text._ZL18read_encoded_valueP15_Unwind_ContexthPKhPj
                0x00000000080021a8       0x20 /usr/lib/gcc/arm-none-eabi/8.3.0/../../../../arm-none-eabi/lib/thumb/v7-m/nofp/libstdc++_nano.a(eh_personality.o)
 .text._ZL17parse_lsda_headerP15_Unwind_ContextPKhP16lsda_header_info
                0x00000000080021c8       0x5e /usr/lib/gcc/arm-none-eabi/8.3.0/../../../../arm-none-eabi/lib/thumb/v7-m/nofp/libstdc++_nano.a(eh_personality.o)
 .text._Unwind_GetGR
                0x0000000008002226       0x18 /usr/lib/gcc/arm-none-eabi/8.3.0/../../../../arm-none-eabi/lib/thumb/v7-m/nofp/libstdc++_nano.a(eh_personality.o)
 *fill*         0x000000000800223e        0x2 
 .text.__gxx_personality_v0
                0x0000000008002240      0x338 /usr/lib/gcc/arm-none-eabi/8.3.0/../../../../arm-none-eabi/lib/thumb/v7-m/nofp/libstdc++_nano.a(eh_personality.o)
                0x0000000008002240                __gxx_personality_v0
 .text._Znwj    0x0000000008002578       0x20 /usr/lib/gcc/arm-none-eabi/8.3.0/../../../../arm-none-eabi/lib/thumb/v7-m/nofp/libstdc++_nano.a(new_op.o)
                0x0000000008002578                operator new(unsigned int)
 .text.__cxa_end_cleanup
                0x0000000008002598        0xc /usr/lib/gcc/arm-none-eabi/8.3.0/../../../../arm-none-eabi/lib/thumb/v7-m/nofp/libstdc++_nano.a(eh_arm.o)
                0x0000000008002598                __cxa_end_cleanup
 .text._ZN10__cxxabiv1L24__is_gxx_exception_classEPc
                0x00000000080025a4       0x3a /usr/lib/gcc/arm-none-eabi/8.3.0/../../../../arm-none-eabi/lib/thumb/v7-m/nofp/libstdc++_nano.a(eh_arm.o)
 *fill*         0x00000000080025de        0x2 
 .text.__cxa_type_match
                0x00000000080025e0       0xbc /usr/lib/gcc/arm-none-eabi/8.3.0/../../../../arm-none-eabi/lib/thumb/v7-m/nofp/libstdc++_nano.a(eh_arm.o)
                0x00000000080025e0                __cxa_type_match
 .text.__cxa_begin_cleanup
                0x000000000800269c       0x3a /usr/lib/gcc/arm-none-eabi/8.3.0/../../../../arm-none-eabi/lib/thumb/v7-m/nofp/libstdc++_nano.a(eh_arm.o)
                0x000000000800269c                __cxa_begin_cleanup
 .text.__gnu_end_cleanup
                0x00000000080026d6       0x32 /usr/lib/gcc/arm-none-eabi/8.3.0/../../../../arm-none-eabi/lib/thumb/v7-m/nofp/libstdc++_nano.a(eh_arm.o)
                0x00000000080026d6                __gnu_end_cleanup
 .text._ZN10__cxxabiv120__si_class_type_infoD2Ev
                0x0000000008002708       0x14 /usr/lib/gcc/arm-none-eabi/8.3.0/../../../../arm-none-eabi/lib/thumb/v7-m/nofp/libstdc++_nano.a(si_class_type_info.o)
                0x0000000008002708                __cxxabiv1::__si_class_type_info::~__si_class_type_info()
                0x0000000008002708                __cxxabiv1::__si_class_type_info::~__si_class_type_info()
 .text._ZN10__cxxabiv120__si_class_type_infoD0Ev
                0x000000000800271c       0x14 /usr/lib/gcc/arm-none-eabi/8.3.0/../../../../arm-none-eabi/lib/thumb/v7-m/nofp/libstdc++_nano.a(si_class_type_info.o)
                0x000000000800271c                __cxxabiv1::__si_class_type_info::~__si_class_type_info()
 .text._ZNK10__cxxabiv120__si_class_type_info20__do_find_public_srcEiPKvPKNS_17__class_type_infoES2_
                0x0000000008002730       0x38 /usr/lib/gcc/arm-none-eabi/8.3.0/../../../../arm-none-eabi/lib/thumb/v7-m/nofp/libstdc++_nano.a(si_class_type_info.o)
                0x0000000008002730                __cxxabiv1::__si_class_type_info::__do_find_public_src(int, void const*, __cxxabiv1::__class_type_info const*, void const*) const
 .text._ZNK10__cxxabiv120__si_class_type_info12__do_dyncastEiNS_17__class_type_info10__sub_kindEPKS1_PKvS4_S6_RNS1_16__dyncast_resultE
                0x0000000008002768       0x74 /usr/lib/gcc/arm-none-eabi/8.3.0/../../../../arm-none-eabi/lib/thumb/v7-m/nofp/libstdc++_nano.a(si_class_type_info.o)
                0x0000000008002768                __cxxabiv1::__si_class_type_info::__do_dyncast(int, __cxxabiv1::__class_type_info::__sub_kind, __cxxabiv1::__class_type_info const*, void const*, __cxxabiv1::__class_type_info const*, void const*, __cxxabiv1::__class_type_info::__dyncast_result&) const
 .text._ZNK10__cxxabiv120__si_class_type_info11__do_upcastEPKNS_17__class_type_infoEPKvRNS1_15__upcast_resultE
                0x00000000080027dc       0x2a /usr/lib/gcc/arm-none-eabi/8.3.0/../../../../arm-none-eabi/lib/thumb/v7-m/nofp/libstdc++_nano.a(si_class_type_info.o)
                0x00000000080027dc                __cxxabiv1::__si_class_type_info::__do_upcast(__cxxabiv1::__class_type_info const*, void const*, __cxxabiv1::__class_type_info::__upcast_result&) const
 *fill*         0x0000000008002806        0x2 
 .text._ZN12_GLOBAL__N_14pool4freeEPv.constprop.4
                0x0000000008002808       0x70 /usr/lib/gcc/arm-none-eabi/8.3.0/../../../../arm-none-eabi/lib/thumb/v7-m/nofp/libstdc++_nano.a(eh_alloc.o)
 .text._ZN12_GLOBAL__N_14pool8allocateEj.constprop.5
                0x0000000008002878       0x48 /usr/lib/gcc/arm-none-eabi/8.3.0/../../../../arm-none-eabi/lib/thumb/v7-m/nofp/libstdc++_nano.a(eh_alloc.o)
 .text.__cxa_allocate_exception
                0x00000000080028c0       0x2c /usr/lib/gcc/arm-none-eabi/8.3.0/../../../../arm-none-eabi/lib/thumb/v7-m/nofp/libstdc++_nano.a(eh_alloc.o)
                0x00000000080028c0                __cxa_allocate_exception
 .text.__cxa_free_exception
                0x00000000080028ec       0x20 /usr/lib/gcc/arm-none-eabi/8.3.0/../../../../arm-none-eabi/lib/thumb/v7-m/nofp/libstdc++_nano.a(eh_alloc.o)
                0x00000000080028ec                __cxa_free_exception
 .text.startup._GLOBAL__sub_I__ZN9__gnu_cxx9__freeresEv
                0x000000000800290c       0x28 /usr/lib/gcc/arm-none-eabi/8.3.0/../../../../arm-none-eabi/lib/thumb/v7-m/nofp/libstdc++_nano.a(eh_alloc.o)
 .text._ZN10__cxxabiv1L24__is_gxx_exception_classEPc
                0x0000000008002934       0x3a /usr/lib/gcc/arm-none-eabi/8.3.0/../../../../arm-none-eabi/lib/thumb/v7-m/nofp/libstdc++_nano.a(eh_call.o)
 .text.__cxa_call_terminate
                0x000000000800296e       0x1e /usr/lib/gcc/arm-none-eabi/8.3.0/../../../../arm-none-eabi/lib/thumb/v7-m/nofp/libstdc++_nano.a(eh_call.o)
                0x000000000800296e                __cxa_call_terminate
 .text.__cxa_call_unexpected
                0x000000000800298c       0x28 /usr/lib/gcc/arm-none-eabi/8.3.0/../../../../arm-none-eabi/lib/thumb/v7-m/nofp/libstdc++_nano.a(eh_call.o)
                0x000000000800298c                __cxa_call_unexpected
 .text._ZNSt9exceptionD2Ev
                0x00000000080029b4        0x2 /usr/lib/gcc/arm-none-eabi/8.3.0/../../../../arm-none-eabi/lib/thumb/v7-m/nofp/libstdc++_nano.a(eh_exception.o)
                0x00000000080029b4                std::exception::~exception()
                0x00000000080029b4                std::exception::~exception()
 .text._ZNSt9type_infoD2Ev
                0x00000000080029b6        0x2 /usr/lib/gcc/arm-none-eabi/8.3.0/../../../../arm-none-eabi/lib/thumb/v7-m/nofp/libstdc++_nano.a(tinfo.o)
                0x00000000080029b6                std::type_info::~type_info()
                0x00000000080029b6                std::type_info::~type_info()
 .text._ZNKSt9type_info14__is_pointer_pEv
                0x00000000080029b8        0x4 /usr/lib/gcc/arm-none-eabi/8.3.0/../../../../arm-none-eabi/lib/thumb/v7-m/nofp/libstdc++_nano.a(tinfo.o)
                0x00000000080029b8                std::type_info::__is_function_p() const
                0x00000000080029b8                std::type_info::__is_pointer_p() const
 .text._ZNKSt9type_infoeqERKS_
                0x00000000080029bc       0x2c /usr/lib/gcc/arm-none-eabi/8.3.0/../../../../arm-none-eabi/lib/thumb/v7-m/nofp/libstdc++_nano.a(tinfo.o)
                0x00000000080029bc                std::type_info::operator==(std::type_info const&) const
 .text._ZdlPv   0x00000000080029e8        0x4 /usr/lib/gcc/arm-none-eabi/8.3.0/../../../../arm-none-eabi/lib/thumb/v7-m/nofp/libstdc++_nano.a(del_op.o)
                0x00000000080029e8                operator delete(void*)
 .text._ZSt15get_new_handlerv
                0x00000000080029ec       0x10 /usr/lib/gcc/arm-none-eabi/8.3.0/../../../../arm-none-eabi/lib/thumb/v7-m/nofp/libstdc++_nano.a(new_handler.o)
                0x00000000080029ec                std::get_new_handler()
 .text._ZNSt11char_traitsIcE4copyEPcPKcj
                0x00000000080029fc        0x8 /usr/lib/gcc/arm-none-eabi/8.3.0/../../../../arm-none-eabi/lib/thumb/v7-m/nofp/libstdc++_nano.a(string-inst.o)
                0x00000000080029fc                std::char_traits<char>::copy(char*, char const*, unsigned int)
 .text._ZNSt7__cxx1112basic_stringIcSt11char_traitsIcESaIcEE9_M_createERjj
                0x0000000008002a04       0x34 /usr/lib/gcc/arm-none-eabi/8.3.0/../../../../arm-none-eabi/lib/thumb/v7-m/nofp/libstdc++_nano.a(string-inst.o)
                0x0000000008002a04                std::__cxx11::basic_string<char, std::char_traits<char>, std::allocator<char> >::_M_create(unsigned int&, unsigned int)
 .text._ZNSt7__cxx1112basic_stringIcSt11char_traitsIcESaIcEE10_M_disposeEv
                0x0000000008002a38       0x10 /usr/lib/gcc/arm-none-eabi/8.3.0/../../../../arm-none-eabi/lib/thumb/v7-m/nofp/libstdc++_nano.a(string-inst.o)
                0x0000000008002a38                std::__cxx11::basic_string<char, std::char_traits<char>, std::allocator<char> >::_M_dispose()
 .text._ZNKSt7__cxx1112basic_stringIcSt11char_traitsIcESaIcEE15_M_check_lengthEjjPKc
                0x0000000008002a48       0x18 /usr/lib/gcc/arm-none-eabi/8.3.0/../../../../arm-none-eabi/lib/thumb/v7-m/nofp/libstdc++_nano.a(string-inst.o)
                0x0000000008002a48                std::__cxx11::basic_string<char, std::char_traits<char>, std::allocator<char> >::_M_check_length(unsigned int, unsigned int, char const*) const
 .text._ZNKSt7__cxx1112basic_stringIcSt11char_traitsIcESaIcEE11_M_disjunctEPKc
                0x0000000008002a60       0x18 /usr/lib/gcc/arm-none-eabi/8.3.0/../../../../arm-none-eabi/lib/thumb/v7-m/nofp/libstdc++_nano.a(string-inst.o)
                0x0000000008002a60                std::__cxx11::basic_string<char, std::char_traits<char>, std::allocator<char> >::_M_disjunct(char const*) const
 .text._ZNSt7__cxx1112basic_stringIcSt11char_traitsIcESaIcEE7_S_copyEPcPKcj
                0x0000000008002a78       0x12 /usr/lib/gcc/arm-none-eabi/8.3.0/../../../../arm-none-eabi/lib/thumb/v7-m/nofp/libstdc++_nano.a(string-inst.o)
                0x0000000008002a78                std::__cxx11::basic_string<char, std::char_traits<char>, std::allocator<char> >::_S_copy(char*, char const*, unsigned int)
 .text._ZNSt7__cxx1112basic_stringIcSt11char_traitsIcESaIcEE7_S_moveEPcPKcj
                0x0000000008002a8a       0x18 /usr/lib/gcc/arm-none-eabi/8.3.0/../../../../arm-none-eabi/lib/thumb/v7-m/nofp/libstdc++_nano.a(string-inst.o)
                0x0000000008002a8a                std::__cxx11::basic_string<char, std::char_traits<char>, std::allocator<char> >::_S_move(char*, char const*, unsigned int)
 .text._ZNSt7__cxx1112basic_stringIcSt11char_traitsIcESaIcEE9_M_assignERKS4_
                0x0000000008002aa2       0x4c /usr/lib/gcc/arm-none-eabi/8.3.0/../../../../arm-none-eabi/lib/thumb/v7-m/nofp/libstdc++_nano.a(string-inst.o)
                0x0000000008002aa2                std::__cxx11::basic_string<char, std::char_traits<char>, std::allocator<char> >::_M_assign(std::__cxx11::basic_string<char, std::char_traits<char>, std::allocator<char> > const&)
 .text._ZNSt7__cxx1112basic_stringIcSt11char_traitsIcESaIcEE9_M_mutateEjjPKcj
                0x0000000008002aee       0x76 /usr/lib/gcc/arm-none-eabi/8.3.0/../../../../arm-none-eabi/lib/thumb/v7-m/nofp/libstdc++_nano.a(string-inst.o)
                0x0000000008002aee                std::__cxx11::basic_string<char, std::char_traits<char>, std::allocator<char> >::_M_mutate(unsigned int, unsigned int, char const*, unsigned int)
 .text._ZNSt7__cxx1112basic_stringIcSt11char_traitsIcESaIcEE10_M_replaceEjjPKcj
                0x0000000008002b64       0xfc /usr/lib/gcc/arm-none-eabi/8.3.0/../../../../arm-none-eabi/lib/thumb/v7-m/nofp/libstdc++_nano.a(string-inst.o)
                0x0000000008002b64                std::__cxx11::basic_string<char, std::char_traits<char>, std::allocator<char> >::_M_replace(unsigned int, unsigned int, char const*, unsigned int)
 .text.unlikely._ZSt20__throw_length_errorPKc
                0x0000000008002c60        0x6 /usr/lib/gcc/arm-none-eabi/8.3.0/../../../../arm-none-eabi/lib/thumb/v7-m/nofp/libstdc++_nano.a(functexcept.o)
                0x0000000008002c60                std::__throw_length_error(char const*)
 *fill*         0x0000000008002c66        0x2 
 .text._ZNKSt12bad_weak_ptr4whatEv
                0x0000000008002c68        0x8 /usr/lib/gcc/arm-none-eabi/8.3.0/../../../../arm-none-eabi/lib/thumb/v7-m/nofp/libstdc++_nano.a(shared_ptr.o)
                0x0000000008002c68                std::bad_weak_ptr::what() const
 .text._ZNSt12bad_weak_ptrD2Ev
                0x0000000008002c70       0x14 /usr/lib/gcc/arm-none-eabi/8.3.0/../../../../arm-none-eabi/lib/thumb/v7-m/nofp/libstdc++_nano.a(shared_ptr.o)
                0x0000000008002c70                std::bad_weak_ptr::~bad_weak_ptr()
                0x0000000008002c70                std::bad_weak_ptr::~bad_weak_ptr()
 .text._ZNSt12bad_weak_ptrD0Ev
                0x0000000008002c84       0x12 /usr/lib/gcc/arm-none-eabi/8.3.0/../../../../arm-none-eabi/lib/thumb/v7-m/nofp/libstdc++_nano.a(shared_ptr.o)
                0x0000000008002c84                std::bad_weak_ptr::~bad_weak_ptr()
 .text._ZN10__cxxabiv1L24__is_gxx_exception_classEPc
                0x0000000008002c96       0x3a /usr/lib/gcc/arm-none-eabi/8.3.0/../../../../arm-none-eabi/lib/thumb/v7-m/nofp/libstdc++_nano.a(eh_catch.o)
 .text.__cxa_begin_catch
                0x0000000008002cd0       0x52 /usr/lib/gcc/arm-none-eabi/8.3.0/../../../../arm-none-eabi/lib/thumb/v7-m/nofp/libstdc++_nano.a(eh_catch.o)
                0x0000000008002cd0                __cxa_begin_catch
 .text._ZdlPvj  0x0000000008002d22        0x4 /usr/lib/gcc/arm-none-eabi/8.3.0/../../../../arm-none-eabi/lib/thumb/v7-m/nofp/libstdc++_nano.a(del_ops.o)
                0x0000000008002d22                operator delete(void*, unsigned int)
 .text.selfrel_offset31
                0x0000000008002d26       0x12 /usr/lib/gcc/arm-none-eabi/8.3.0/thumb/v7-m/nofp/libgcc.a(unwind-arm.o)
 .text.search_EIT_table
                0x0000000008002d38       0x5e /usr/lib/gcc/arm-none-eabi/8.3.0/thumb/v7-m/nofp/libgcc.a(unwind-arm.o)
 *fill*         0x0000000008002d96        0x2 
 .text.__gnu_unwind_get_pr_addr
                0x0000000008002d98       0x28 /usr/lib/gcc/arm-none-eabi/8.3.0/thumb/v7-m/nofp/libgcc.a(unwind-arm.o)
 .text.get_eit_entry
                0x0000000008002dc0       0x94 /usr/lib/gcc/arm-none-eabi/8.3.0/thumb/v7-m/nofp/libgcc.a(unwind-arm.o)
 .text.restore_non_core_regs
                0x0000000008002e54       0x4c /usr/lib/gcc/arm-none-eabi/8.3.0/thumb/v7-m/nofp/libgcc.a(unwind-arm.o)
 .text._Unwind_decode_typeinfo_ptr.isra.0
                0x0000000008002ea0        0xa /usr/lib/gcc/arm-none-eabi/8.3.0/thumb/v7-m/nofp/libgcc.a(unwind-arm.o)
 .text._Unwind_DebugHook
                0x0000000008002eaa        0x2 /usr/lib/gcc/arm-none-eabi/8.3.0/thumb/v7-m/nofp/libgcc.a(unwind-arm.o)
 .text.unwind_phase2
                0x0000000008002eac       0x3a /usr/lib/gcc/arm-none-eabi/8.3.0/thumb/v7-m/nofp/libgcc.a(unwind-arm.o)
 .text.unwind_phase2_forced
                0x0000000008002ee6       0xb6 /usr/lib/gcc/arm-none-eabi/8.3.0/thumb/v7-m/nofp/libgcc.a(unwind-arm.o)
 .text.__gnu_Unwind_RaiseException
                0x0000000008002f9c       0x5a /usr/lib/gcc/arm-none-eabi/8.3.0/thumb/v7-m/nofp/libgcc.a(unwind-arm.o)
                0x0000000008002f9c                __gnu_Unwind_RaiseException
 .text.__gnu_Unwind_ForcedUnwind
                0x0000000008002ff6       0x14 /usr/lib/gcc/arm-none-eabi/8.3.0/thumb/v7-m/nofp/libgcc.a(unwind-arm.o)
                0x0000000008002ff6                __gnu_Unwind_ForcedUnwind
 .text.__gnu_Unwind_Resume
                0x000000000800300a       0x40 /usr/lib/gcc/arm-none-eabi/8.3.0/thumb/v7-m/nofp/libgcc.a(unwind-arm.o)
                0x000000000800300a                __gnu_Unwind_Resume
 .text.__gnu_Unwind_Resume_or_Rethrow
                0x000000000800304a       0x12 /usr/lib/gcc/arm-none-eabi/8.3.0/thumb/v7-m/nofp/libgcc.a(unwind-arm.o)
                0x000000000800304a                __gnu_Unwind_Resume_or_Rethrow
 .text._Unwind_Complete
                0x000000000800305c        0x2 /usr/lib/gcc/arm-none-eabi/8.3.0/thumb/v7-m/nofp/libgcc.a(unwind-arm.o)
                0x000000000800305c                _Unwind_Complete
 .text._Unwind_VRS_Get
                0x000000000800305e       0x2a /usr/lib/gcc/arm-none-eabi/8.3.0/thumb/v7-m/nofp/libgcc.a(unwind-arm.o)
                0x000000000800305e                _Unwind_VRS_Get
 .text._Unwind_GetGR
                0x0000000008003088       0x18 /usr/lib/gcc/arm-none-eabi/8.3.0/thumb/v7-m/nofp/libgcc.a(unwind-arm.o)
 .text._Unwind_VRS_Set
                0x00000000080030a0       0x2a /usr/lib/gcc/arm-none-eabi/8.3.0/thumb/v7-m/nofp/libgcc.a(unwind-arm.o)
                0x00000000080030a0                _Unwind_VRS_Set
 .text._Unwind_SetGR
                0x00000000080030ca       0x18 /usr/lib/gcc/arm-none-eabi/8.3.0/thumb/v7-m/nofp/libgcc.a(unwind-arm.o)
 .text.__gnu_Unwind_Backtrace
                0x00000000080030e2       0x6c /usr/lib/gcc/arm-none-eabi/8.3.0/thumb/v7-m/nofp/libgcc.a(unwind-arm.o)
                0x00000000080030e2                __gnu_Unwind_Backtrace
 *fill*         0x000000000800314e        0x2 
 .text.__gnu_unwind_pr_common
                0x0000000008003150      0x240 /usr/lib/gcc/arm-none-eabi/8.3.0/thumb/v7-m/nofp/libgcc.a(unwind-arm.o)
 .text.__aeabi_unwind_cpp_pr0
                0x0000000008003390        0x6 /usr/lib/gcc/arm-none-eabi/8.3.0/thumb/v7-m/nofp/libgcc.a(unwind-arm.o)
                0x0000000008003390                __aeabi_unwind_cpp_pr0
 .text.__aeabi_unwind_cpp_pr1
                0x0000000008003396        0x6 /usr/lib/gcc/arm-none-eabi/8.3.0/thumb/v7-m/nofp/libgcc.a(unwind-arm.o)
                0x0000000008003396                __aeabi_unwind_cpp_pr1
 .text.__aeabi_unwind_cpp_pr2
                0x000000000800339c        0x6 /usr/lib/gcc/arm-none-eabi/8.3.0/thumb/v7-m/nofp/libgcc.a(unwind-arm.o)
                0x000000000800339c                __aeabi_unwind_cpp_pr2
 .text._Unwind_VRS_Pop
                0x00000000080033a2      0x23a /usr/lib/gcc/arm-none-eabi/8.3.0/thumb/v7-m/nofp/libgcc.a(unwind-arm.o)
                0x00000000080033a2                _Unwind_VRS_Pop
 .text.next_unwind_byte
                0x00000000080035dc       0x2e /usr/lib/gcc/arm-none-eabi/8.3.0/thumb/v7-m/nofp/libgcc.a(pr-support.o)
 .text._Unwind_GetGR.constprop.0
                0x000000000800360a       0x18 /usr/lib/gcc/arm-none-eabi/8.3.0/thumb/v7-m/nofp/libgcc.a(pr-support.o)
 .text.unwind_UCB_from_context
                0x0000000008003622        0x4 /usr/lib/gcc/arm-none-eabi/8.3.0/thumb/v7-m/nofp/libgcc.a(pr-support.o)
 .text.__gnu_unwind_execute
                0x0000000008003626      0x23e /usr/lib/gcc/arm-none-eabi/8.3.0/thumb/v7-m/nofp/libgcc.a(pr-support.o)
                0x0000000008003626                __gnu_unwind_execute
 .text.__gnu_unwind_frame
                0x0000000008003864       0x2a /usr/lib/gcc/arm-none-eabi/8.3.0/thumb/v7-m/nofp/libgcc.a(pr-support.o)
                0x0000000008003864                __gnu_unwind_frame
 .text._Unwind_GetRegionStart
                0x000000000800388e        0xa /usr/lib/gcc/arm-none-eabi/8.3.0/thumb/v7-m/nofp/libgcc.a(pr-support.o)
                0x000000000800388e                _Unwind_GetRegionStart
 .text._Unwind_GetLanguageSpecificData
                0x0000000008003898       0x12 /usr/lib/gcc/arm-none-eabi/8.3.0/thumb/v7-m/nofp/libgcc.a(pr-support.o)
                0x0000000008003898                _Unwind_GetLanguageSpecificData
 .text.unlikely._Unwind_GetDataRelBase
                0x00000000080038aa        0x6 /usr/lib/gcc/arm-none-eabi/8.3.0/thumb/v7-m/nofp/libgcc.a(pr-support.o)
                0x00000000080038aa                _Unwind_GetDataRelBase
 .text.unlikely._Unwind_GetTextRelBase
                0x00000000080038b0        0x6 /usr/lib/gcc/arm-none-eabi/8.3.0/thumb/v7-m/nofp/libgcc.a(pr-support.o)
                0x00000000080038b0                _Unwind_GetTextRelBase
 .text.abort    0x00000000080038b6        0xe /usr/lib/gcc/arm-none-eabi/8.3.0/../../../../arm-none-eabi/lib/thumb/v7-m/nofp/libg_nano.a(lib_a-abort.o)
                0x00000000080038b6                abort
 .text.__errno  0x00000000080038c4        0xc /usr/lib/gcc/arm-none-eabi/8.3.0/../../../../arm-none-eabi/lib/thumb/v7-m/nofp/libg_nano.a(lib_a-errno.o)
                0x00000000080038c4                __errno
 .text.__libc_init_array
                0x00000000080038d0       0x48 /usr/lib/gcc/arm-none-eabi/8.3.0/../../../../arm-none-eabi/lib/thumb/v7-m/nofp/libg_nano.a(lib_a-init.o)
                0x00000000080038d0                __libc_init_array
 .text.malloc   0x0000000008003918       0x10 /usr/lib/gcc/arm-none-eabi/8.3.0/../../../../arm-none-eabi/lib/thumb/v7-m/nofp/libg_nano.a(lib_a-malloc.o)
                0x0000000008003918                malloc
 .text.free     0x0000000008003928       0x10 /usr/lib/gcc/arm-none-eabi/8.3.0/../../../../arm-none-eabi/lib/thumb/v7-m/nofp/libg_nano.a(lib_a-malloc.o)
                0x0000000008003928                free
 .text.memchr   0x0000000008003938       0x1c /usr/lib/gcc/arm-none-eabi/8.3.0/../../../../arm-none-eabi/lib/thumb/v7-m/nofp/libg_nano.a(lib_a-memchr-stub.o)
                0x0000000008003938                memchr
 .text.memcpy   0x0000000008003954       0x1c /usr/lib/gcc/arm-none-eabi/8.3.0/../../../../arm-none-eabi/lib/thumb/v7-m/nofp/libg_nano.a(lib_a-memcpy-stub.o)
                0x0000000008003954                memcpy
 .text.memmove  0x0000000008003970       0x34 /usr/lib/gcc/arm-none-eabi/8.3.0/../../../../arm-none-eabi/lib/thumb/v7-m/nofp/libg_nano.a(lib_a-memmove.o)
                0x0000000008003970                memmove
 .text.memset   0x00000000080039a4       0x10 /usr/lib/gcc/arm-none-eabi/8.3.0/../../../../arm-none-eabi/lib/thumb/v7-m/nofp/libg_nano.a(lib_a-memset.o)
                0x00000000080039a4                memset
 .text._free_r  0x00000000080039b4       0x98 /usr/lib/gcc/arm-none-eabi/8.3.0/../../../../arm-none-eabi/lib/thumb/v7-m/nofp/libg_nano.a(lib_a-nano-freer.o)
                0x00000000080039b4                _free_r
 .text._malloc_r
                0x0000000008003a4c       0xb4 /usr/lib/gcc/arm-none-eabi/8.3.0/../../../../arm-none-eabi/lib/thumb/v7-m/nofp/libg_nano.a(lib_a-nano-mallocr.o)
                0x0000000008003a4c                _malloc_r
 .text._sbrk_r  0x0000000008003b00       0x20 /usr/lib/gcc/arm-none-eabi/8.3.0/../../../../arm-none-eabi/lib/thumb/v7-m/nofp/libg_nano.a(lib_a-sbrkr.o)
                0x0000000008003b00                _sbrk_r
 .text._raise_r
                0x0000000008003b20       0x50 /usr/lib/gcc/arm-none-eabi/8.3.0/../../../../arm-none-eabi/lib/thumb/v7-m/nofp/libg_nano.a(lib_a-signal.o)
                0x0000000008003b20                _raise_r
 .text.raise    0x0000000008003b70       0x10 /usr/lib/gcc/arm-none-eabi/8.3.0/../../../../arm-none-eabi/lib/thumb/v7-m/nofp/libg_nano.a(lib_a-signal.o)
                0x0000000008003b70                raise
 .text._kill_r  0x0000000008003b80       0x24 /usr/lib/gcc/arm-none-eabi/8.3.0/../../../../arm-none-eabi/lib/thumb/v7-m/nofp/libg_nano.a(lib_a-signalr.o)
                0x0000000008003b80                _kill_r
 .text._getpid_r
                0x0000000008003ba4        0x4 /usr/lib/gcc/arm-none-eabi/8.3.0/../../../../arm-none-eabi/lib/thumb/v7-m/nofp/libg_nano.a(lib_a-signalr.o)
                0x0000000008003ba4                _getpid_r
 .text.sscanf   0x0000000008003ba8       0x54 /usr/lib/gcc/arm-none-eabi/8.3.0/../../../../arm-none-eabi/lib/thumb/v7-m/nofp/libg_nano.a(lib_a-sscanf.o)
                0x0000000008003ba8                sscanf
                0x0000000008003ba8                siscanf
 .text.__seofread
                0x0000000008003bfc        0x4 /usr/lib/gcc/arm-none-eabi/8.3.0/../../../../arm-none-eabi/lib/thumb/v7-m/nofp/libg_nano.a(lib_a-stdio.o)
                0x0000000008003bfc                __seofread
 .text.__malloc_lock
                0x0000000008003c00        0x2 /usr/lib/gcc/arm-none-eabi/8.3.0/../../../../arm-none-eabi/lib/thumb/v7-m/nofp/libg_nano.a(lib_a-mlock.o)
                0x0000000008003c00                __malloc_lock
 .text.__malloc_unlock
                0x0000000008003c02        0x2 /usr/lib/gcc/arm-none-eabi/8.3.0/../../../../arm-none-eabi/lib/thumb/v7-m/nofp/libg_nano.a(lib_a-mlock.o)
                0x0000000008003c02                __malloc_unlock
 .text._sungetc_r
                0x0000000008003c04       0x7a /usr/lib/gcc/arm-none-eabi/8.3.0/../../../../arm-none-eabi/lib/thumb/v7-m/nofp/libg_nano.a(lib_a-nano-svfscanf.o)
                0x0000000008003c04                _sungetc_r
 .text.__ssrefill_r
                0x0000000008003c7e       0x3a /usr/lib/gcc/arm-none-eabi/8.3.0/../../../../arm-none-eabi/lib/thumb/v7-m/nofp/libg_nano.a(lib_a-nano-svfscanf.o)
                0x0000000008003c7e                __ssrefill_r
 .text.__ssvfscanf_r
                0x0000000008003cb8      0x290 /usr/lib/gcc/arm-none-eabi/8.3.0/../../../../arm-none-eabi/lib/thumb/v7-m/nofp/libg_nano.a(lib_a-nano-svfscanf.o)
                0x0000000008003cb8                __ssvfscanf_r
                0x0000000008003cb8                __ssvfiscanf_r
 .text._scanf_chars
                0x0000000008003f48       0xb0 /usr/lib/gcc/arm-none-eabi/8.3.0/../../../../arm-none-eabi/lib/thumb/v7-m/nofp/libg_nano.a(lib_a-nano-vfscanf_i.o)
                0x0000000008003f48                _scanf_chars
 .text._scanf_i
                0x0000000008003ff8      0x1e4 /usr/lib/gcc/arm-none-eabi/8.3.0/../../../../arm-none-eabi/lib/thumb/v7-m/nofp/libg_nano.a(lib_a-nano-vfscanf_i.o)
                0x0000000008003ff8                _scanf_i
 .text.__sccl   0x00000000080041dc       0x62 /usr/lib/gcc/arm-none-eabi/8.3.0/../../../../arm-none-eabi/lib/thumb/v7-m/nofp/libg_nano.a(lib_a-sccl.o)
                0x00000000080041dc                __sccl
 *fill*         0x000000000800423e        0x2 
 .text._strtol_l.isra.0
                0x0000000008004240       0xf0 /usr/lib/gcc/arm-none-eabi/8.3.0/../../../../arm-none-eabi/lib/thumb/v7-m/nofp/libg_nano.a(lib_a-strtol.o)
 .text._strtol_r
                0x0000000008004330        0x4 /usr/lib/gcc/arm-none-eabi/8.3.0/../../../../arm-none-eabi/lib/thumb/v7-m/nofp/libg_nano.a(lib_a-strtol.o)
                0x0000000008004330                _strtol_r
 .text._strtoul_l.isra.0
                0x0000000008004334       0xec /usr/lib/gcc/arm-none-eabi/8.3.0/../../../../arm-none-eabi/lib/thumb/v7-m/nofp/libg_nano.a(lib_a-strtoul.o)
 .text._strtoul_r
                0x0000000008004420        0x4 /usr/lib/gcc/arm-none-eabi/8.3.0/../../../../arm-none-eabi/lib/thumb/v7-m/nofp/libg_nano.a(lib_a-strtoul.o)
                0x0000000008004420                _strtoul_r
 .text.__submore
                0x0000000008004424       0x70 /usr/lib/gcc/arm-none-eabi/8.3.0/../../../../arm-none-eabi/lib/thumb/v7-m/nofp/libg_nano.a(lib_a-ungetc.o)
                0x0000000008004424                __submore
 .text._realloc_r
                0x0000000008004494       0x4c /usr/lib/gcc/arm-none-eabi/8.3.0/../../../../arm-none-eabi/lib/thumb/v7-m/nofp/libg_nano.a(lib_a-nano-reallocr.o)
                0x0000000008004494                _realloc_r
 .text._malloc_usable_size_r
                0x00000000080044e0       0x10 /usr/lib/gcc/arm-none-eabi/8.3.0/../../../../arm-none-eabi/lib/thumb/v7-m/nofp/libg_nano.a(lib_a-nano-msizer.o)
                0x00000000080044e0                _malloc_usable_size_r
 *(.glue_7)
 .glue_7        0x00000000080044f0        0x0 linker stubs
 *(.glue_7t)
 .glue_7t       0x00000000080044f0        0x0 linker stubs
 *(.eh_frame)
 .eh_frame      0x00000000080044f0        0x0 /usr/lib/gcc/arm-none-eabi/8.3.0/thumb/v7-m/nofp/crtbegin.o
 *(.init)
 .init          0x00000000080044f0        0x4 /usr/lib/gcc/arm-none-eabi/8.3.0/thumb/v7-m/nofp/crti.o
                0x00000000080044f0                _init
 .init          0x00000000080044f4        0x8 /usr/lib/gcc/arm-none-eabi/8.3.0/thumb/v7-m/nofp/crtn.o
 *(.fini)
 .fini          0x00000000080044fc        0x4 /usr/lib/gcc/arm-none-eabi/8.3.0/thumb/v7-m/nofp/crti.o
                0x00000000080044fc                _fini
 .fini          0x0000000008004500        0x8 /usr/lib/gcc/arm-none-eabi/8.3.0/thumb/v7-m/nofp/crtn.o
                0x0000000008004508                . = ALIGN (0x4)
                0x0000000008004508                _etext = .

.vfp11_veneer   0x0000000008004508        0x0
 .vfp11_veneer  0x0000000008004508        0x0 linker stubs

.v4_bx          0x0000000008004508        0x0
 .v4_bx         0x0000000008004508        0x0 linker stubs

.iplt           0x0000000008004508        0x0
 .iplt          0x0000000008004508        0x0 /usr/lib/gcc/arm-none-eabi/8.3.0/thumb/v7-m/nofp/crtbegin.o

.rodata         0x0000000008004508      0x504
                0x0000000008004508                . = ALIGN (0x4)
 *(.rodata)
 .rodata        0x0000000008004508       0x10 CMakeFiles/stm32Cheap.elf.dir/Drivers/STM32F1xx_HAL_Driver/Src/stm32f1xx_hal_rcc.c.obj
 .rodata        0x0000000008004518        0xc /usr/lib/gcc/arm-none-eabi/8.3.0/../../../../arm-none-eabi/lib/thumb/v7-m/nofp/libg_nano.a(lib_a-nano-vfscanf_i.o)
 *(.rodata*)
 .rodata._ZTI9GPIOGuard
                0x0000000008004524        0x8 CMakeFiles/stm32Cheap.elf.dir/Src/GPIOGuard.cpp.obj
                0x0000000008004524                typeinfo for GPIOGuard
 .rodata._ZTS9GPIOGuard
                0x000000000800452c        0xb CMakeFiles/stm32Cheap.elf.dir/Src/GPIOGuard.cpp.obj
                0x000000000800452c                typeinfo name for GPIOGuard
 *fill*         0x0000000008004537        0x1 
 .rodata._ZTV9GPIOGuard
                0x0000000008004538       0x10 CMakeFiles/stm32Cheap.elf.dir/Src/GPIOGuard.cpp.obj
                0x0000000008004538                vtable for GPIOGuard
 .rodata._ZN11W5500Config10loadIpInfoEv.str1.4
                0x0000000008004548       0x26 CMakeFiles/stm32Cheap.elf.dir/Src/W5500Config.cpp.obj
 *fill*         0x000000000800456e        0x2 
 .rodata._ZN11W5500Config14loadMacAddressB5cxx11Ev.str1.4
                0x0000000008004570       0x12 CMakeFiles/stm32Cheap.elf.dir/Src/W5500Config.cpp.obj
 *fill*         0x0000000008004582        0x2 
 .rodata._ZN12W5500Manager7reStartEv.str1.4
                0x0000000008004584       0x12 CMakeFiles/stm32Cheap.elf.dir/Src/W5500Manager.cpp.obj
 *fill*         0x0000000008004596        0x2 
 .rodata._ZN12W5500Manager9setIpInfoERK6IpInfo.str1.4
                0x0000000008004598        0xc CMakeFiles/stm32Cheap.elf.dir/Src/W5500Manager.cpp.obj
 .rodata._ZTSSt11_Mutex_baseILN9__gnu_cxx12_Lock_policyE0EE
                0x00000000080045a4       0x2f CMakeFiles/stm32Cheap.elf.dir/Src/WOLManager.cpp.obj
                0x00000000080045a4                typeinfo name for std::_Mutex_base<(__gnu_cxx::_Lock_policy)0>
 *fill*         0x00000000080045d3        0x1 
 .rodata._ZTISt11_Mutex_baseILN9__gnu_cxx12_Lock_policyE0EE
                0x00000000080045d4        0x8 CMakeFiles/stm32Cheap.elf.dir/Src/WOLManager.cpp.obj
                0x00000000080045d4                typeinfo for std::_Mutex_base<(__gnu_cxx::_Lock_policy)0>
 .rodata._ZTSSt19_Sp_make_shared_tag
                0x00000000080045dc       0x18 CMakeFiles/stm32Cheap.elf.dir/Src/WOLManager.cpp.obj
                0x00000000080045dc                typeinfo name for std::_Sp_make_shared_tag
 .rodata._ZTISt19_Sp_make_shared_tag
                0x00000000080045f4        0x8 CMakeFiles/stm32Cheap.elf.dir/Src/WOLManager.cpp.obj
                0x00000000080045f4                typeinfo for std::_Sp_make_shared_tag
 .rodata._ZTSSt16_Sp_counted_baseILN9__gnu_cxx12_Lock_policyE0EE
                0x00000000080045fc       0x34 CMakeFiles/stm32Cheap.elf.dir/Src/WOLManager.cpp.obj
                0x00000000080045fc                typeinfo name for std::_Sp_counted_base<(__gnu_cxx::_Lock_policy)0>
 .rodata._ZTISt16_Sp_counted_baseILN9__gnu_cxx12_Lock_policyE0EE
                0x0000000008004630        0xc CMakeFiles/stm32Cheap.elf.dir/Src/WOLManager.cpp.obj
                0x0000000008004630                typeinfo for std::_Sp_counted_base<(__gnu_cxx::_Lock_policy)0>
 .rodata._ZTSSt23_Sp_counted_ptr_inplaceI12W5500ManagerSaIS0_ELN9__gnu_cxx12_Lock_policyE0EE
                0x000000000800463c       0x50 CMakeFiles/stm32Cheap.elf.dir/Src/WOLManager.cpp.obj
                0x000000000800463c                typeinfo name for std::_Sp_counted_ptr_inplace<W5500Manager, std::allocator<W5500Manager>, (__gnu_cxx::_Lock_policy)0>
 .rodata._ZTISt23_Sp_counted_ptr_inplaceI12W5500ManagerSaIS0_ELN9__gnu_cxx12_Lock_policyE0EE
                0x000000000800468c        0xc CMakeFiles/stm32Cheap.elf.dir/Src/WOLManager.cpp.obj
                0x000000000800468c                typeinfo for std::_Sp_counted_ptr_inplace<W5500Manager, std::allocator<W5500Manager>, (__gnu_cxx::_Lock_policy)0>
 .rodata._ZTVSt23_Sp_counted_ptr_inplaceI12W5500ManagerSaIS0_ELN9__gnu_cxx12_Lock_policyE0EE
                0x0000000008004698       0x1c CMakeFiles/stm32Cheap.elf.dir/Src/WOLManager.cpp.obj
                0x0000000008004698                vtable for std::_Sp_counted_ptr_inplace<W5500Manager, std::allocator<W5500Manager>, (__gnu_cxx::_Lock_policy)0>
 .rodata._ZZNSt19_Sp_make_shared_tag5_S_tiEvE5__tag
                0x00000000080046b4        0x8 CMakeFiles/stm32Cheap.elf.dir/Src/WOLManager.cpp.obj
                0x00000000080046b4                std::_Sp_make_shared_tag::_S_ti()::__tag
 .rodata._ZN10WOLManager3RunEv.str1.4
                0x00000000080046bc       0x10 CMakeFiles/stm32Cheap.elf.dir/Src/WOLManager.cpp.obj
                                          0xd (size before relaxing)
 .rodata.AHBPrescTable
                0x00000000080046cc       0x10 CMakeFiles/stm32Cheap.elf.dir/Src/system_stm32f1xx.c.obj
                0x00000000080046cc                AHBPrescTable
 .rodata._ZTIN10__cxxabiv117__class_type_infoE
                0x00000000080046dc        0xc /usr/lib/gcc/arm-none-eabi/8.3.0/../../../../arm-none-eabi/lib/thumb/v7-m/nofp/libstdc++_nano.a(class_type_info.o)
                0x00000000080046dc                typeinfo for __cxxabiv1::__class_type_info
 .rodata._ZTSN10__cxxabiv117__class_type_infoE
                0x00000000080046e8       0x22 /usr/lib/gcc/arm-none-eabi/8.3.0/../../../../arm-none-eabi/lib/thumb/v7-m/nofp/libstdc++_nano.a(class_type_info.o)
                0x00000000080046e8                typeinfo name for __cxxabiv1::__class_type_info
 *fill*         0x000000000800470a        0x2 
 .rodata._ZTVN10__cxxabiv117__class_type_infoE
                0x000000000800470c       0x2c /usr/lib/gcc/arm-none-eabi/8.3.0/../../../../arm-none-eabi/lib/thumb/v7-m/nofp/libstdc++_nano.a(class_type_info.o)
                0x000000000800470c                vtable for __cxxabiv1::__class_type_info
 .rodata._ZTIN10__cxxabiv120__si_class_type_infoE
                0x0000000008004738        0xc /usr/lib/gcc/arm-none-eabi/8.3.0/../../../../arm-none-eabi/lib/thumb/v7-m/nofp/libstdc++_nano.a(si_class_type_info.o)
                0x0000000008004738                typeinfo for __cxxabiv1::__si_class_type_info
 .rodata._ZTSN10__cxxabiv120__si_class_type_infoE
                0x0000000008004744       0x25 /usr/lib/gcc/arm-none-eabi/8.3.0/../../../../arm-none-eabi/lib/thumb/v7-m/nofp/libstdc++_nano.a(si_class_type_info.o)
                0x0000000008004744                typeinfo name for __cxxabiv1::__si_class_type_info
 *fill*         0x0000000008004769        0x3 
 .rodata._ZTVN10__cxxabiv120__si_class_type_infoE
                0x000000000800476c       0x2c /usr/lib/gcc/arm-none-eabi/8.3.0/../../../../arm-none-eabi/lib/thumb/v7-m/nofp/libstdc++_nano.a(si_class_type_info.o)
                0x000000000800476c                vtable for __cxxabiv1::__si_class_type_info
 .rodata._ZTIN10__cxxabiv115__forced_unwindE
                0x0000000008004798        0x8 /usr/lib/gcc/arm-none-eabi/8.3.0/../../../../arm-none-eabi/lib/thumb/v7-m/nofp/libstdc++_nano.a(eh_exception.o)
                0x0000000008004798                typeinfo for __cxxabiv1::__forced_unwind
 .rodata._ZTIN10__cxxabiv119__foreign_exceptionE
                0x00000000080047a0        0x8 /usr/lib/gcc/arm-none-eabi/8.3.0/../../../../arm-none-eabi/lib/thumb/v7-m/nofp/libstdc++_nano.a(eh_exception.o)
                0x00000000080047a0                typeinfo for __cxxabiv1::__foreign_exception
 .rodata._ZTISt9exception
                0x00000000080047a8        0x8 /usr/lib/gcc/arm-none-eabi/8.3.0/../../../../arm-none-eabi/lib/thumb/v7-m/nofp/libstdc++_nano.a(eh_exception.o)
                0x00000000080047a8                typeinfo for std::exception
 .rodata._ZTSN10__cxxabiv115__forced_unwindE
                0x00000000080047b0       0x20 /usr/lib/gcc/arm-none-eabi/8.3.0/../../../../arm-none-eabi/lib/thumb/v7-m/nofp/libstdc++_nano.a(eh_exception.o)
                0x00000000080047b0                typeinfo name for __cxxabiv1::__forced_unwind
 .rodata._ZTSN10__cxxabiv119__foreign_exceptionE
                0x00000000080047d0       0x24 /usr/lib/gcc/arm-none-eabi/8.3.0/../../../../arm-none-eabi/lib/thumb/v7-m/nofp/libstdc++_nano.a(eh_exception.o)
                0x00000000080047d0                typeinfo name for __cxxabiv1::__foreign_exception
 .rodata._ZTSSt9exception
                0x00000000080047f4        0xd /usr/lib/gcc/arm-none-eabi/8.3.0/../../../../arm-none-eabi/lib/thumb/v7-m/nofp/libstdc++_nano.a(eh_exception.o)
                0x00000000080047f4                typeinfo name for std::exception
 *fill*         0x0000000008004801        0x3 
 .rodata._ZTISt9type_info
                0x0000000008004804        0x8 /usr/lib/gcc/arm-none-eabi/8.3.0/../../../../arm-none-eabi/lib/thumb/v7-m/nofp/libstdc++_nano.a(tinfo.o)
                0x0000000008004804                typeinfo for std::type_info
 .rodata._ZTSSt9type_info
                0x000000000800480c        0xd /usr/lib/gcc/arm-none-eabi/8.3.0/../../../../arm-none-eabi/lib/thumb/v7-m/nofp/libstdc++_nano.a(tinfo.o)
                0x000000000800480c                typeinfo name for std::type_info
 .rodata._ZNSt7__cxx1112basic_stringIcSt11char_traitsIcESaIcEE10_M_replaceEjjPKcj.str1.1
                0x0000000008004819       0x19 /usr/lib/gcc/arm-none-eabi/8.3.0/../../../../arm-none-eabi/lib/thumb/v7-m/nofp/libstdc++_nano.a(string-inst.o)
 .rodata._ZNSt7__cxx1112basic_stringIcSt11char_traitsIcESaIcEE9_M_createERjj.str1.1
                0x0000000008004832       0x18 /usr/lib/gcc/arm-none-eabi/8.3.0/../../../../arm-none-eabi/lib/thumb/v7-m/nofp/libstdc++_nano.a(string-inst.o)
 .rodata._ZNKSt12bad_weak_ptr4whatEv.str1.1
                0x000000000800484a        0xd /usr/lib/gcc/arm-none-eabi/8.3.0/../../../../arm-none-eabi/lib/thumb/v7-m/nofp/libstdc++_nano.a(shared_ptr.o)
 *fill*         0x0000000008004857        0x1 
 .rodata._ZTISt12bad_weak_ptr
                0x0000000008004858        0xc /usr/lib/gcc/arm-none-eabi/8.3.0/../../../../arm-none-eabi/lib/thumb/v7-m/nofp/libstdc++_nano.a(shared_ptr.o)
                0x0000000008004858                typeinfo for std::bad_weak_ptr
 .rodata._ZTSSt12bad_weak_ptr
                0x0000000008004864       0x11 /usr/lib/gcc/arm-none-eabi/8.3.0/../../../../arm-none-eabi/lib/thumb/v7-m/nofp/libstdc++_nano.a(shared_ptr.o)
                0x0000000008004864                typeinfo name for std::bad_weak_ptr
 *fill*         0x0000000008004875        0x3 
 .rodata._ZTVSt12bad_weak_ptr
                0x0000000008004878       0x14 /usr/lib/gcc/arm-none-eabi/8.3.0/../../../../arm-none-eabi/lib/thumb/v7-m/nofp/libstdc++_nano.a(shared_ptr.o)
                0x0000000008004878                vtable for std::bad_weak_ptr
 .rodata.__ssvfscanf_r.str1.1
                0x000000000800488c        0x4 /usr/lib/gcc/arm-none-eabi/8.3.0/../../../../arm-none-eabi/lib/thumb/v7-m/nofp/libg_nano.a(lib_a-nano-svfscanf.o)
 .rodata._scanf_i.str1.1
                0x0000000008004890       0x12 /usr/lib/gcc/arm-none-eabi/8.3.0/../../../../arm-none-eabi/lib/thumb/v7-m/nofp/libg_nano.a(lib_a-nano-vfscanf_i.o)
 .rodata.str1.1
                0x00000000080048a2        0x9 /usr/lib/gcc/arm-none-eabi/8.3.0/../../../../arm-none-eabi/lib/thumb/v7-m/nofp/libg_nano.a(lib_a-nano-vfscanf_i.o)
 .rodata._ctype_
                0x00000000080048ab      0x101 /usr/lib/gcc/arm-none-eabi/8.3.0/../../../../arm-none-eabi/lib/thumb/v7-m/nofp/libg_nano.a(lib_a-ctype_.o)
                0x00000000080048ab                _ctype_
 .rodata.__sf_fake_stderr
                0x00000000080049ac       0x20 /usr/lib/gcc/arm-none-eabi/8.3.0/../../../../arm-none-eabi/lib/thumb/v7-m/nofp/libg_nano.a(lib_a-findfp.o)
                0x00000000080049ac                __sf_fake_stderr
 .rodata.__sf_fake_stdin
                0x00000000080049cc       0x20 /usr/lib/gcc/arm-none-eabi/8.3.0/../../../../arm-none-eabi/lib/thumb/v7-m/nofp/libg_nano.a(lib_a-findfp.o)
                0x00000000080049cc                __sf_fake_stdin
 .rodata.__sf_fake_stdout
                0x00000000080049ec       0x20 /usr/lib/gcc/arm-none-eabi/8.3.0/../../../../arm-none-eabi/lib/thumb/v7-m/nofp/libg_nano.a(lib_a-findfp.o)
                0x00000000080049ec                __sf_fake_stdout
                0x0000000008004a0c                . = ALIGN (0x4)

.ARM.extab      0x0000000008004a0c      0x108
 *(.ARM.extab* .gnu.linkonce.armextab.*)
 .ARM.extab.text._ZN9GPIOGuardD2Ev
                0x0000000008004a0c        0xc CMakeFiles/stm32Cheap.elf.dir/Src/GPIOGuard.cpp.obj
 .ARM.extab.text._ZN9GPIOGuardD0Ev
                0x0000000008004a18        0xc CMakeFiles/stm32Cheap.elf.dir/Src/GPIOGuard.cpp.obj
 .ARM.extab.text._ZN11W5500Config10loadIpInfoEv
                0x0000000008004a24       0x14 CMakeFiles/stm32Cheap.elf.dir/Src/W5500Config.cpp.obj
 .ARM.extab.text._ZNSt15_Sp_counted_ptrIDnLN9__gnu_cxx12_Lock_policyE0EE10_M_disposeEv
                0x0000000008004a38        0x0 CMakeFiles/stm32Cheap.elf.dir/Src/W5500Manager.cpp.obj
 .ARM.extab.text._ZNSt16_Sp_counted_baseILN9__gnu_cxx12_Lock_policyE0EE10_M_destroyEv
                0x0000000008004a38        0x0 CMakeFiles/stm32Cheap.elf.dir/Src/W5500Manager.cpp.obj
 .ARM.extab.text._ZSt20__throw_bad_weak_ptrv
                0x0000000008004a38        0xc CMakeFiles/stm32Cheap.elf.dir/Src/W5500Manager.cpp.obj
 .ARM.extab.text._ZN12W5500Manager9newSocketENSt7__cxx1112basic_stringIcSt11char_traitsIcESaIcEEEt10SocketType
                0x0000000008004a44       0x21 CMakeFiles/stm32Cheap.elf.dir/Src/W5500Manager.cpp.obj
 *fill*         0x0000000008004a65        0x3 
 .ARM.extab.text._ZN12W5500Manager16WriteSPIRegisterEsPhim.constprop.11
                0x0000000008004a68       0x19 CMakeFiles/stm32Cheap.elf.dir/Src/W5500Manager.cpp.obj
 *fill*         0x0000000008004a81        0x3 
 .ARM.extab.text._ZN12W5500Manager7reStartEv
                0x0000000008004a84       0x24 CMakeFiles/stm32Cheap.elf.dir/Src/W5500Manager.cpp.obj
 .ARM.extab.text.RunCode
                0x0000000008004aa8       0x1a CMakeFiles/stm32Cheap.elf.dir/Src/WOLInterface.cpp.obj
 .ARM.extab.text._ZNSt23_Sp_counted_ptr_inplaceI12W5500ManagerSaIS0_ELN9__gnu_cxx12_Lock_policyE0EED2Ev
                0x0000000008004ac2        0x0 CMakeFiles/stm32Cheap.elf.dir/Src/WOLManager.cpp.obj
 .ARM.extab.text._ZNSt23_Sp_counted_ptr_inplaceI12W5500ManagerSaIS0_ELN9__gnu_cxx12_Lock_policyE0EE14_M_get_deleterERKSt9type_info
                0x0000000008004ac2        0x0 CMakeFiles/stm32Cheap.elf.dir/Src/WOLManager.cpp.obj
 .ARM.extab.text._ZNSt23_Sp_counted_ptr_inplaceI12W5500ManagerSaIS0_ELN9__gnu_cxx12_Lock_policyE0EED0Ev
                0x0000000008004ac2        0x0 CMakeFiles/stm32Cheap.elf.dir/Src/WOLManager.cpp.obj
 .ARM.extab.text._ZNSt23_Sp_counted_ptr_inplaceI12W5500ManagerSaIS0_ELN9__gnu_cxx12_Lock_policyE0EE10_M_destroyEv
                0x0000000008004ac2        0x0 CMakeFiles/stm32Cheap.elf.dir/Src/WOLManager.cpp.obj
 .ARM.extab.text._ZNSt23_Sp_counted_ptr_inplaceI12W5500ManagerSaIS0_ELN9__gnu_cxx12_Lock_policyE0EE10_M_disposeEv
                0x0000000008004ac2        0x0 CMakeFiles/stm32Cheap.elf.dir/Src/WOLManager.cpp.obj
 *fill*         0x0000000008004ac2        0x2 
 .ARM.extab.text._ZN10WOLManagerC2ERK15W5500DeviceInfoRK13LEDDeviceInfo
                0x0000000008004ac4       0x24 CMakeFiles/stm32Cheap.elf.dir/Src/WOLManager.cpp.obj
 .ARM.extab.text._ZN10WOLManager3RunEv
                0x0000000008004ae8       0x14 CMakeFiles/stm32Cheap.elf.dir/Src/WOLManager.cpp.obj
 .ARM.extab.text._Unwind_GetRegionStart
                0x0000000008004afc        0xc /usr/lib/gcc/arm-none-eabi/8.3.0/thumb/v7-m/nofp/libgcc.a(pr-support.o)
 .ARM.extab.text._Unwind_GetLanguageSpecificData
                0x0000000008004b08        0xc /usr/lib/gcc/arm-none-eabi/8.3.0/thumb/v7-m/nofp/libgcc.a(pr-support.o)

.ARM            0x0000000008004b14      0x138
                0x0000000008004b14                __exidx_start = .
 *(.ARM.exidx*)
 .ARM.exidx.text._ZN9GPIOGuardD2Ev
                0x0000000008004b14        0x8 CMakeFiles/stm32Cheap.elf.dir/Src/GPIOGuard.cpp.obj
 .ARM.exidx.text._ZN9GPIOGuardD0Ev
                0x0000000008004b1c        0x8 CMakeFiles/stm32Cheap.elf.dir/Src/GPIOGuard.cpp.obj
 .ARM.exidx.text._ZN9GPIOGuardC2ERK9GPIOInfo_
                0x0000000008004b24        0x8 CMakeFiles/stm32Cheap.elf.dir/Src/GPIOGuard.cpp.obj
 .ARM.exidx.text._ZN11W5500Config14loadMacAddressB5cxx11Ev
                0x0000000008004b2c        0x8 CMakeFiles/stm32Cheap.elf.dir/Src/W5500Config.cpp.obj
 .ARM.exidx.text._ZN11W5500Config10loadIpInfoEv
                0x0000000008004b34        0x8 CMakeFiles/stm32Cheap.elf.dir/Src/W5500Config.cpp.obj
 .ARM.exidx.text._ZN11W5500Config8isManualEv
                0x0000000008004b3c        0x8 CMakeFiles/stm32Cheap.elf.dir/Src/W5500Config.cpp.obj
 .ARM.exidx.text._ZNSt15_Sp_counted_ptrIDnLN9__gnu_cxx12_Lock_policyE0EE10_M_disposeEv
                0x0000000008004b44        0x0 CMakeFiles/stm32Cheap.elf.dir/Src/W5500Manager.cpp.obj
                                          0x8 (size before relaxing)
 .ARM.exidx.text._ZNSt16_Sp_counted_baseILN9__gnu_cxx12_Lock_policyE0EE10_M_destroyEv
                0x0000000008004b44        0x0 CMakeFiles/stm32Cheap.elf.dir/Src/W5500Manager.cpp.obj
                                          0x8 (size before relaxing)
 .ARM.exidx.text._ZSt20__throw_bad_weak_ptrv
                0x0000000008004b44        0x8 CMakeFiles/stm32Cheap.elf.dir/Src/W5500Manager.cpp.obj
 .ARM.exidx.text._ZN12W5500ManagerC2ERK15W5500DeviceInfoSt10unique_ptrI11W5500ConfigSt14default_deleteIS4_EE
                0x0000000008004b4c        0x8 CMakeFiles/stm32Cheap.elf.dir/Src/W5500Manager.cpp.obj
 .ARM.exidx.text._ZN12W5500Manager9newSocketENSt7__cxx1112basic_stringIcSt11char_traitsIcESaIcEEEt10SocketType
                0x0000000008004b54        0x8 CMakeFiles/stm32Cheap.elf.dir/Src/W5500Manager.cpp.obj
 .ARM.exidx.text._ZN12W5500Manager16WriteSPIRegisterEsPhim.constprop.11
                0x0000000008004b5c        0x8 CMakeFiles/stm32Cheap.elf.dir/Src/W5500Manager.cpp.obj
 .ARM.exidx.text._ZN12W5500Manager9setIpInfoERK6IpInfo
                0x0000000008004b64        0x8 CMakeFiles/stm32Cheap.elf.dir/Src/W5500Manager.cpp.obj
 .ARM.exidx.text._ZN12W5500Manager7reStartEv
                0x0000000008004b6c        0x8 CMakeFiles/stm32Cheap.elf.dir/Src/W5500Manager.cpp.obj
 .ARM.exidx.text._ZN11W5500SocketC2ESt8weak_ptrI12W5500ManagerERK10SocketInfo
                0x0000000008004b74        0x8 CMakeFiles/stm32Cheap.elf.dir/Src/W5500Socket.cpp.obj
 .ARM.exidx.text._ZN11W5500Socket8getStateEv
                0x0000000008004b7c        0x0 CMakeFiles/stm32Cheap.elf.dir/Src/W5500Socket.cpp.obj
                                          0x8 (size before relaxing)
 .ARM.exidx.text.RunCode
                0x0000000008004b7c        0x8 CMakeFiles/stm32Cheap.elf.dir/Src/WOLInterface.cpp.obj
 .ARM.exidx.text._ZNSt23_Sp_counted_ptr_inplaceI12W5500ManagerSaIS0_ELN9__gnu_cxx12_Lock_policyE0EED2Ev
                0x0000000008004b84        0x8 CMakeFiles/stm32Cheap.elf.dir/Src/WOLManager.cpp.obj
 .ARM.exidx.text._ZNSt23_Sp_counted_ptr_inplaceI12W5500ManagerSaIS0_ELN9__gnu_cxx12_Lock_policyE0EE14_M_get_deleterERKSt9type_info
                0x0000000008004b8c        0x0 CMakeFiles/stm32Cheap.elf.dir/Src/WOLManager.cpp.obj
                                          0x8 (size before relaxing)
 .ARM.exidx.text._ZNSt23_Sp_counted_ptr_inplaceI12W5500ManagerSaIS0_ELN9__gnu_cxx12_Lock_policyE0EED0Ev
                0x0000000008004b8c        0x0 CMakeFiles/stm32Cheap.elf.dir/Src/WOLManager.cpp.obj
                                          0x8 (size before relaxing)
 .ARM.exidx.text._ZNSt23_Sp_counted_ptr_inplaceI12W5500ManagerSaIS0_ELN9__gnu_cxx12_Lock_policyE0EE10_M_destroyEv
                0x0000000008004b8c        0x0 CMakeFiles/stm32Cheap.elf.dir/Src/WOLManager.cpp.obj
                                          0x8 (size before relaxing)
 .ARM.exidx.text._ZNSt23_Sp_counted_ptr_inplaceI12W5500ManagerSaIS0_ELN9__gnu_cxx12_Lock_policyE0EE10_M_disposeEv
                0x0000000008004b8c        0x0 CMakeFiles/stm32Cheap.elf.dir/Src/WOLManager.cpp.obj
                                          0x8 (size before relaxing)
 .ARM.exidx.text._ZN10WOLManagerC2ERK15W5500DeviceInfoRK13LEDDeviceInfo
                0x0000000008004b8c        0x8 CMakeFiles/stm32Cheap.elf.dir/Src/WOLManager.cpp.obj
 .ARM.exidx.text._ZN10WOLManager3RunEv
                0x0000000008004b94       0x10 CMakeFiles/stm32Cheap.elf.dir/Src/WOLManager.cpp.obj
                                          0x8 (size before relaxing)
 .ARM.exidx.text.selfrel_offset31
                0x0000000008004ba4        0x0 /usr/lib/gcc/arm-none-eabi/8.3.0/thumb/v7-m/nofp/libgcc.a(unwind-arm.o)
                                          0x8 (size before relaxing)
 .ARM.exidx.text.search_EIT_table
                0x0000000008004ba4        0x0 /usr/lib/gcc/arm-none-eabi/8.3.0/thumb/v7-m/nofp/libgcc.a(unwind-arm.o)
                                          0x8 (size before relaxing)
 .ARM.exidx.text.__gnu_unwind_get_pr_addr
                0x0000000008004ba4        0x0 /usr/lib/gcc/arm-none-eabi/8.3.0/thumb/v7-m/nofp/libgcc.a(unwind-arm.o)
                                          0x8 (size before relaxing)
 .ARM.exidx.text.get_eit_entry
                0x0000000008004ba4        0x8 /usr/lib/gcc/arm-none-eabi/8.3.0/thumb/v7-m/nofp/libgcc.a(unwind-arm.o)
 .ARM.exidx.text.restore_non_core_regs
                0x0000000008004bac        0x8 /usr/lib/gcc/arm-none-eabi/8.3.0/thumb/v7-m/nofp/libgcc.a(unwind-arm.o)
 .ARM.exidx.text._Unwind_decode_typeinfo_ptr.isra.0
                0x0000000008004bb4        0x8 /usr/lib/gcc/arm-none-eabi/8.3.0/thumb/v7-m/nofp/libgcc.a(unwind-arm.o)
 .ARM.exidx.text._Unwind_DebugHook
                0x0000000008004bbc        0x0 /usr/lib/gcc/arm-none-eabi/8.3.0/thumb/v7-m/nofp/libgcc.a(unwind-arm.o)
                                          0x8 (size before relaxing)
 .ARM.exidx.text.unwind_phase2
                0x0000000008004bbc        0x8 /usr/lib/gcc/arm-none-eabi/8.3.0/thumb/v7-m/nofp/libgcc.a(unwind-arm.o)
 .ARM.exidx.text.unwind_phase2_forced
                0x0000000008004bc4        0x8 /usr/lib/gcc/arm-none-eabi/8.3.0/thumb/v7-m/nofp/libgcc.a(unwind-arm.o)
 .ARM.exidx.text.__gnu_Unwind_RaiseException
                0x0000000008004bcc        0x8 /usr/lib/gcc/arm-none-eabi/8.3.0/thumb/v7-m/nofp/libgcc.a(unwind-arm.o)
 .ARM.exidx.text.__gnu_Unwind_ForcedUnwind
                0x0000000008004bd4        0x8 /usr/lib/gcc/arm-none-eabi/8.3.0/thumb/v7-m/nofp/libgcc.a(unwind-arm.o)
 .ARM.exidx.text.__gnu_Unwind_Resume
                0x0000000008004bdc        0x8 /usr/lib/gcc/arm-none-eabi/8.3.0/thumb/v7-m/nofp/libgcc.a(unwind-arm.o)
 .ARM.exidx.text.__gnu_Unwind_Resume_or_Rethrow
                0x0000000008004be4        0x8 /usr/lib/gcc/arm-none-eabi/8.3.0/thumb/v7-m/nofp/libgcc.a(unwind-arm.o)
 .ARM.exidx.text._Unwind_Complete
                0x0000000008004bec        0x0 /usr/lib/gcc/arm-none-eabi/8.3.0/thumb/v7-m/nofp/libgcc.a(unwind-arm.o)
                                          0x8 (size before relaxing)
 .ARM.exidx.text._Unwind_VRS_Get
                0x0000000008004bec        0x0 /usr/lib/gcc/arm-none-eabi/8.3.0/thumb/v7-m/nofp/libgcc.a(unwind-arm.o)
                                          0x8 (size before relaxing)
 .ARM.exidx.text._Unwind_GetGR
                0x0000000008004bec        0x0 /usr/lib/gcc/arm-none-eabi/8.3.0/thumb/v7-m/nofp/libgcc.a(unwind-arm.o)
                                          0x8 (size before relaxing)
 .ARM.exidx.text._Unwind_VRS_Set
                0x0000000008004bec        0x0 /usr/lib/gcc/arm-none-eabi/8.3.0/thumb/v7-m/nofp/libgcc.a(unwind-arm.o)
                                          0x8 (size before relaxing)
 .ARM.exidx.text._Unwind_SetGR
                0x0000000008004bec        0x0 /usr/lib/gcc/arm-none-eabi/8.3.0/thumb/v7-m/nofp/libgcc.a(unwind-arm.o)
                                          0x8 (size before relaxing)
 .ARM.exidx.text.__gnu_Unwind_Backtrace
                0x0000000008004bec        0x8 /usr/lib/gcc/arm-none-eabi/8.3.0/thumb/v7-m/nofp/libgcc.a(unwind-arm.o)
 .ARM.exidx.text.__gnu_unwind_pr_common
                0x0000000008004bf4        0x8 /usr/lib/gcc/arm-none-eabi/8.3.0/thumb/v7-m/nofp/libgcc.a(unwind-arm.o)
 .ARM.exidx.text.__aeabi_unwind_cpp_pr0
                0x0000000008004bfc        0x8 /usr/lib/gcc/arm-none-eabi/8.3.0/thumb/v7-m/nofp/libgcc.a(unwind-arm.o)
 .ARM.exidx.text.__aeabi_unwind_cpp_pr1
                0x0000000008004c04        0x0 /usr/lib/gcc/arm-none-eabi/8.3.0/thumb/v7-m/nofp/libgcc.a(unwind-arm.o)
                                          0x8 (size before relaxing)
 .ARM.exidx.text.__aeabi_unwind_cpp_pr2
                0x0000000008004c04        0x0 /usr/lib/gcc/arm-none-eabi/8.3.0/thumb/v7-m/nofp/libgcc.a(unwind-arm.o)
                                          0x8 (size before relaxing)
 .ARM.exidx.text._Unwind_VRS_Pop
                0x0000000008004c04        0x8 /usr/lib/gcc/arm-none-eabi/8.3.0/thumb/v7-m/nofp/libgcc.a(unwind-arm.o)
 .ARM.exidx.text.next_unwind_byte
                0x0000000008004c0c        0x8 /usr/lib/gcc/arm-none-eabi/8.3.0/thumb/v7-m/nofp/libgcc.a(pr-support.o)
 .ARM.exidx.text._Unwind_GetGR.constprop.0
                0x0000000008004c14        0x8 /usr/lib/gcc/arm-none-eabi/8.3.0/thumb/v7-m/nofp/libgcc.a(pr-support.o)
 .ARM.exidx.text.unwind_UCB_from_context
                0x0000000008004c1c        0x8 /usr/lib/gcc/arm-none-eabi/8.3.0/thumb/v7-m/nofp/libgcc.a(pr-support.o)
 .ARM.exidx.text.__gnu_unwind_execute
                0x0000000008004c24        0x8 /usr/lib/gcc/arm-none-eabi/8.3.0/thumb/v7-m/nofp/libgcc.a(pr-support.o)
 .ARM.exidx.text.__gnu_unwind_frame
                0x0000000008004c2c        0x8 /usr/lib/gcc/arm-none-eabi/8.3.0/thumb/v7-m/nofp/libgcc.a(pr-support.o)
 .ARM.exidx.text._Unwind_GetRegionStart
                0x0000000008004c34        0x8 /usr/lib/gcc/arm-none-eabi/8.3.0/thumb/v7-m/nofp/libgcc.a(pr-support.o)
 .ARM.exidx.text._Unwind_GetLanguageSpecificData
                0x0000000008004c3c        0x8 /usr/lib/gcc/arm-none-eabi/8.3.0/thumb/v7-m/nofp/libgcc.a(pr-support.o)
 .ARM.exidx.text.unlikely._Unwind_GetDataRelBase
                0x0000000008004c44        0x8 /usr/lib/gcc/arm-none-eabi/8.3.0/thumb/v7-m/nofp/libgcc.a(pr-support.o)
 .ARM.exidx.text.unlikely._Unwind_GetTextRelBase
                0x0000000008004c4c        0x0 /usr/lib/gcc/arm-none-eabi/8.3.0/thumb/v7-m/nofp/libgcc.a(pr-support.o)
                                          0x8 (size before relaxing)
                0x0000000008004c4c                __exidx_end = .

.rel.dyn        0x0000000008004c4c        0x0
 .rel.iplt      0x0000000008004c4c        0x0 /usr/lib/gcc/arm-none-eabi/8.3.0/thumb/v7-m/nofp/crtbegin.o

.preinit_array  0x0000000008004c4c        0x0
                0x0000000008004c4c                PROVIDE (__preinit_array_start = .)
 *(.preinit_array*)
                0x0000000008004c4c                PROVIDE (__preinit_array_end = .)

.init_array     0x0000000008004c4c        0x8
                0x0000000008004c4c                PROVIDE (__init_array_start = .)
 *(SORT_BY_NAME(.init_array.*))
 *(.init_array*)
 .init_array    0x0000000008004c4c        0x4 /usr/lib/gcc/arm-none-eabi/8.3.0/thumb/v7-m/nofp/crtbegin.o
 .init_array    0x0000000008004c50        0x4 /usr/lib/gcc/arm-none-eabi/8.3.0/../../../../arm-none-eabi/lib/thumb/v7-m/nofp/libstdc++_nano.a(eh_alloc.o)
                0x0000000008004c54                PROVIDE (__init_array_end = .)

.fini_array     0x0000000008004c54        0x4
                0x0000000008004c54                PROVIDE (__fini_array_start = .)
 *(SORT_BY_NAME(.fini_array.*))
 *(.fini_array*)
 .fini_array    0x0000000008004c54        0x4 /usr/lib/gcc/arm-none-eabi/8.3.0/thumb/v7-m/nofp/crtbegin.o
                0x0000000008004c58                PROVIDE (__fini_array_end = .)
                0x0000000008004c58                _sidata = LOADADDR (.data)

.data           0x0000000020000000       0x78 load address 0x0000000008004c58
                0x0000000020000000                . = ALIGN (0x4)
                0x0000000020000000                _sdata = .
 *(.data)
 *(.data*)
 .data.uwTickFreq
                0x0000000020000000        0x1 CMakeFiles/stm32Cheap.elf.dir/Drivers/STM32F1xx_HAL_Driver/Src/stm32f1xx_hal.c.obj
                0x0000000020000000                uwTickFreq
 *fill*         0x0000000020000001        0x3 
 .data.uwTickPrio
                0x0000000020000004        0x4 CMakeFiles/stm32Cheap.elf.dir/Drivers/STM32F1xx_HAL_Driver/Src/stm32f1xx_hal.c.obj
                0x0000000020000004                uwTickPrio
 .data.SystemCoreClock
                0x0000000020000008        0x4 CMakeFiles/stm32Cheap.elf.dir/Src/system_stm32f1xx.c.obj
                0x0000000020000008                SystemCoreClock
 .data._ZN10__cxxabiv120__unexpected_handlerE
                0x000000002000000c        0x4 /usr/lib/gcc/arm-none-eabi/8.3.0/../../../../arm-none-eabi/lib/thumb/v7-m/nofp/libstdc++_nano.a(eh_unex_handler.o)
                0x000000002000000c                __cxxabiv1::__unexpected_handler
 .data._ZN10__cxxabiv119__terminate_handlerE
                0x0000000020000010        0x4 /usr/lib/gcc/arm-none-eabi/8.3.0/../../../../arm-none-eabi/lib/thumb/v7-m/nofp/libstdc++_nano.a(eh_term_handler.o)
                0x0000000020000010                __cxxabiv1::__terminate_handler
 .data._impure_ptr
                0x0000000020000014        0x4 /usr/lib/gcc/arm-none-eabi/8.3.0/../../../../arm-none-eabi/lib/thumb/v7-m/nofp/libg_nano.a(lib_a-impure.o)
                0x0000000020000014                _impure_ptr
 .data.impure_data
                0x0000000020000018       0x60 /usr/lib/gcc/arm-none-eabi/8.3.0/../../../../arm-none-eabi/lib/thumb/v7-m/nofp/libg_nano.a(lib_a-impure.o)
                0x0000000020000078                . = ALIGN (0x4)
                0x0000000020000078                _edata = .

.igot.plt       0x0000000020000078        0x0 load address 0x0000000008004cd0
 .igot.plt      0x0000000020000078        0x0 /usr/lib/gcc/arm-none-eabi/8.3.0/thumb/v7-m/nofp/crtbegin.o
                0x0000000020000078                . = ALIGN (0x4)

.bss            0x0000000020000078       0xec load address 0x0000000008004cd0
                0x0000000020000078                _sbss = .
                0x0000000020000078                __bss_start__ = _sbss
 *(.bss)
 *(.bss*)
 .bss.completed.8859
                0x0000000020000078        0x1 /usr/lib/gcc/arm-none-eabi/8.3.0/thumb/v7-m/nofp/crtbegin.o
 *fill*         0x0000000020000079        0x3 
 .bss.object.8864